I/ActivityManager( 1866): Displayed activity com.google.android.gsf/.login.ChooseAccountActivity: 1905 ms (total 1905 ms)
D/Sensors ( 1866): Or not...
D/Sensors ( 1866): Or not...
D/dalvikvm( 1966): GC_FOR_MALLOC freed 3796 objects / 229584 bytes in 106ms
D/Sensors ( 1866): Or not...
D/Sensors ( 1866): Or not...
I/ActivityManager( 1866): Starting activity: Intent { flg=0x10000000 cmp=com.google.android.gsf/.update.SystemUpdateInstallDialog }
I/GTalkService( 1966): [ServiceAutoStarter] --- received boot intent broadcast
I/ActivityManager( 1866): Start proc com.google.android.apps.maps:FriendService for broadcast com.google.android.apps.maps/com.google.googlenav.friend.android.ServiceReceiver: pid=2092 uid=10047 gids={3003, 1015}
D/Sensors ( 1866): Or not...
D/Sensors ( 1866): Or not...
D/Sensors ( 1866): Or not...
D/Sensors ( 1866): Or not...
W/InputManagerService( 1866): Window already focused, ignoring focus gain of: com.android.internal.view.IInputMethodClient$Stub$Proxy@46054238
D/Sensors ( 1866): Or not...
D/Sensors ( 1866): Or not...
D/Sensors ( 1866): Or not...
D/Sensors ( 1866): Or not...
D/dalvikvm( 2092): GC_FOR_MALLOC freed 2081 objects / 149800 bytes in 71ms
D/Sensors ( 1866): Or not...
D/Sensors ( 1866): Or not...
D/Sensors ( 1866): Or not...
D/Sensors ( 1866): Or not...
D/Sensors ( 1866): Or not...
D/Sensors ( 1866): Or not...
D/Sensors ( 1866): Or not...
D/Sensors ( 1866): Or not...
I/ActivityManager( 1866): Starting activity: Intent { cmp=com.google.android.gsf/.login.CloseAndLaunchActivity }
D/Sensors ( 1866): Or not...
D/Sensors ( 1866): Or not...
I/ActivityManager( 1866): Starting activity: Intent { cmp=com.google.android.gsf/.login.LocationSharingActivity }
D/Sensors ( 1866): Or not...
D/Sensors ( 1866): Or not...
D/Sensors ( 1866): Or not...
D/Sensors ( 1866): Or not...
I/ActivityManager( 1866): Displayed activity com.google.android.gsf/.login.LocationSharingActivity: 466 ms (total 2177 ms)
D/Sensors ( 1866): Or not...
D/Sensors ( 1866): Or not...
D/Sensors ( 1866): Or not...
D/Sensors ( 1866): Or not...
D/Sensors ( 1866): Or not...
D/Sensors ( 1866): Or not...
I/ActivityManager( 1866): Start proc com.android.mms for broadcast com.android.mms/.transaction.MmsSystemEventReceiver: pid=2100 uid=10005 gids={3003, 1015}
D/Sensors ( 1866): Or not...
D/Sensors ( 1866): Or not...
D/MediaScannerService( 2034): start scanning volume internal
I/ActivityThread( 2100): Publishing provider com.android.mms.SuggestionsProvider: com.android.mms.SuggestionsProvider
D/Sensors ( 1866): Or not...
D/Sensors ( 1866): Or not...
D/Sensors ( 1866): Or not...
D/Sensors ( 1866): Or not...
D/Sensors ( 1866): Or not...
D/Sensors ( 1866): Or not...
I/ActivityManager( 1866): Start proc de.schaeuffelhut.android.openvpn for broadcast de.schaeuffelhut.android.openvpn/.util.BootCompletedReceiver: pid=2116 uid=10051 gids={3003, 1015}
D/Sensors ( 1866): Or not...
D/Sensors ( 1866): Or not...
D/OpenVPN ( 2116): OpenVPN-Service disabled in preferences, not starting!
D/Sensors ( 1866): Or not...
D/Sensors ( 1866): Or not...
I/ActivityManager( 1866): Start proc com.android.vending for broadcast com.android.vending/com.google.android.finsky.billing.iab.BootCompletedReceiver: pid=2123 uid=10059 gids={3003, 1015}
D/Sensors ( 1866): Or not...
D/Sensors ( 1866): Or not...
D/Sensors ( 1866): Or not...
D/Sensors ( 1866): Or not...
I/ActivityThread( 2123): Publishing provider com.google.android.finsky.RecentSuggestionsProvider: com.google.android.finsky.providers.RecentSuggestionsProvider
D/Sensors ( 1866): Or not...
D/Sensors ( 1866): Or not...
D/Sensors ( 1866): Or not...
D/Sensors ( 1866): Or not...
D/MediaScanner( 2034):  prescan time: 1378ms
D/MediaScanner( 2034):     scan time: 485ms
D/MediaScanner( 2034): postscan time: 1ms
D/MediaScanner( 2034):    total time: 1864ms
D/MediaScannerService( 2034): done scanning volume internal
D/MediaScannerService( 2034): Directory not found: /data/media
D/Finsky  ( 2123): [1] SanityChecker.run: # LocalAssets corrected : 0
D/Finsky  ( 2123): Sanity check took : 18 ms
D/Volley  ( 2123): [9] DiskBasedCache.clear: Cache cleared.
I/ActivityManager( 1866): Start proc com.android.voicedialer for broadcast com.android.voicedialer/.VoiceDialerReceiver: pid=2146 uid=10060 gids={3002}
D/Volley  ( 2123): [13] DiskBasedCache.clear: Cache cleared.
D/Sensors ( 1866): Or not...
D/Sensors ( 1866): Or not...
D/Finsky  ( 2123): [21] DownloadRecords.initializeAndPrune: Pruned 0 old downloads from the cursor.
D/dalvikvm( 1818): GC_EXPLICIT freed 291 objects / 11032 bytes in 202ms
D/Sensors ( 1866): Or not...
D/Sensors ( 1866): Or not...
D/VoiceDialerReceiver( 2146): onReceive Intent { act=android.intent.action.BOOT_COMPLETED cmp=com.android.voicedialer/.VoiceDialerReceiver }
V/RecognizerEngine( 2146): deleteCachedGrammarFiles /data/data/com.android.voicedialer/files/openentries.txt
D/dalvikvm( 1818): GC_EXPLICIT freed 52 objects / 2304 bytes in 120ms
D/dalvikvm( 1818): GC_EXPLICIT freed 2 objects / 64 bytes in 51ms
I/ActivityManager( 1866): Start proc com.google.android.apps.googlevoice for broadcast com.google.android.apps.googlevoice/.BootUpReceiver: pid=2154 uid=10063 gids={3003, 1015}
D/Sensors ( 1866): Or not...
D/Sensors ( 1866): Or not...
D/ConnectivityService( 1866): getMobileDataEnabled returning true
I/GPSButton( 1866): Update State
I/ActivityManager( 1866): Starting activity: Intent { flg=0x4000000 cmp=com.google.android.gsf/.login.ChooseAccountActivity (has extras) }
D/Sensors ( 1866): Or not...
D/Sensors ( 1866): Or not...
I/ActivityManager( 1866): Starting activity: Intent { cmp=com.android.setupwizard/.CloseAndLaunchActivity }
V/NetworkMonitor( 1947): Starting NetworkMonitor
D/Sensors ( 1866): Or not...
D/Sensors ( 1866): Or not...
V/NetworkMonitor( 1947): GLS onServiceConnected
I/GsmServiceStateTracker( 1946): Auto time state changed
I/GoogleVoice( 2154): EXTERNAL properties file not found: files/googlevoice.prop
I/ActivityManager( 1866): Starting activity: Intent { cmp=com.android.settings/.DateTimeSettingsSetupWizard }
V/NetworkMonitor( 1947): Network is DOWN, Checkin has NOT succeeded, GLS IS connected
V/NetworkMonitor( 1947): Network is DOWN, Checkin has NOT succeeded, GLS IS connected
D/Sensors ( 1866): Or not...
D/Sensors ( 1866): Or not...
I/ActivityManager( 1866): Start proc com.android.settings for activity com.android.settings/.DateTimeSettingsSetupWizard: pid=2161 uid=1000 gids={3003, 3002, 3001, 1015}
I/GoogleVoice( 2154): INTERNAL properties file not found: files/googlevoice.prop
D/GoogleVoice( 2154): GAIA_URL: https://www.google.com/accounts/
D/GoogleVoice( 2154): LOGIN_CHANNEL: DEFAULT
D/GoogleVoice( 2154): MASF_URL: https://www.google.com/m/appreq/gv
D/GoogleVoice( 2154): MASF_API2_URI: g:gv2
D/GoogleVoice( 2154): MASF_GVP_URI: g:gvp
D/GoogleVoice( 2154): API_CHECKIN_ENABLED: true
I/ActivityManager( 1866): Start proc com.android.serviceModeApp for broadcast com.android.serviceModeApp/.FTMDialogBroadcastReceiver: pid=2165 uid=1000 gids={3003, 3002, 3001, 1015}
D/GoogleVoice( 2154): BootUpService: created
D/Sensors ( 1866): Or not...
D/Sensors ( 1866): Or not...
D/GoogleVoice( 2154): BootUpService: started
D/Sensors ( 1866): Or not...
D/Sensors ( 1866): Or not...
I/ActivityManager( 1866): Displayed activity com.android.setupwizard/.CloseAndLaunchActivity: 727 ms (total 727 ms)
D/Sensors ( 1866): Or not...
D/Sensors ( 1866): Or not...
D/Sensors ( 1866): Or not...
D/Sensors ( 1866): Or not...
I/FTMDialogReceiver( 2165): start FTM DialogReceiver
I/ActivityManager( 1866): Start proc com.google.android.apps.genie.geniewidget for broadcast com.google.android.apps.genie.geniewidget/.miniwidget.MiniWidgetProvider: pid=2174 uid=10039 gids={3003, 1015}
D/Sensors ( 1866): Or not...
D/Sensors ( 1866): Or not...
D/GoogleVoice( 2154): Using PreferenceStoreGingerbreadAndLater
D/dalvikvm( 2154): GC_FOR_MALLOC freed 4997 objects / 372624 bytes in 69ms
D/Sensors ( 1866): Or not...
D/Sensors ( 1866): Or not...
D/GoogleVoice( 2154): BootUpService: stopping
D/GoogleVoice( 2154): BootUpService: destroyed
I/ActivityThread( 2174): Publishing provider com.google.android.apps.genie.geniewidget.weather: com.google.android.apps.genie.geniewidget.providers.WeatherProvider
D/Sensors ( 1866): Or not...
D/Sensors ( 1866): Or not...
I/ActivityThread( 2174): Publishing provider com.google.android.apps.genie.geniewidget.newsimage: com.google.android.apps.genie.geniewidget.providers.NewsImageProvider
W/Genie   ( 2174): Cache file not found: java.io.FileNotFoundException: /data/data/com.google.android.apps.genie.geniewidget/files/genie_masfcache (No such file or directory)
W/Genie   ( 2174): Cache file not found: java.io.FileNotFoundException: /data/data/com.google.android.apps.genie.geniewidget/files/genie_iconcache (No such file or directory)
D/Sensors ( 1866): Or not...
D/Sensors ( 1866): Or not...
D/Sensors ( 1866): Or not...
D/Sensors ( 1866): Or not...
D/Genie   ( 2174): onRedrawComplete, no data so requesting refresh. Model: NEW: showing news 0 of 0 [no weather]
I/ActivityManager( 1866): Start proc com.google.android.googlequicksearchbox for broadcast com.google.android.googlequicksearchbox/.SearchWidgetProvider: pid=2186 uid=10044 gids={3003}
D/Genie   ( 2174): No last fix, requesting location fix...
D/Sensors ( 1866): Or not...
D/Sensors ( 1866): Or not...
I/ActivityManager( 1866): Displayed activity com.android.settings/.DateTimeSettingsSetupWizard: 2277 ms (total 2277 ms)
D/Sensors ( 1866): Or not...
D/Sensors ( 1866): Or not...
I/ActivityThread( 2186): Publishing provider com.google.android.googlequicksearchbox.shortcuts: com.google.android.googlequicksearchbox.ShortcutsProvider
I/ActivityThread( 2186): Publishing provider com.google.android.googlequicksearchbox.google: com.google.android.googlequicksearchbox.google.GoogleSuggestionProvider
D/Sensors ( 1866): Or not...
D/Sensors ( 1866): Or not...
D/Sensors ( 1866): Or not...
D/Sensors ( 1866): Or not...
D/Sensors ( 1866): Or not...
D/Sensors ( 1866): Or not...
D/Sensors ( 1866): Or not...
D/Sensors ( 1866): Or not...
I/ActivityManager( 1866): Start proc com.android.music for broadcast com.android.music/.MediaAppWidgetProvider: pid=2196 uid=10011 gids={3003, 1015}
D/Sensors ( 1866): Or not...
D/Sensors ( 1866): Or not...
I/ActivityManager( 1866): Start proc com.android.protips for broadcast com.android.protips/.ProtipWidget: pid=2202 uid=10032 gids={}
I/ActivityManager( 1866): No longer want android.process.acore (pid 2003): hidden #16
D/Sensors ( 1866): Or not...
D/Sensors ( 1866): Or not...
D/Sensors ( 1866): Or not...
D/Sensors ( 1866): Or not...
D/Sensors ( 1866): Or not...
D/Sensors ( 1866): Or not...
D/Sensors ( 1866): Or not...
D/Sensors ( 1866): Or not...
D/Sensors ( 1866): Or not...
D/Sensors ( 1866): Or not...
D/Sensors ( 1866): Or not...
D/Sensors ( 1866): Or not...
D/Sensors ( 1866): Or not...
D/Sensors ( 1866): Or not...
D/Sensors ( 1866): Or not...
D/Sensors ( 1866): Or not...
I/ActivityManager( 1866): No longer want com.bel.android.dspmanager (pid 2020): hidden #16
D/dalvikvm( 2123): GC_FOR_MALLOC freed 3978 objects / 265224 bytes in 77ms
D/Sensors ( 1866): Or not...
D/Sensors ( 1866): Or not...
I/ActivityManager( 1866): Start proc com.cooliris.media for broadcast com.cooliris.media/com.cooliris.cache.BootReceiver: pid=2208 uid=10038 gids={1015, 3003}
D/Sensors ( 1866): Or not...
D/Sensors ( 1866): Or not...
D/Sensors ( 1866): Or not...
D/Sensors ( 1866): Or not...
I/ActivityThread( 2208): Publishing provider com.cooliris.picasa.contentprovider: com.cooliris.picasa.PicasaContentProvider
D/Sensors ( 1866): Or not...
D/Sensors ( 1866): Or not...
D/Sensors ( 1866): Or not...
D/Sensors ( 1866): Or not...
D/Sensors ( 1866): Or not...
D/Sensors ( 1866): Or not...
D/Sensors ( 1866): Or not...
D/Sensors ( 1866): Or not...
I/BootReceiver( 2208): Got intent with action android.intent.action.MEDIA_SCANNER_FINISHED
I/ActivityManager( 1866): No longer want com.android.bluetooth (pid 2029): hidden #16
D/Genie   ( 2174): onRedrawComplete, no data so requesting refresh. Model: NEW: showing news 0 of 0 [no weather]
D/Sensors ( 1866): Or not...
D/Sensors ( 1866): Or not...
D/Sensors ( 1866): Or not...
D/Sensors ( 1866): Or not...
D/Sensors ( 1866): Or not...
D/Sensors ( 1866): Or not...
D/Sensors ( 1866): Or not...
D/Sensors ( 1866): Or not...
D/Sensors ( 1866): Or not...
D/Sensors ( 1866): Or not...
D/Sensors ( 1866): Or not...
D/Sensors ( 1866): Or not...
D/Sensors ( 1866): Or not...
D/Sensors ( 1866): Or not...
D/Sensors ( 1866): Or not...
D/Sensors ( 1866): Or not...
D/Sensors ( 1866): Or not...
D/Sensors ( 1866): Or not...
D/Sensors ( 1866): Or not...
D/Sensors ( 1866): Or not...
D/Sensors ( 1866): Or not...
D/Sensors ( 1866): Or not...
D/Sensors ( 1866): Or not...
D/Sensors ( 1866): Or not...
D/Sensors ( 1866): Or not...
D/Sensors ( 1866): Or not...
D/Sensors ( 1866): Or not...
D/Sensors ( 1866): Or not...
D/Sensors ( 1866): Or not...
D/Sensors ( 1866): Or not...
D/Sensors ( 1866): Or not...
D/Sensors ( 1866): Or not...
D/Sensors ( 1866): Or not...
D/Sensors ( 1866): Or not...
D/Sensors ( 1866): Or not...
D/Sensors ( 1866): Or not...
D/Sensors ( 1866): Or not...
D/Sensors ( 1866): Or not...
D/Sensors ( 1866): Or not...
D/Sensors ( 1866): Or not...
I/ARMAssembler( 1866): generated scanline__00000177:03515104_00001001_00000000 [ 91 ipp] (114 ins) at [0x4f3c48:0x4f3e10] in 423544 ns
D/Sensors ( 1866): Or not...
D/Sensors ( 1866): Or not...
D/Sensors ( 1866): Or not...
D/Sensors ( 1866): Or not...
D/Sensors ( 1866): Or not...
D/Sensors ( 1866): Or not...
D/Sensors ( 1866): Or not...
D/Sensors ( 1866): Or not...
D/Sensors ( 1866): Or not...
D/Sensors ( 1866): Or not...
D/Genie   ( 2174): Request location failed, requesting data without location.
D/Genie   ( 2174): Requesting data...
D/Sensors ( 1866): Or not...
D/Sensors ( 1866): Or not...
W/Process ( 1866): Unable to open /proc/2003/status
W/Process ( 1866): Unable to open /proc/2020/status
D/Sensors ( 1866): Or not...
D/Sensors ( 1866): Or not...
W/Process ( 1866): Unable to open /proc/2029/status
D/dalvikvm( 2174): GC_FOR_MALLOC freed 3479 objects / 249448 bytes in 126ms
D/Sensors ( 1866): Or not...
D/Sensors ( 1866): Or not...
D/Genie   ( 2174): Request failed at, 20:24, July 19 next auto-refresh time =21600000
D/Genie   ( 2174): Commited FileCache, deleted 0 obselete files and kept 0 files.
D/Sensors ( 1866): Or not...
D/Sensors ( 1866): Or not...
D/Sensors ( 1866): Or not...
D/Sensors ( 1866): Or not...
D/Sensors ( 1866): Or not...
D/Sensors ( 1866): Or not...
D/Sensors ( 1866): Or not...
D/Sensors ( 1866): Or not...
D/Sensors ( 1866): Or not...
D/Sensors ( 1866): Or not...
D/Sensors ( 1866): Or not...
D/Sensors ( 1866): Or not...
W/InputManagerService( 1866): Window already focused, ignoring focus gain of: com.android.internal.view.IInputMethodClient$Stub$Proxy@461c4598
D/Sensors ( 1866): Or not...
D/Sensors ( 1866): Or not...
D/Sensors ( 1866): Or not...
D/Sensors ( 1866): Or not...
D/Sensors ( 1866): Or not...
D/Sensors ( 1866): Or not...
D/Sensors ( 1866): Or not...
D/Sensors ( 1866): Or not...
D/Sensors ( 1866): Or not...
D/Sensors ( 1866): Or not...
D/Sensors ( 1866): Or not...
D/Sensors ( 1866): Or not...
D/Sensors ( 1866): Or not...
D/Sensors ( 1866): Or not...
D/dalvikvm( 2161): GC_FOR_MALLOC freed 2968 objects / 241760 bytes in 75ms
I/GsmServiceStateTracker( 1946): Auto time state changed
D/Sensors ( 1866): Or not...
D/Sensors ( 1866): Or not...
D/Sensors ( 1866): Or not...
D/Sensors ( 1866): Or not...
D/Sensors ( 1866): Or not...
D/Sensors ( 1866): Or not...
D/Sensors ( 1866): Or not...
D/Sensors ( 1866): Or not...
D/Sensors ( 1866): Or not...
D/Sensors ( 1866): Or not...
D/Sensors ( 1866): Or not...
D/Sensors ( 1866): Or not...
D/StatusBar( 1866): DISABLE_NOTIFICATION_ICONS: no
D/Sensors ( 1866): Or not...
D/Sensors ( 1866): Or not...
V/SetupWizard( 1947): System thinks we're the home activity. Removing SetupWizard...
D/Sensors ( 1866): Or not...
D/Sensors ( 1866): Or not...
D/Sensors ( 1866): Or not...
D/Sensors ( 1866): Or not...
I/ActivityManager( 1866): Starting activity: Intent { act=android.intent.action.MAIN cat=[android.intent.category.HOME] flg=0x10200000 cmp=android/com.android.internal.app.ResolverActivity }
D/Sensors ( 1866): Or not...
D/Sensors ( 1866): Or not...
I/Process ( 1947): Sending signal. PID: 1947 SIG: 9
I/ActivityManager( 1866): Process com.android.setupwizard (pid 1947) has died.
I/WindowManager( 1866): WIN DEATH: Window{461d7770 com.android.setupwizard/com.android.setupwizard.SetupWizardActivity paused=false}
I/WindowManager( 1866): WIN DEATH: Window{4629b228 com.android.setupwizard/com.android.setupwizard.CloseAndLaunchActivity paused=true}
I/ActivityManager( 1866): Start proc com.android.setupwizard for activity com.android.setupwizard/.SetupWizardActivity: pid=2229 uid=10056 gids={3003}
W/Process ( 1866): Unable to open /proc/1947/status
I/ActivityManager( 1866): No longer want com.android.providers.calendar (pid 2042): hidden #16
D/Sensors ( 1866): Or not...
D/Sensors ( 1866): Or not...
I/ActivityManager( 1866): No longer want com.android.alarmclock (pid 2057): hidden #16
D/Sensors ( 1866): Or not...
D/Sensors ( 1866): Or not...
V/NetworkMonitor( 2229): Starting NetworkMonitor
D/GoogleLoginService( 1966): onBind: Intent { act=com.google.android.gsf.action.GET_GLS }
W/GoogleLoginService( 1966): Device has no accounts: sending Intent { act=com.google.android.gsf.LOGIN_ACCOUNTS_MISSING }
D/Sensors ( 1866): Or not...
D/Sensors ( 1866): Or not...
D/dalvikvm( 1866): GC_EXPLICIT freed 16838 objects / 831232 bytes in 196ms
D/Sensors ( 1866): Or not...
D/Sensors ( 1866): Or not...
D/Sensors ( 1866): Or not...
D/Sensors ( 1866): Or not...
I/ActivityManager( 1866): Displayed activity android/com.android.internal.app.ResolverActivity: 1054 ms (total 1054 ms)
D/Sensors ( 1866): Or not...
D/Sensors ( 1866): Or not...
D/dalvikvm( 2229): GC_EXTERNAL_ALLOC freed 1136 objects / 78568 bytes in 460ms
D/Sensors ( 1866): Or not...
D/Sensors ( 1866): Or not...
D/Sensors ( 1866): Or not...
D/Sensors ( 1866): Or not...
W/SetupWizard( 2229): No such policy while creating link, id='google_privacy'
W/SetupWizard( 2229): No such policy while creating link, id='android_privacy'
D/ResourceType( 2229): calling getConfigurations
D/Sensors ( 1866): Or not...
D/Sensors ( 1866): Or not...
D/ResourceType( 2229): called getConfigurations size=205
D/Sensors ( 1866): Or not...
D/Sensors ( 1866): Or not...
D/Sensors ( 1866): Or not...
D/Sensors ( 1866): Or not...
D/dalvikvm( 2229): GC_EXTERNAL_ALLOC freed 556 objects / 25600 bytes in 350ms
D/Sensors ( 1866): Or not...
D/Sensors ( 1866): Or not...
V/NetworkMonitor( 2229): Network is DOWN, Checkin has NOT succeeded, GLS is NOT connected
V/NetworkMonitor( 2229): GLS onServiceConnected
V/NetworkMonitor( 2229): Network is DOWN, Checkin has NOT succeeded, GLS IS connected
D/Sensors ( 1866): Or not...
D/Sensors ( 1866): Or not...
I/ActivityManager( 1866): Displayed activity com.android.setupwizard/.SetupWizardActivity: 2840 ms (total 2840 ms)
D/Sensors ( 1866): Or not...
D/Sensors ( 1866): Or not...
D/Sensors ( 1866): Or not...
D/Sensors ( 1866): Or not...
D/Sensors ( 1866): Or not...
D/Sensors ( 1866): Or not...
D/Sensors ( 1866): Or not...
D/Sensors ( 1866): Or not...
D/Sensors ( 1866): Or not...
D/Sensors ( 1866): Or not...
D/Sensors ( 1866): Or not...
D/Sensors ( 1866): Or not...
D/Sensors ( 1866): Or not...
D/Sensors ( 1866): Or not...
D/Sensors ( 1866): Or not...
D/Sensors ( 1866): Or not...
D/Sensors ( 1866): Or not...
D/Sensors ( 1866): Or not...
D/Sensors ( 1866): Or not...
D/Sensors ( 1866): Or not...
D/Sensors ( 1866): Or not...
D/Sensors ( 1866): Or not...
D/Sensors ( 1866): Or not...
D/Sensors ( 1866): Or not...
D/Sensors ( 1866): Or not...
D/Sensors ( 1866): Or not...
D/Sensors ( 1866): Or not...
D/Sensors ( 1866): Or not...
D/Sensors ( 1866): Or not...
D/Sensors ( 1866): Or not...
D/Sensors ( 1866): Or not...
D/Sensors ( 1866): Or not...
I/ActivityManager( 1866): Starting activity: Intent { act=android.intent.action.MAIN cat=[android.intent.category.HOME] flg=0x13a00000 cmp=com.android.launcher/com.android.launcher2.Launcher }
D/Sensors ( 1866): Or not...
D/Sensors ( 1866): Or not...
I/ActivityManager( 1866): Start proc com.android.launcher for activity com.android.launcher/com.android.launcher2.Launcher: pid=2237 uid=10028 gids={}
W/Process ( 1866): Unable to open /proc/2042/status
W/Process ( 1866): Unable to open /proc/2057/status
D/Sensors ( 1866): Or not...
D/Sensors ( 1866): Or not...
I/ActivityThread( 2237): Publishing provider com.android.launcher2.settings: com.android.launcher2.LauncherProvider
D/Sensors ( 1866): Or not...
D/Sensors ( 1866): Or not...
D/Sensors ( 1866): Or not...
D/Sensors ( 1866): Or not...
D/Sensors ( 1866): Or not...
D/Sensors ( 1866): Or not...
D/Sensors ( 1866): Or not...
D/Sensors ( 1866): Or not...
D/Sensors ( 1866): Or not...
D/Sensors ( 1866): Or not...
I/dalvikvm( 1866): Jit: resizing JitTable from 2048 to 4096
D/Sensors ( 1866): Or not...
D/Sensors ( 1866): Or not...
I/ActivityManager( 1866): Displayed activity com.android.launcher/com.android.launcher2.Launcher: 1535 ms (total 1535 ms)
D/Sensors ( 1866): Or not...
D/Sensors ( 1866): Or not...
D/Sensors ( 1866): Or not...
D/Sensors ( 1866): Or not...
D/Sensors ( 1866): Or not...
D/Sensors ( 1866): Or not...
D/Sensors ( 1866): Or not...
D/Sensors ( 1866): Or not...
D/Sensors ( 1866): Or not...
D/Sensors ( 1866): Or not...
D/dalvikvm( 2237): GC_FOR_MALLOC freed 3515 objects / 210184 bytes in 522ms
D/Sensors ( 1866): Or not...
D/Sensors ( 1866): Or not...
D/Sensors ( 1866): Or not...
D/Sensors ( 1866): Or not...
D/Sensors ( 1866): Or not...
D/Sensors ( 1866): Or not...
D/Sensors ( 1866): Or not...
D/Sensors ( 1866): Or not...
D/Sensors ( 1866): Or not...
D/Sensors ( 1866): Or not...
I/ActivityManager( 1866): No longer want com.google.android.partnersetup (pid 2009): hidden #16
D/VoiceDialerReceiver( 2146): onReceive Intent { act=android.intent.action.PACKAGE_CHANGED dat=package:com.android.setupwizard flg=0x10000000 cmp=com.android.voicedialer/.VoiceDialerReceiver (has extras) }
V/RecognizerEngine( 2146): deleteCachedGrammarFiles /data/data/com.android.voicedialer/files/openentries.txt
D/Sensors ( 1866): Or not...
D/Sensors ( 1866): Or not...
D/Sensors ( 1866): Or not...
D/Sensors ( 1866): Or not...
D/Sensors ( 1866): Or not...
D/Sensors ( 1866): Or not...
D/Sensors ( 1866): Or not...
D/Sensors ( 1866): Or not...
D/Sensors ( 1866): Or not...
D/Sensors ( 1866): Or not...
D/Sensors ( 1866): Or not...
D/Sensors ( 1866): Or not...
D/Sensors ( 1866): Or not...
D/Sensors ( 1866): Or not...
D/Sensors ( 1866): Or not...
D/Sensors ( 1866): Or not...
D/Sensors ( 1866): Or not...
D/Sensors ( 1866): Or not...
D/Sensors ( 1866): Or not...
D/Sensors ( 1866): Or not...
D/Sensors ( 1866): Or not...
D/Sensors ( 1866): Or not...
D/Sensors ( 1866): Or not...
D/Sensors ( 1866): Or not...
D/Sensors ( 1866): Or not...
D/Sensors ( 1866): Or not...
D/Sensors ( 1866): Or not...
D/Sensors ( 1866): Or not...
D/Sensors ( 1866): Or not...
D/Sensors ( 1866): Or not...
D/Sensors ( 1866): Or not...
D/Sensors ( 1866): Or not...
D/Sensors ( 1866): Or not...
D/Sensors ( 1866): Or not...
D/Sensors ( 1866): Or not...
D/Sensors ( 1866): Or not...
D/Sensors ( 1866): Or not...
D/Sensors ( 1866): Or not...
D/Sensors ( 1866): Or not...
D/Sensors ( 1866): Or not...
D/dalvikvm( 2237): GC_EXTERNAL_ALLOC freed 11470 objects / 546688 bytes in 82ms
D/Sensors ( 1866): Or not...
D/Sensors ( 1866): Or not...
D/Sensors ( 1866): Or not...
D/Sensors ( 1866): Or not...
D/Sensors ( 1866): Or not...
D/Sensors ( 1866): Or not...
D/Sensors ( 1866): Or not...
D/Sensors ( 1866): Or not...
D/dalvikvm( 2237): GC_EXTERNAL_ALLOC freed 2462 objects / 117504 bytes in 110ms
D/Sensors ( 1866): Or not...
D/Sensors ( 1866): Or not...
D/Sensors ( 1866): Or not...
D/Sensors ( 1866): Or not...
D/dalvikvm( 2237): GC_EXPLICIT freed 1854 objects / 105184 bytes in 70ms
D/Sensors ( 1866): Or not...
D/Sensors ( 1866): Or not...
D/Sensors ( 1866): Or not...
D/Sensors ( 1866): Or not...
D/Sensors ( 1866): Or not...
D/Sensors ( 1866): Or not...
D/Sensors ( 1866): Or not...
D/Sensors ( 1866): Or not...
D/Sensors ( 1866): Or not...
D/Sensors ( 1866): Or not...
D/Sensors ( 1866): Or not...
D/Sensors ( 1866): Or not...
D/Sensors ( 1866): Or not...
D/Sensors ( 1866): Or not...
D/Sensors ( 1866): Or not...
D/Sensors ( 1866): Or not...
D/Sensors ( 1866): Or not...
D/Sensors ( 1866): Or not...
D/Sensors ( 1866): Or not...
D/Sensors ( 1866): Or not...
D/Sensors ( 1866): Or not...
D/Sensors ( 1866): Or not...
D/Sensors ( 1866): Or not...
D/Sensors ( 1866): Or not...
D/Sensors ( 1866): Or not...
D/Sensors ( 1866): Or not...
D/Sensors ( 1866): Or not...
D/Sensors ( 1866): Or not...
D/Sensors ( 1866): Or not...
D/Sensors ( 1866): Or not...
W/Process ( 1866): Unable to open /proc/2009/status
D/Sensors ( 1866): Or not...
D/Sensors ( 1866): Or not...
D/Sensors ( 1866): Or not...
D/Sensors ( 1866): Or not...
D/Sensors ( 1866): Or not...
D/Sensors ( 1866): Or not...
D/Sensors ( 1866): Or not...
D/Sensors ( 1866): Or not...
D/Sensors ( 1866): Or not...
D/Sensors ( 1866): Or not...
D/Sensors ( 1866): Or not...
D/Sensors ( 1866): Or not...
D/Sensors ( 1866): Or not...
D/Sensors ( 1866): Or not...
D/Sensors ( 1866): Or not...
D/Sensors ( 1866): Or not...
D/Sensors ( 1866): Or not...
D/Sensors ( 1866): Or not...
D/Sensors ( 1866): Or not...
D/Sensors ( 1866): Or not...
D/Sensors ( 1866): Or not...
D/Sensors ( 1866): Or not...
D/Sensors ( 1866): Or not...
D/Sensors ( 1866): Or not...
D/Sensors ( 1866): Or not...
D/Sensors ( 1866): Or not...
D/Sensors ( 1866): Or not...
D/Sensors ( 1866): Or not...
D/Sensors ( 1866): Or not...
D/Sensors ( 1866): Or not...
D/Sensors ( 1866): Or not...
D/Sensors ( 1866): Or not...
D/Sensors ( 1866): Or not...
D/Sensors ( 1866): Or not...
D/Sensors ( 1866): Or not...
D/Sensors ( 1866): Or not...
D/Sensors ( 1866): Or not...
D/Sensors ( 1866): Or not...
D/Sensors ( 1866): Or not...
D/Sensors ( 1866): Or not...
D/Sensors ( 1866): Or not...
D/Sensors ( 1866): Or not...
D/Sensors ( 1866): Or not...
D/Sensors ( 1866): Or not...
D/Sensors ( 1866): Or not...
D/Sensors ( 1866): Or not...
D/Sensors ( 1866): Or not...
D/Sensors ( 1866): Or not...
D/Sensors ( 1866): Or not...
D/Sensors ( 1866): Or not...
D/dalvikvm( 2237): GC_EXTERNAL_ALLOC freed 657 objects / 37048 bytes in 66ms
D/Sensors ( 1866): Or not...
D/Sensors ( 1866): Or not...
D/Sensors ( 1866): Or not...
D/Sensors ( 1866): Or not...
D/Sensors ( 1866): Or not...
D/Sensors ( 1866): Or not...
D/Sensors ( 1866): Or not...
D/Sensors ( 1866): Or not...
D/Sensors ( 1866): Or not...
D/Sensors ( 1866): Or not...
D/Sensors ( 1866): Or not...
D/Sensors ( 1866): Or not...
D/Sensors ( 1866): Or not...
D/Sensors ( 1866): Or not...
D/Sensors ( 1866): Or not...
D/Sensors ( 1866): Or not...
D/Sensors ( 1866): Or not...
D/Sensors ( 1866): Or not...
D/Sensors ( 1866): Or not...
D/Sensors ( 1866): Or not...
D/Sensors ( 1866): Or not...
D/Sensors ( 1866): Or not...
D/Sensors ( 1866): Or not...
D/Sensors ( 1866): Or not...
I/ActivityManager( 1866): Starting activity: Intent { act=android.intent.action.MAIN cat=[android.intent.category.LAUNCHER] flg=0x10200000 cmp=org.openintents.filemanager/.FileManagerActivity }
D/Sensors ( 1866): Or not...
D/Sensors ( 1866): Or not...
I/ActivityManager( 1866): Start proc org.openintents.filemanager for activity org.openintents.filemanager/.FileManagerActivity: pid=2253 uid=10000 gids={1015}
D/Sensors ( 1866): Or not...
D/Sensors ( 1866): Or not...
D/Sensors ( 1866): Or not...
D/Sensors ( 1866): Or not...
D/dalvikvm( 1818): GC_EXPLICIT freed 283 objects / 10720 bytes in 477ms
D/Sensors ( 1866): Or not...
D/Sensors ( 1866): Or not...
I/ActivityThread( 2253): Publishing provider org.openintents.filemanager: org.openintents.filemanager.FileManagerProvider
D/Sensors ( 1866): Or not...
D/Sensors ( 1866): Or not...
D/Sensors ( 1866): Or not...
D/Sensors ( 1866): Or not...
D/dalvikvm( 1818): GC_EXPLICIT freed 47 objects / 2104 bytes in 412ms
D/dalvikvm( 1818): GC_EXPLICIT freed 2 objects / 48 bytes in 131ms
D/Sensors ( 1866): Or not...
D/Sensors ( 1866): Or not...
V/OIFM_DirScanner( 2253): Scanning directory /mnt/sdcard
V/OIFM_DirScanner( 2253): Counting files... (total count=1)
V/OIFM_DirScanner( 2253): Sorting results...
V/OIFM_DirScanner( 2253): Sending data back to main thread
V/OIFM_ThumbnailLoader( 2253): Scanning for thumbnails (files=0)
V/OIFM_ThumbnailLoader( 2253): Done scanning for thumbnails
D/Sensors ( 1866): Or not...
D/Sensors ( 1866): Or not...
I/ActivityManager( 1866): Displayed activity org.openintents.filemanager/.FileManagerActivity: 1399 ms (total 1399 ms)
D/Sensors ( 1866): Or not...
D/Sensors ( 1866): Or not...
D/Sensors ( 1866): Or not...
D/Sensors ( 1866): Or not...
D/Sensors ( 1866): Or not...
D/Sensors ( 1866): Or not...
D/Sensors ( 1866): Or not...
D/Sensors ( 1866): Or not...
D/Sensors ( 1866): Or not...
D/Sensors ( 1866): Or not...
D/Sensors ( 1866): Or not...
D/Sensors ( 1866): Or not...
D/Sensors ( 1866): Or not...
D/Sensors ( 1866): Or not...
D/Sensors ( 1866): Or not...
D/Sensors ( 1866): Or not...
D/Sensors ( 1866): Or not...
D/Sensors ( 1866): Or not...
D/Sensors ( 1866): Or not...
D/Sensors ( 1866): Or not...
D/Sensors ( 1866): Or not...
D/Sensors ( 1866): Or not...
D/Sensors ( 1866): Or not...
D/Sensors ( 1866): Or not...
D/Sensors ( 1866): Or not...
D/Sensors ( 1866): Or not...
D/Sensors ( 1866): Or not...
D/Sensors ( 1866): Or not...
D/Sensors ( 1866): Or not...
D/Sensors ( 1866): Or not...
D/Sensors ( 1866): Or not...
D/Sensors ( 1866): Or not...
D/Sensors ( 1866): Or not...
D/Sensors ( 1866): Or not...
W/KeyCharacterMap( 2253): No keyboard for id 0
W/KeyCharacterMap( 2253): Using default keymap: /system/usr/keychars/qwerty.kcm.bin
D/Sensors ( 1866): Or not...
D/Sensors ( 1866): Or not...
I/dalvikvm( 2237): Jit: resizing JitTable from 512 to 1024
D/Sensors ( 1866): Or not...
D/Sensors ( 1866): Or not...
D/Sensors ( 1866): Or not...
D/Sensors ( 1866): Or not...
D/Sensors ( 1866): Or not...
D/Sensors ( 1866): Or not...
I/ActivityManager( 1866): No longer want com.android.email (pid 2064): hidden #16
D/Sensors ( 1866): Or not...
D/Sensors ( 1866): Or not...
D/Sensors ( 1866): Or not...
D/Sensors ( 1866): Or not...
D/Sensors ( 1866): Or not...
D/Sensors ( 1866): Or not...
D/Sensors ( 1866): Or not...
D/Sensors ( 1866): Or not...
D/Sensors ( 1866): Or not...
D/Sensors ( 1866): Or not...
D/Sensors ( 1866): Or not...
D/Sensors ( 1866): Or not...
D/Sensors ( 1866): Or not...
D/Sensors ( 1866): Or not...
D/Sensors ( 1866): Or not...
D/Sensors ( 1866): Or not...
D/Sensors ( 1866): Or not...
D/Sensors ( 1866): Or not...
D/Sensors ( 1866): Or not...
D/Sensors ( 1866): Or not...
D/Sensors ( 1866): Or not...
D/Sensors ( 1866): Or not...
D/Sensors ( 1866): Or not...
D/Sensors ( 1866): Or not...
D/Sensors ( 1866): Or not...
D/Sensors ( 1866): Or not...
D/Sensors ( 1866): Or not...
D/Sensors ( 1866): Or not...
D/Sensors ( 1866): Or not...
D/Sensors ( 1866): Or not...
D/Sensors ( 1866): Or not...
D/Sensors ( 1866): Or not...
D/Sensors ( 1866): Or not...
D/Sensors ( 1866): Or not...
D/Sensors ( 1866): Or not...
D/Sensors ( 1866): Or not...
D/Sensors ( 1866): Or not...
D/Sensors ( 1866): Or not...
D/Sensors ( 1866): Or not...
D/Sensors ( 1866): Or not...
D/Sensors ( 1866): Or not...
D/Sensors ( 1866): Or not...
D/Sensors ( 1866): Or not...
D/Sensors ( 1866): Or not...
D/Sensors ( 1866): Or not...
D/Sensors ( 1866): Or not...
D/Sensors ( 1866): Or not...
D/Sensors ( 1866): Or not...
I/ActivityManager( 1866): Starting activity: Intent { act=android.intent.action.MAIN cat=[android.intent.category.LAUNCHER] flg=0x10200000 cmp=com.android.development/.Development }
W/Process ( 1866): Unable to open /proc/2064/status
D/Sensors ( 1866): Or not...
D/Sensors ( 1866): Or not...
I/ActivityManager( 1866): Start proc com.android.development for activity com.android.development/.Development: pid=2265 uid=10013 gids={3003}
D/Sensors ( 1866): Or not...
D/Sensors ( 1866): Or not...
D/Sensors ( 1866): Or not...
D/Sensors ( 1866): Or not...
D/Sensors ( 1866): Or not...
D/Sensors ( 1866): Or not...
D/Sensors ( 1866): Or not...
D/Sensors ( 1866): Or not...
D/Sensors ( 1866): Or not...
D/Sensors ( 1866): Or not...
D/Sensors ( 1866): Or not...
D/Sensors ( 1866): Or not...
I/ActivityManager( 1866): Displayed activity com.android.development/.Development: 1272 ms (total 1272 ms)
D/Sensors ( 1866): Or not...
D/Sensors ( 1866): Or not...
D/Sensors ( 1866): Or not...
D/Sensors ( 1866): Or not...
D/Sensors ( 1866): Or not...
D/Sensors ( 1866): Or not...
D/Sensors ( 1866): Or not...
D/Sensors ( 1866): Or not...
D/Sensors ( 1866): Or not...
D/Sensors ( 1866): Or not...
D/Sensors ( 1866): Or not...
D/Sensors ( 1866): Or not...
D/Sensors ( 1866): Or not...
D/Sensors ( 1866): Or not...
D/Sensors ( 1866): Or not...
D/Sensors ( 1866): Or not...
D/Sensors ( 1866): Or not...
D/Sensors ( 1866): Or not...
D/Sensors ( 1866): Or not...
D/Sensors ( 1866): Or not...
D/Sensors ( 1866): Or not...
D/Sensors ( 1866): Or not...
D/Sensors ( 1866): Or not...
D/Sensors ( 1866): Or not...
D/Sensors ( 1866): Or not...
D/Sensors ( 1866): Or not...
D/Sensors ( 1866): Or not...
D/Sensors ( 1866): Or not...
D/Sensors ( 1866): Or not...
D/Sensors ( 1866): Or not...
D/Sensors ( 1866): Or not...
D/Sensors ( 1866): Or not...
D/Sensors ( 1866): Or not...
D/Sensors ( 1866): Or not...
D/Sensors ( 1866): Or not...
D/Sensors ( 1866): Or not...
D/Sensors ( 1866): Or not...
D/Sensors ( 1866): Or not...
D/Sensors ( 1866): Or not...
D/Sensors ( 1866): Or not...
I/ActivityManager( 1866): Starting activity: Intent { act=android.intent.action.MAIN cat=[android.intent.category.TEST] flg=0x10000000 cmp=com.android.development/.DevelopmentSettings }
D/Sensors ( 1866): Or not...
D/Sensors ( 1866): Or not...
W/DevelopmentSettings( 2265): Failed reading gpio_sleep_debug
W/BackupManagerService( 1866): dataChanged but no participant pkg='com.android.providers.settings' uid=10013
D/Sensors ( 1866): Or not...
D/Sensors ( 1866): Or not...
D/Sensors ( 1866): Or not...
D/Sensors ( 1866): Or not...
I/ActivityManager( 1866): Displayed activity com.android.development/.DevelopmentSettings: 742 ms (total 742 ms)
D/Sensors ( 1866): Or not...
D/Sensors ( 1866): Or not...
D/Sensors ( 1866): Or not...
D/Sensors ( 1866): Or not...
D/Sensors ( 1866): Or not...
D/Sensors ( 1866): Or not...
D/Sensors ( 1866): Or not...
D/Sensors ( 1866): Or not...
D/Sensors ( 1866): Or not...
D/Sensors ( 1866): Or not...
D/Sensors ( 1866): Or not...
D/Sensors ( 1866): Or not...
D/Sensors ( 1866): Or not...
D/Sensors ( 1866): Or not...
D/Sensors ( 1866): Or not...
D/Sensors ( 1866): Or not...
W/KeyCharacterMap( 2265): No keyboard for id 0
W/KeyCharacterMap( 2265): Using default keymap: /system/usr/keychars/qwerty.kcm.bin
D/Sensors ( 1866): Or not...
D/Sensors ( 1866): Or not...
D/Sensors ( 1866): Or not...
D/Sensors ( 1866): Or not...
D/Sensors ( 1866): Or not...
D/Sensors ( 1866): Or not...
D/Sensors ( 1866): Or not...
D/Sensors ( 1866): Or not...
D/Sensors ( 1866): Or not...
D/Sensors ( 1866): Or not...
D/Sensors ( 1866): Or not...
D/Sensors ( 1866): Or not...
D/Sensors ( 1866): Or not...
D/Sensors ( 1866): Or not...
D/dalvikvm( 2265): GC_EXTERNAL_ALLOC freed 3118 objects / 198408 bytes in 161ms
D/Sensors ( 1866): Or not...
D/Sensors ( 1866): Or not...
D/Sensors ( 1866): Or not...
D/Sensors ( 1866): Or not...
D/Sensors ( 1866): Or not...
D/Sensors ( 1866): Or not...
D/Sensors ( 1866): Or not...
D/Sensors ( 1866): Or not...
D/Sensors ( 1866): Or not...
D/Sensors ( 1866): Or not...
D/Sensors ( 1866): Or not...
D/Sensors ( 1866): Or not...
D/Sensors ( 1866): Or not...
D/Sensors ( 1866): Or not...
D/Sensors ( 1866): Or not...
D/Sensors ( 1866): Or not...
D/Sensors ( 1866): Or not...
D/Sensors ( 1866): Or not...
D/Sensors ( 1866): Or not...
D/Sensors ( 1866): Or not...
D/Sensors ( 1866): Or not...
D/Sensors ( 1866): Or not...
D/Sensors ( 1866): Or not...
D/Sensors ( 1866): Or not...
D/Sensors ( 1866): Or not...
D/Sensors ( 1866): Or not...
I/ActivityManager( 1866): Starting activity: Intent { act=android.intent.action.MAIN cat=[android.intent.category.TEST] flg=0x10000000 cmp=com.android.development/.MediaScannerActivity }
I/BootReceiver( 2208): Got intent with action android.intent.action.MEDIA_MOUNTED
I/ActivityManager( 1866): Start proc com.google.android.apps.uploader for broadcast com.google.android.apps.uploader/.ConnectivityBroadcastReceiver: pid=2278 uid=10049 gids={3003}
D/Sensors ( 1866): Or not...
D/Sensors ( 1866): Or not...
D/MediaScannerService( 2034): start scanning volume external
V/MediaProvider( 2034): /mnt/sdcard volume ID: -1
D/Sensors ( 1866): Or not...
D/Sensors ( 1866): Or not...
I/ActivityManager( 1866): Displayed activity com.android.development/.MediaScannerActivity: 517 ms (total 517 ms)
D/Sensors ( 1866): Or not...
D/Sensors ( 1866): Or not...
I/ActivityThread( 2278): Publishing provider com.google.android.apps.uploader: com.google.android.apps.uploader.UploadsContentProvider
V/MediaUploader( 2278): Creating database
I/ActivityThread( 2278): Publishing provider com.google.photos.provider.Album: com.google.android.apps.uploader.clients.picasa.AlbumProvider
D/Sensors ( 1866): Or not...
D/Sensors ( 1866): Or not...
D/MediaUploader( 2278): UploaderApplication.onCreate
D/MediaUploader( 2278): nonWifiLimit=20971520, default=20971520
I/MediaUploader( 2278): No need to wake up
I/ActivityManager( 1866): Start proc com.spicagenmod.smparts for broadcast com.spicagenmod.smparts/.intents.CPUReceiver: pid=2287 uid=1000 gids={3003, 3002, 3001, 1015}
I/MediaProvider( 2034): Upgrading media database from version 63 to 90, which will destroy all old data
D/Sensors ( 1866): Or not...
D/Sensors ( 1866): Or not...
I/ActivityThread( 2287): Publishing provider com.spicagenmod.smparts.provider.Settings: com.spicagenmod.smparts.provider.SettingsProvider
I/CPUSettings( 2287): Restore disabled by user preference.
I/ActivityManager( 1866): No longer want com.google.android.gm (pid 2076): hidden #16
D/Sensors ( 1866): Or not...
D/Sensors ( 1866): Or not...
V/MediaProvider( 2034): Attached volume: external
D/        ( 2034): opendir /mnt/sdcard/Android/ failed, errno: 13
E/        ( 2034): Error processing '/mnt/sdcard/Android/' - skipping
V/MediaScanner( 2034): pruneDeadThumbnailFiles... android.database.sqlite.SQLiteCursor@46321400
V/MediaScanner( 2034): /pruneDeadThumbnailFiles... android.database.sqlite.SQLiteCursor@46321400
D/MediaScanner( 2034):  prescan time: 43ms
D/MediaScanner( 2034):     scan time: 1ms
D/MediaScanner( 2034): postscan time: 14ms
D/MediaScanner( 2034):    total time: 58ms
I/BootReceiver( 2208): Got intent with action android.intent.action.MEDIA_SCANNER_FINISHED
D/Sensors ( 1866): Or not...
D/Sensors ( 1866): Or not...
D/MediaScannerService( 2034): done scanning volume external
I/ActivityManager( 1866): No longer want com.google.android.apps.maps:FriendService (pid 2092): hidden #16
D/Sensors ( 1866): Or not...
D/Sensors ( 1866): Or not...
D/SntpClient( 1866): request time failed: java.net.UnknownHostException: 3.europe.pool.ntp.org
D/SntpClient( 1866): request time failed: java.net.UnknownHostException: 3.europe.pool.ntp.org
D/SntpClient( 1866): request time failed: java.net.UnknownHostException: 3.europe.pool.ntp.org
D/Sensors ( 1866): Or not...
D/Sensors ( 1866): Or not...
W/KeyCharacterMap( 2265): No keyboard for id 0
W/KeyCharacterMap( 2265): Using default keymap: /system/usr/keychars/qwerty.kcm.bin
D/Sensors ( 1866): Or not...
D/Sensors ( 1866): Or not...
D/Sensors ( 1866): Or not...
D/Sensors ( 1866): Or not...
D/Sensors ( 1866): Or not...
D/Sensors ( 1866): Or not...
D/Sensors ( 1866): Or not...
D/Sensors ( 1866): Or not...
D/Sensors ( 1866): Or not...
D/Sensors ( 1866): Or not...
D/Sensors ( 1866): Or not...
D/Sensors ( 1866): Or not...
D/Sensors ( 1866): Or not...
D/Sensors ( 1866): Or not...
D/Sensors ( 1866): Or not...
D/Sensors ( 1866): Or not...
D/Sensors ( 1866): Or not...
D/Sensors ( 1866): Or not...
D/Sensors ( 1866): Or not...
D/Sensors ( 1866): Or not...
I/ActivityManager( 1866): Starting activity: Intent { act=android.intent.action.MAIN cat=[android.intent.category.TEST] flg=0x10000000 cmp=com.android.development/.Connectivity }
D/Sensors ( 1866): Or not...
D/Sensors ( 1866): Or not...
D/Sensors ( 1866): Or not...
D/Sensors ( 1866): Or not...
D/Sensors ( 1866): Or not...
D/Sensors ( 1866): Or not...
I/ActivityManager( 1866): Displayed activity com.android.development/.Connectivity: 583 ms (total 583 ms)
D/Sensors ( 1866): Or not...
D/Sensors ( 1866): Or not...
D/Sensors ( 1866): Or not...
D/Sensors ( 1866): Or not...
D/Genie   ( 2174): Can not get the location from network
D/Sensors ( 1866): Or not...
D/Sensors ( 1866): Or not...
D/Sensors ( 1866): Or not...
D/Sensors ( 1866): Or not...
D/Sensors ( 1866): Or not...
D/Sensors ( 1866): Or not...
W/Process ( 1866): Unable to open /proc/2076/status
W/Process ( 1866): Unable to open /proc/2092/status
D/Sensors ( 1866): Or not...
D/Sensors ( 1866): Or not...
D/Sensors ( 1866): Or not...
D/Sensors ( 1866): Or not...
E/ActivityThread( 2265): Activity com.android.development.Connectivity has leaked IntentReceiver com.android.development.Connectivity$1@462d5840 that was originally registered here. Are you missing a call to unregisterReceiver()?
E/ActivityThread( 2265): android.app.IntentReceiverLeaked: Activity com.android.development.Connectivity has leaked IntentReceiver com.android.development.Connectivity$1@462d5840 that was originally registered here. Are you missing a call to unregisterReceiver()?
E/ActivityThread( 2265): 	at android.app.ActivityThread$PackageInfo$ReceiverDispatcher.<init>(ActivityThread.java:939)
E/ActivityThread( 2265): 	at android.app.ActivityThread$PackageInfo.getReceiverDispatcher(ActivityThread.java:734)
E/ActivityThread( 2265): 	at android.app.ContextImpl.registerReceiverInternal(ContextImpl.java:795)
E/ActivityThread( 2265): 	at android.app.ContextImpl.registerReceiver(ContextImpl.java:782)
E/ActivityThread( 2265): 	at android.app.ContextImpl.registerReceiver(ContextImpl.java:776)
E/ActivityThread( 2265): 	at android.content.ContextWrapper.registerReceiver(ContextWrapper.java:318)
E/ActivityThread( 2265): 	at com.android.development.Connectivity.onCreate(Connectivity.java:232)
E/ActivityThread( 2265): 	at android.app.Instrumentation.callActivityOnCreate(Instrumentation.java:1047)
E/ActivityThread( 2265): 	at android.app.ActivityThread.performLaunchActivity(ActivityThread.java:2629)
E/ActivityThread( 2265): 	at android.app.ActivityThread.handleLaunchActivity(ActivityThread.java:2681)
E/ActivityThread( 2265): 	at android.app.ActivityThread.access$2300(ActivityThread.java:125)
E/ActivityThread( 2265): 	at android.app.ActivityThread$H.handleMessage(ActivityThread.java:2033)
E/ActivityThread( 2265): 	at android.os.Handler.dispatchMessage(Handler.java:99)
E/ActivityThread( 2265): 	at android.os.Looper.loop(Looper.java:123)
E/ActivityThread( 2265): 	at android.app.ActivityThread.main(ActivityThread.java:4641)
E/ActivityThread( 2265): 	at java.lang.reflect.Method.invokeNative(Native Method)
E/ActivityThread( 2265): 	at java.lang.reflect.Method.invoke(Method.java:521)
E/ActivityThread( 2265): 	at com.android.internal.os.ZygoteInit$MethodAndArgsCaller.run(ZygoteInit.java:858)
E/ActivityThread( 2265): 	at com.android.internal.os.ZygoteInit.main(ZygoteInit.java:616)
E/ActivityThread( 2265): 	at dalvik.system.NativeStart.main(Native Method)
D/Sensors ( 1866): Or not...
D/Sensors ( 1866): Or not...
D/Sensors ( 1866): Or not...
D/Sensors ( 1866): Or not...
D/Sensors ( 1866): Or not...
D/Sensors ( 1866): Or not...
W/IInputConnectionWrapper( 2265): showStatusIcon on inactive InputConnection
D/Sensors ( 1866): Or not...
D/Sensors ( 1866): Or not...
D/Sensors ( 1866): Or not...
D/Sensors ( 1866): Or not...
I/ActivityManager( 1866): No longer want de.schaeuffelhut.android.openvpn (pid 2116): hidden #16
D/Sensors ( 1866): Or not...
D/Sensors ( 1866): Or not...
D/Sensors ( 1866): Or not...
D/Sensors ( 1866): Or not...
D/Sensors ( 1866): Or not...
D/Sensors ( 1866): Or not...
D/Sensors ( 1866): Or not...
D/Sensors ( 1866): Or not...
D/Sensors ( 1866): Or not...
D/Sensors ( 1866): Or not...
D/Sensors ( 1866): Or not...
D/Sensors ( 1866): Or not...
D/Sensors ( 1866): Or not...
D/Sensors ( 1866): Or not...
D/Sensors ( 1866): Or not...
D/Sensors ( 1866): Or not...
D/Sensors ( 1866): Or not...
D/Sensors ( 1866): Or not...
D/Sensors ( 1866): Or not...
D/Sensors ( 1866): Or not...
D/Sensors ( 1866): Or not...
D/Sensors ( 1866): Or not...
D/Sensors ( 1866): Or not...
D/Sensors ( 1866): Or not...
D/Sensors ( 1866): Or not...
D/Sensors ( 1866): Or not...
D/Sensors ( 1866): Or not...
D/Sensors ( 1866): Or not...
D/Sensors ( 1866): Or not...
D/Sensors ( 1866): Or not...
D/Sensors ( 1866): Or not...
D/Sensors ( 1866): Or not...
D/Sensors ( 1866): Or not...
D/Sensors ( 1866): Or not...
D/Sensors ( 1866): Or not...
D/Sensors ( 1866): Or not...
I/ActivityManager( 1866): Starting activity: Intent { act=android.intent.action.MAIN cat=[android.intent.category.LAUNCHER] flg=0x10200000 cmp=com.android.camera/.Camera }
D/Sensors ( 1866): Or not...
D/Sensors ( 1866): Or not...
I/ActivityManager( 1866): Start proc com.android.camera for activity com.android.camera/.Camera: pid=2305 uid=10004 gids={1006, 1015}
W/Process ( 1866): Unable to open /proc/2116/status
D/Sensors ( 1866): Or not...
D/Sensors ( 1866): Or not...
D/Sensors ( 1866): Or not...
D/Sensors ( 1866): Or not...
I/WindowManager( 1866): Setting rotation to 1, animFlags=1
I/ActivityManager( 1866): Config changed: { scale=1.0 imsi=0/0 loc=hd_US touch=3 keys=1/1/2 nav=1/1 orien=2 layout=34 uiMode=17 seq=3}
D/Sensors ( 1866): Or not...
D/Sensors ( 1866): Or not...
D/ConnectivityService( 1866): getMobileDataEnabled returning true
I/GPSButton( 1866): Update State
D/Sensors ( 1866): Or not...
D/Sensors ( 1866): Or not...
D/SecCameraHardware( 1819): ####### android::SecCameraHardware::SecCameraHardware() before t_camera_lock 
D/SecCameraHardware( 1819): ####### android::SecCameraHardware::SecCameraHardware() after t_camera_lock 
D/S3C6410Camera( 1819): ##############::android::S3C6410Camera::S3C6410Camera()::create instance
E/S3C6410Camera( 1819): int android::S3C6410Camera::m_createCamera()::open(/dev/video0) fail on 0 errorno : No such file or directory
E/S3C6410Camera( 1819): android::S3C6410Camera::S3C6410Camera()::m_createCamera fail 
E/SecCameraHardware( 1819): android::SecCameraHardware::SecCameraHardware()::t_camera->flagCreate() fail 
D/S3C6410Camera( 1819): ##############::android::S3C6410Camera::~S3C6410Camera()::destory instance
E/S3C6410Camera( 1819): int android::S3C6410Camera::m_setBatteryCompensationTable(int)::open(/sys/class/power_supply/battery/camera) fail
E/S3C6410Camera( 1819): android::S3C6410Camera::~S3C6410Camera()::m_setBatteryCompensationTable(0) fail 
E/SecCameraHardware( 1819): void android::SecCameraHardware::m_setParameters2Default()::t_camera == NULL fail
E/SecCameraHardware( 1819): static android::sp<android::CameraHardwareInterface> android::SecCameraHardware::createInstance()::new SecCameraHardware() fail 
D/SecCameraHardware( 1819): ####### virtual android::SecCameraHardware::~SecCameraHardware() before m_autofocus_lock 
D/SecCameraHardware( 1819): ####### virtual android::SecCameraHardware::~SecCameraHardware() after m_autofocus_lock 
D/SecCameraHardware( 1819): ####### virtual android::SecCameraHardware::~SecCameraHardware() before m_picture_lock 
D/SecCameraHardware( 1819): ####### virtual android::SecCameraHardware::~SecCameraHardware() after m_picture_lock 
D/SecCameraHardware( 1819): ####### virtual android::SecCameraHardware::~SecCameraHardware() before t_camera_lock 
D/SecCameraHardware( 1819): ####### virtual android::SecCameraHardware::~SecCameraHardware() after t_camera_lock 
D/SecCameraHardware( 1819): ####### virtual android::SecCameraHardware::~SecCameraHardware() before m_autofocus_lock 
D/SecCameraHardware( 1819): ####### virtual android::SecCameraHardware::~SecCameraHardware() after m_autofocus_lock 
D/SecCameraHardware( 1819): ####### virtual android::SecCameraHardware::~SecCameraHardware() before m_picture_lock 
D/SecCameraHardware( 1819): ####### virtual android::SecCameraHardware::~SecCameraHardware() after m_picture_lock 
D/SecCameraHardware( 1819): ####### virtual android::SecCameraHardware::~SecCameraHardware() before t_camera_lock 
D/SecCameraHardware( 1819): ####### virtual android::SecCameraHardware::~SecCameraHardware() after t_camera_lock 
I/DEBUG   ( 1815): *** *** *** *** *** *** *** *** *** *** *** *** *** *** *** ***
I/DEBUG   ( 1815): Build fingerprint: 'samsung/GT-I5700/GT-I5700/GT-I5700:2.2.2/FRG83G/60505:user/release-keys'
I/DEBUG   ( 1815): pid: 1819, tid: 1861  >>> /system/bin/mediaserver <<<
I/DEBUG   ( 1815): signal 11 (SIGSEGV), fault addr 00000000
I/DEBUG   ( 1815):  r0 00000000  r1 40406c9c  r2 afd428f8  r3 00000000
I/DEBUG   ( 1815):  r4 40406c9c  r5 00018ac0  r6 00000000  r7 a250c040
I/DEBUG   ( 1815):  r8 00100000  r9 a261b7ad  10 40307000  fp 0000f468
I/DEBUG   ( 1815):  ip 00000003  sp 40406c78  lr a2508be1  pc a2508be2  cpsr 00000030
I/DEBUG   ( 1815):  d0  bfa2b54d5e017a46  d1  3e66376972bea4d0
I/DEBUG   ( 1815):  d2  3fe81c5753a017a4  d3  3ff0000000000000
I/DEBUG   ( 1815):  d4  bfd2f8823751ddbc  d5  40025f1046ea3bb8
I/DEBUG   ( 1815):  d6  3fb483acf684daa4  d7  3fc81c5753a017a4
I/DEBUG   ( 1815):  d8  0000000000000000  d9  0000000000000000
I/DEBUG   ( 1815):  d10 0000000000000000  d11 0000000000000000
I/DEBUG   ( 1815):  d12 0000000000000000  d13 0000000000000000
I/DEBUG   ( 1815):  d14 0000000000000000  d15 0000000000000000
I/DEBUG   ( 1815):  scr 20000010
I/DEBUG   ( 1815): 
D/Sensors ( 1866): Or not...
D/Sensors ( 1866): Or not...
D/Sensors ( 1866): Or not...
D/Sensors ( 1866): Or not...
