D/Sensors ( 1866): Or not...
D/Sensors ( 1866): Or not...
D/Sensors ( 1866): Or not...
D/Sensors ( 1866): Or not...
D/Sensors ( 1866): Or not...
D/Sensors ( 1866): Or not...
D/Sensors ( 1866): Or not...
D/Sensors ( 1866): Or not...
D/Sensors ( 1866): Or not...
D/Sensors ( 1866): Or not...
D/Sensors ( 1866): Or not...
D/Sensors ( 1866): Or not...
D/Sensors ( 1866): Or not...
D/Sensors ( 1866): Or not...
D/Sensors ( 1866): Or not...
D/Sensors ( 1866): Or not...
D/Sensors ( 1866): Or not...
D/Sensors ( 1866): Or not...
D/Sensors ( 1866): Or not...
D/Sensors ( 1866): Or not...
D/Sensors ( 1866): Or not...
D/Sensors ( 1866): Or not...
D/Sensors ( 1866): Or not...
D/dalvikvm( 2196): GC_EXPLICIT freed 1442 objects / 89896 bytes in 256ms
D/Sensors ( 1866): Or not...
D/Sensors ( 1866): Or not...
D/Sensors ( 1866): Or not...
D/Sensors ( 1866): Or not...
D/Sensors ( 1866): Or not...
D/Sensors ( 1866): Or not...
D/Sensors ( 1866): Or not...
D/Sensors ( 1866): Or not...
D/Sensors ( 1866): Or not...
D/Sensors ( 1866): Or not...
D/Sensors ( 1866): Or not...
D/Sensors ( 1866): Or not...
D/Sensors ( 1866): Or not...
D/Sensors ( 1866): Or not...
D/Sensors ( 1866): Or not...
D/Sensors ( 1866): Or not...
D/Sensors ( 1866): Or not...
D/Sensors ( 1866): Or not...
D/Sensors ( 1866): Or not...
D/Sensors ( 1866): Or not...
D/Sensors ( 1866): Or not...
D/Sensors ( 1866): Or not...
D/Sensors ( 1866): Or not...
D/Sensors ( 1866): Or not...
D/Sensors ( 1866): Or not...
D/Sensors ( 1866): Or not...
D/Sensors ( 1866): Or not...
D/Sensors ( 1866): Or not...
D/Sensors ( 1866): Or not...
D/Sensors ( 1866): Or not...
D/Sensors ( 1866): Or not...
D/Sensors ( 1866): Or not...
D/Sensors ( 1866): Or not...
D/Sensors ( 1866): Or not...
D/Sensors ( 1866): Or not...
D/Sensors ( 1866): Or not...
D/Sensors ( 1866): Or not...
D/Sensors ( 1866): Or not...
D/Sensors ( 1866): Or not...
D/Sensors ( 1866): Or not...
D/Sensors ( 1866): Or not...
D/Sensors ( 1866): Or not...
D/Sensors ( 1866): Or not...
D/Sensors ( 1866): Or not...
D/Sensors ( 1866): Or not...
D/Sensors ( 1866): Or not...
D/Sensors ( 1866): Or not...
D/Sensors ( 1866): Or not...
D/dalvikvm( 2202): GC_EXPLICIT freed 1323 objects / 80976 bytes in 299ms
D/Sensors ( 1866): Or not...
D/Sensors ( 1866): Or not...
D/Sensors ( 1866): Or not...
D/Sensors ( 1866): Or not...
D/Sensors ( 1866): Or not...
D/Sensors ( 1866): Or not...
D/Sensors ( 1866): Or not...
D/Sensors ( 1866): Or not...
D/Sensors ( 1866): Or not...
D/Sensors ( 1866): Or not...
D/Sensors ( 1866): Or not...
D/Sensors ( 1866): Or not...
D/Sensors ( 1866): Or not...
D/Sensors ( 1866): Or not...
D/Sensors ( 1866): Or not...
D/Sensors ( 1866): Or not...
D/Sensors ( 1866): Or not...
D/Sensors ( 1866): Or not...
D/Sensors ( 1866): Or not...
D/Sensors ( 1866): Or not...
D/Sensors ( 1866): Or not...
D/Sensors ( 1866): Or not...
D/Sensors ( 1866): Or not...
D/Sensors ( 1866): Or not...
D/Sensors ( 1866): Or not...
D/Sensors ( 1866): Or not...
D/Sensors ( 1866): Or not...
D/Sensors ( 1866): Or not...
D/Sensors ( 1866): Or not...
D/Sensors ( 1866): Or not...
D/Sensors ( 1866): Or not...
D/Sensors ( 1866): Or not...
D/Sensors ( 1866): Or not...
D/Sensors ( 1866): Or not...
D/Sensors ( 1866): Or not...
D/Sensors ( 1866): Or not...
D/Sensors ( 1866): Or not...
D/Sensors ( 1866): Or not...
D/Sensors ( 1866): Or not...
D/Sensors ( 1866): Or not...
D/Sensors ( 1866): Or not...
D/Sensors ( 1866): Or not...
D/Sensors ( 1866): Or not...
D/Sensors ( 1866): Or not...
D/Sensors ( 1866): Or not...
D/Sensors ( 1866): Or not...
D/dalvikvm( 2208): GC_EXPLICIT freed 7546 objects / 408720 bytes in 171ms
D/Sensors ( 1866): Or not...
D/Sensors ( 1866): Or not...
D/Sensors ( 1866): Or not...
D/Sensors ( 1866): Or not...
D/Sensors ( 1866): Or not...
D/Sensors ( 1866): Or not...
D/Sensors ( 1866): Or not...
D/Sensors ( 1866): Or not...
D/Sensors ( 1866): Or not...
D/Sensors ( 1866): Or not...
D/Sensors ( 1866): Or not...
D/Sensors ( 1866): Or not...
D/Sensors ( 1866): Or not...
D/Sensors ( 1866): Or not...
D/Sensors ( 1866): Or not...
D/Sensors ( 1866): Or not...
D/Sensors ( 1866): Or not...
D/Sensors ( 1866): Or not...
D/Sensors ( 1866): Or not...
D/Sensors ( 1866): Or not...
D/Sensors ( 1866): Or not...
D/Sensors ( 1866): Or not...
D/Sensors ( 1866): Or not...
D/Sensors ( 1866): Or not...
D/Sensors ( 1866): Or not...
D/Sensors ( 1866): Or not...
D/Sensors ( 1866): Or not...
D/Sensors ( 1866): Or not...
D/Sensors ( 1866): Or not...
D/Sensors ( 1866): Or not...
D/Sensors ( 1866): Or not...
D/Sensors ( 1866): Or not...
D/Sensors ( 1866): Or not...
D/Sensors ( 1866): Or not...
D/Sensors ( 1866): Or not...
D/Sensors ( 1866): Or not...
D/Sensors ( 1866): Or not...
D/Sensors ( 1866): Or not...
D/Sensors ( 1866): Or not...
D/Sensors ( 1866): Or not...
D/Sensors ( 1866): Or not...
D/Sensors ( 1866): Or not...
D/Sensors ( 1866): Or not...
D/Sensors ( 1866): Or not...
D/Sensors ( 1866): Or not...
D/Sensors ( 1866): Or not...
D/Sensors ( 1866): Or not...
D/Sensors ( 1866): Or not...
D/Sensors ( 1866): Or not...
D/Sensors ( 1866): Or not...
D/Sensors ( 1866): Or not...
D/Sensors ( 1866): Or not...
D/Sensors ( 1866): Or not...
D/Sensors ( 1866): Or not...
D/Sensors ( 1866): Or not...
D/Sensors ( 1866): Or not...
D/Sensors ( 1866): Or not...
D/Sensors ( 1866): Or not...
D/Sensors ( 1866): Or not...
D/Sensors ( 1866): Or not...
D/Sensors ( 1866): Or not...
D/Sensors ( 1866): Or not...
D/Sensors ( 1866): Or not...
D/Sensors ( 1866): Or not...
D/Sensors ( 1866): Or not...
D/Sensors ( 1866): Or not...
I/ActivityManager( 1866): Starting activity: Intent { act=android.intent.action.MAIN cat=[android.intent.category.LAUNCHER] flg=0x10200000 cmp=net.samdroid.samdroidtools/.SamdroidTools }
D/Sensors ( 1866): Or not...
D/Sensors ( 1866): Or not...
I/ActivityManager( 1866): Start proc net.samdroid.samdroidtools for activity net.samdroid.samdroidtools/.SamdroidTools: pid=2372 uid=10055 gids={}
D/Sensors ( 1866): Or not...
D/Sensors ( 1866): Or not...
D/Sensors ( 1866): Or not...
D/Sensors ( 1866): Or not...
D/Sensors ( 1866): Or not...
D/Sensors ( 1866): Or not...
D/Sensors ( 1866): Or not...
D/Sensors ( 1866): Or not...
D/Sensors ( 1866): Or not...
D/Sensors ( 1866): Or not...
D/dalvikvm( 2372): No JNI_OnLoad found in /system/lib/libsamdroidtools.so 0x462cb5c0, skipping init
D/Sensors ( 1866): Or not...
D/Sensors ( 1866): Or not...
D/Sensors ( 1866): Or not...
D/Sensors ( 1866): Or not...
I/ActivityManager( 1866): Displayed activity net.samdroid.samdroidtools/.SamdroidTools: 1467 ms (total 1467 ms)
D/Sensors ( 1866): Or not...
D/Sensors ( 1866): Or not...
D/Sensors ( 1866): Or not...
D/Sensors ( 1866): Or not...
D/Sensors ( 1866): Or not...
D/Sensors ( 1866): Or not...
D/Sensors ( 1866): Or not...
D/Sensors ( 1866): Or not...
D/Sensors ( 1866): Or not...
D/Sensors ( 1866): Or not...
D/Sensors ( 1866): Or not...
D/Sensors ( 1866): Or not...
D/Sensors ( 1866): Or not...
D/Sensors ( 1866): Or not...
D/Sensors ( 1866): Or not...
D/Sensors ( 1866): Or not...
D/Sensors ( 1866): Or not...
D/Sensors ( 1866): Or not...
D/Sensors ( 1866): Or not...
D/Sensors ( 1866): Or not...
D/Sensors ( 1866): Or not...
D/Sensors ( 1866): Or not...
D/Sensors ( 1866): Or not...
D/Sensors ( 1866): Or not...
D/Sensors ( 1866): Or not...
D/Sensors ( 1866): Or not...
D/Sensors ( 1866): Or not...
D/Sensors ( 1866): Or not...
D/Sensors ( 1866): Or not...
D/Sensors ( 1866): Or not...
D/Sensors ( 1866): Or not...
D/Sensors ( 1866): Or not...
D/Sensors ( 1866): Or not...
D/Sensors ( 1866): Or not...
D/Sensors ( 1866): Or not...
D/Sensors ( 1866): Or not...
D/Sensors ( 1866): Or not...
D/Sensors ( 1866): Or not...
D/Sensors ( 1866): Or not...
D/Sensors ( 1866): Or not...
D/Sensors ( 1866): Or not...
D/Sensors ( 1866): Or not...
D/Sensors ( 1866): Or not...
D/Sensors ( 1866): Or not...
D/Sensors ( 1866): Or not...
D/Sensors ( 1866): Or not...
D/Sensors ( 1866): Or not...
D/Sensors ( 1866): Or not...
D/Sensors ( 1866): Or not...
D/Sensors ( 1866): Or not...
D/dalvikvm( 2237): GC_EXPLICIT freed 881 objects / 44920 bytes in 276ms
D/Sensors ( 1866): Or not...
D/Sensors ( 1866): Or not...
D/Sensors ( 1866): Or not...
D/Sensors ( 1866): Or not...
D/Sensors ( 1866): Or not...
D/Sensors ( 1866): Or not...
D/Sensors ( 1866): Or not...
D/Sensors ( 1866): Or not...
D/Sensors ( 1866): Or not...
D/Sensors ( 1866): Or not...
D/Sensors ( 1866): Or not...
D/Sensors ( 1866): Or not...
D/Sensors ( 1866): Or not...
D/Sensors ( 1866): Or not...
D/Sensors ( 1866): Or not...
D/Sensors ( 1866): Or not...
D/Sensors ( 1866): Or not...
D/Sensors ( 1866): Or not...
D/Sensors ( 1866): Or not...
D/Sensors ( 1866): Or not...
D/Sensors ( 1866): Or not...
D/Sensors ( 1866): Or not...
D/Sensors ( 1866): Or not...
D/Sensors ( 1866): Or not...
D/Sensors ( 1866): Or not...
D/Sensors ( 1866): Or not...
D/Sensors ( 1866): Or not...
D/Sensors ( 1866): Or not...
D/Sensors ( 1866): Or not...
D/Sensors ( 1866): Or not...
D/Sensors ( 1866): Or not...
D/Sensors ( 1866): Or not...
D/Sensors ( 1866): Or not...
D/Sensors ( 1866): Or not...
D/Sensors ( 1866): Or not...
D/Sensors ( 1866): Or not...
D/Sensors ( 1866): Or not...
D/Sensors ( 1866): Or not...
D/Sensors ( 1866): Or not...
D/Sensors ( 1866): Or not...
D/Sensors ( 1866): Or not...
D/Sensors ( 1866): Or not...
D/Sensors ( 1866): Or not...
D/Sensors ( 1866): Or not...
D/Sensors ( 1866): Or not...
D/Sensors ( 1866): Or not...
D/Sensors ( 1866): Or not...
D/Sensors ( 1866): Or not...
D/Sensors ( 1866): Or not...
D/Sensors ( 1866): Or not...
D/Sensors ( 1866): Or not...
D/Sensors ( 1866): Or not...
D/Sensors ( 1866): Or not...
D/Sensors ( 1866): Or not...
D/Sensors ( 1866): Or not...
D/Sensors ( 1866): Or not...
D/Sensors ( 1866): Or not...
D/Sensors ( 1866): Or not...
D/Sensors ( 1866): Or not...
D/Sensors ( 1866): Or not...
D/Sensors ( 1866): Or not...
D/Sensors ( 1866): Or not...
D/Sensors ( 1866): Or not...
D/Sensors ( 1866): Or not...
D/Sensors ( 1866): Or not...
D/Sensors ( 1866): Or not...
D/Sensors ( 1866): Or not...
D/Sensors ( 1866): Or not...
D/Sensors ( 1866): Or not...
D/Sensors ( 1866): Or not...
I/global  ( 2372): Default buffer size used in BufferedWriter constructor. It would be better to be explicit if an 8k-char buffer is required.
I/global  ( 2372): Default buffer size used in BufferedWriter constructor. It would be better to be explicit if an 8k-char buffer is required.
D/Sensors ( 1866): Or not...
D/Sensors ( 1866): Or not...
D/Sensors ( 1866): Or not...
D/Sensors ( 1866): Or not...
D/Sensors ( 1866): Or not...
D/Sensors ( 1866): Or not...
D/Sensors ( 1866): Or not...
D/Sensors ( 1866): Or not...
D/Sensors ( 1866): Or not...
D/Sensors ( 1866): Or not...
D/Sensors ( 1866): Or not...
D/Sensors ( 1866): Or not...
D/Sensors ( 1866): Or not...
D/Sensors ( 1866): Or not...
D/Sensors ( 1866): Or not...
D/Sensors ( 1866): Or not...
D/Sensors ( 1866): Or not...
D/Sensors ( 1866): Or not...
E/su      ( 2387): Notifications check failed with error message no such table: prefs
E/su      ( 2387): chown(socket) failed with 1: Operation not permitted
W/su      ( 2387): request rejected (10055->0 /data/data/net.samdroid.samdroidtools/samdroidcmd.sh)
I/global  ( 2372): Default buffer size used in BufferedWriter constructor. It would be better to be explicit if an 8k-char buffer is required.
D/Sensors ( 1866): Or not...
D/Sensors ( 1866): Or not...
E/su      ( 2390): Notifications check failed with error message no such table: prefs
E/su      ( 2390): chown(socket) failed with 1: Operation not permitted
W/su      ( 2390): request rejected (10055->0 /data/data/net.samdroid.samdroidtools/samdroidcmd.sh)
I/global  ( 2372): Default buffer size used in BufferedWriter constructor. It would be better to be explicit if an 8k-char buffer is required.
D/Sensors ( 1866): Or not...
D/Sensors ( 1866): Or not...
D/Sensors ( 1866): Or not...
D/Sensors ( 1866): Or not...
E/su      ( 2393): Notifications check failed with error message no such table: prefs
E/su      ( 2393): chown(socket) failed with 1: Operation not permitted
W/su      ( 2393): request rejected (10055->0 /data/data/net.samdroid.samdroidtools/samdroidcmd.sh)
I/global  ( 2372): Default buffer size used in BufferedWriter constructor. It would be better to be explicit if an 8k-char buffer is required.
D/Sensors ( 1866): Or not...
D/Sensors ( 1866): Or not...
D/Sensors ( 1866): Or not...
D/Sensors ( 1866): Or not...
E/su      ( 2396): Notifications check failed with error message no such table: prefs
E/su      ( 2396): chown(socket) failed with 1: Operation not permitted
W/su      ( 2396): request rejected (10055->0 /data/data/net.samdroid.samdroidtools/samdroidcmd.sh)
W/InputManagerService( 1866): Window already focused, ignoring focus gain of: com.android.internal.view.IInputMethodClient$Stub$Proxy@45fd5e88
D/Sensors ( 1866): Or not...
D/Sensors ( 1866): Or not...
D/Sensors ( 1866): Or not...
D/Sensors ( 1866): Or not...
D/Sensors ( 1866): Or not...
D/Sensors ( 1866): Or not...
D/Sensors ( 1866): Or not...
D/Sensors ( 1866): Or not...
D/Sensors ( 1866): Or not...
D/Sensors ( 1866): Or not...
D/Sensors ( 1866): Or not...
D/Sensors ( 1866): Or not...
D/Sensors ( 1866): Or not...
D/Sensors ( 1866): Or not...
D/Sensors ( 1866): Or not...
D/Sensors ( 1866): Or not...
D/dalvikvm( 2372): GC_EXTERNAL_ALLOC freed 2595 objects / 329384 bytes in 169ms
D/Sensors ( 1866): Or not...
D/Sensors ( 1866): Or not...
D/Sensors ( 1866): Or not...
D/Sensors ( 1866): Or not...
D/Sensors ( 1866): Or not...
D/Sensors ( 1866): Or not...
D/Sensors ( 1866): Or not...
D/Sensors ( 1866): Or not...
D/Sensors ( 1866): Or not...
D/Sensors ( 1866): Or not...
D/Sensors ( 1866): Or not...
D/Sensors ( 1866): Or not...
D/Sensors ( 1866): Or not...
D/Sensors ( 1866): Or not...
D/Sensors ( 1866): Or not...
D/Sensors ( 1866): Or not...
D/Sensors ( 1866): Or not...
D/Sensors ( 1866): Or not...
D/Sensors ( 1866): Or not...
D/Sensors ( 1866): Or not...
D/Sensors ( 1866): Or not...
D/Sensors ( 1866): Or not...
D/Sensors ( 1866): Or not...
D/Sensors ( 1866): Or not...
D/Sensors ( 1866): Or not...
D/Sensors ( 1866): Or not...
D/Sensors ( 1866): Or not...
D/Sensors ( 1866): Or not...
D/Sensors ( 1866): Or not...
D/Sensors ( 1866): Or not...
D/Sensors ( 1866): Or not...
D/Sensors ( 1866): Or not...
D/Sensors ( 1866): Or not...
D/Sensors ( 1866): Or not...
D/Sensors ( 1866): Or not...
D/Sensors ( 1866): Or not...
D/Sensors ( 1866): Or not...
D/Sensors ( 1866): Or not...
W/KeyCharacterMap( 2372): No keyboard for id 0
W/KeyCharacterMap( 2372): Using default keymap: /system/usr/keychars/qwerty.kcm.bin
D/Sensors ( 1866): Or not...
D/Sensors ( 1866): Or not...
D/Sensors ( 1866): Or not...
D/Sensors ( 1866): Or not...
D/Sensors ( 1866): Or not...
D/Sensors ( 1866): Or not...
W/InputManagerService( 1866): Starting input on non-focused client com.android.internal.view.IInputMethodClient$Stub$Proxy@46255920 (uid=10055 pid=2372)
D/Sensors ( 1866): Or not...
D/Sensors ( 1866): Or not...
D/Sensors ( 1866): Or not...
D/Sensors ( 1866): Or not...
D/Sensors ( 1866): Or not...
D/Sensors ( 1866): Or not...
I/ActivityManager( 1866): No longer want com.android.serviceModeApp (pid 2165): hidden #16
D/Sensors ( 1866): Or not...
D/Sensors ( 1866): Or not...
D/Sensors ( 1866): Or not...
D/Sensors ( 1866): Or not...
D/Sensors ( 1866): Or not...
D/Sensors ( 1866): Or not...
D/Sensors ( 1866): Or not...
D/Sensors ( 1866): Or not...
D/Sensors ( 1866): Or not...
D/Sensors ( 1866): Or not...
D/Sensors ( 1866): Or not...
D/Sensors ( 1866): Or not...
D/Sensors ( 1866): Or not...
D/Sensors ( 1866): Or not...
D/Sensors ( 1866): Or not...
D/Sensors ( 1866): Or not...
D/Sensors ( 1866): Or not...
D/Sensors ( 1866): Or not...
D/Sensors ( 1866): Or not...
D/Sensors ( 1866): Or not...
D/Sensors ( 1866): Or not...
D/Sensors ( 1866): Or not...
D/Sensors ( 1866): Or not...
D/Sensors ( 1866): Or not...
D/Sensors ( 1866): Or not...
D/Sensors ( 1866): Or not...
D/Sensors ( 1866): Or not...
D/Sensors ( 1866): Or not...
D/Sensors ( 1866): Or not...
D/Sensors ( 1866): Or not...
D/Sensors ( 1866): Or not...
D/Sensors ( 1866): Or not...
D/Sensors ( 1866): Or not...
D/Sensors ( 1866): Or not...
D/Sensors ( 1866): Or not...
D/Sensors ( 1866): Or not...
D/Sensors ( 1866): Or not...
D/Sensors ( 1866): Or not...
D/Sensors ( 1866): Or not...
D/Sensors ( 1866): Or not...
D/Sensors ( 1866): Or not...
D/Sensors ( 1866): Or not...
D/Sensors ( 1866): Or not...
D/Sensors ( 1866): Or not...
D/Sensors ( 1866): Or not...
D/Sensors ( 1866): Or not...
D/Sensors ( 1866): Or not...
D/Sensors ( 1866): Or not...
D/Sensors ( 1866): Or not...
D/Sensors ( 1866): Or not...
D/Sensors ( 1866): Or not...
D/Sensors ( 1866): Or not...
D/Sensors ( 1866): Or not...
D/Sensors ( 1866): Or not...
D/Sensors ( 1866): Or not...
D/Sensors ( 1866): Or not...
D/Sensors ( 1866): Or not...
D/Sensors ( 1866): Or not...
D/Sensors ( 1866): Or not...
D/Sensors ( 1866): Or not...
D/Sensors ( 1866): Or not...
D/Sensors ( 1866): Or not...
D/Sensors ( 1866): Or not...
D/Sensors ( 1866): Or not...
D/Sensors ( 1866): Or not...
D/Sensors ( 1866): Or not...
D/Sensors ( 1866): Or not...
D/Sensors ( 1866): Or not...
D/Sensors ( 1866): Or not...
D/Sensors ( 1866): Or not...
D/Sensors ( 1866): Or not...
D/Sensors ( 1866): Or not...
D/Sensors ( 1866): Or not...
D/Sensors ( 1866): Or not...
D/Sensors ( 1866): Or not...
D/Sensors ( 1866): Or not...
D/Sensors ( 1866): Or not...
D/Sensors ( 1866): Or not...
D/Sensors ( 1866): Or not...
D/Sensors ( 1866): Or not...
W/KeyCharacterMap( 2237): No keyboard for id 0
W/KeyCharacterMap( 2237): Using default keymap: /system/usr/keychars/qwerty.kcm.bin
D/Sensors ( 1866): Or not...
D/Sensors ( 1866): Or not...
D/Sensors ( 1866): Or not...
D/Sensors ( 1866): Or not...
D/Sensors ( 1866): Or not...
D/Sensors ( 1866): Or not...
D/Sensors ( 1866): Or not...
D/Sensors ( 1866): Or not...
D/Sensors ( 1866): Or not...
D/Sensors ( 1866): Or not...
D/Sensors ( 1866): Or not...
D/Sensors ( 1866): Or not...
D/Sensors ( 1866): Or not...
D/Sensors ( 1866): Or not...
D/Sensors ( 1866): Or not...
D/Sensors ( 1866): Or not...
D/Sensors ( 1866): Or not...
D/Sensors ( 1866): Or not...
D/Sensors ( 1866): Or not...
D/Sensors ( 1866): Or not...
D/Sensors ( 1866): Or not...
D/Sensors ( 1866): Or not...
D/Sensors ( 1866): Or not...
D/Sensors ( 1866): Or not...
D/Sensors ( 1866): Or not...
D/Sensors ( 1866): Or not...
D/Sensors ( 1866): Or not...
D/Sensors ( 1866): Or not...
D/Sensors ( 1866): Or not...
D/Sensors ( 1866): Or not...
D/Sensors ( 1866): Or not...
D/Sensors ( 1866): Or not...
D/Sensors ( 1866): Or not...
D/Sensors ( 1866): Or not...
D/Sensors ( 1866): Or not...
D/Sensors ( 1866): Or not...
D/Sensors ( 1866): Or not...
D/Sensors ( 1866): Or not...
D/Sensors ( 1866): Or not...
D/Sensors ( 1866): Or not...
D/Sensors ( 1866): Or not...
D/Sensors ( 1866): Or not...
D/Sensors ( 1866): Or not...
D/Sensors ( 1866): Or not...
D/Sensors ( 1866): Or not...
D/Sensors ( 1866): Or not...
D/Sensors ( 1866): Or not...
D/Sensors ( 1866): Or not...
W/Process ( 1866): Unable to open /proc/2165/status
D/Sensors ( 1866): Or not...
D/Sensors ( 1866): Or not...
D/Sensors ( 1866): Or not...
D/Sensors ( 1866): Or not...
D/Sensors ( 1866): Or not...
D/Sensors ( 1866): Or not...
D/Sensors ( 1866): Or not...
D/Sensors ( 1866): Or not...
D/Sensors ( 1866): Or not...
D/Sensors ( 1866): Or not...
D/Sensors ( 1866): Or not...
D/Sensors ( 1866): Or not...
D/Sensors ( 1866): Or not...
D/Sensors ( 1866): Or not...
D/Sensors ( 1866): Or not...
D/Sensors ( 1866): Or not...
D/Sensors ( 1866): Or not...
D/Sensors ( 1866): Or not...
D/Sensors ( 1866): Or not...
D/Sensors ( 1866): Or not...
D/Sensors ( 1866): Or not...
D/Sensors ( 1866): Or not...
D/dalvikvm( 2237): GC_EXTERNAL_ALLOC freed 861 objects / 54008 bytes in 71ms
D/Sensors ( 1866): Or not...
D/Sensors ( 1866): Or not...
D/Sensors ( 1866): Or not...
D/Sensors ( 1866): Or not...
D/Sensors ( 1866): Or not...
D/Sensors ( 1866): Or not...
D/Sensors ( 1866): Or not...
D/Sensors ( 1866): Or not...
D/Sensors ( 1866): Or not...
D/Sensors ( 1866): Or not...
D/Sensors ( 1866): Or not...
D/Sensors ( 1866): Or not...
D/Sensors ( 1866): Or not...
D/Sensors ( 1866): Or not...
D/Sensors ( 1866): Or not...
D/Sensors ( 1866): Or not...
D/Sensors ( 1866): Or not...
D/Sensors ( 1866): Or not...
D/Sensors ( 1866): Or not...
D/Sensors ( 1866): Or not...
D/Sensors ( 1866): Or not...
D/Sensors ( 1866): Or not...
D/Sensors ( 1866): Or not...
D/Sensors ( 1866): Or not...
D/Sensors ( 1866): Or not...
D/Sensors ( 1866): Or not...
D/Sensors ( 1866): Or not...
D/Sensors ( 1866): Or not...
D/Sensors ( 1866): Or not...
D/Sensors ( 1866): Or not...
D/Sensors ( 1866): Or not...
D/Sensors ( 1866): Or not...
D/Sensors ( 1866): Or not...
D/Sensors ( 1866): Or not...
D/Sensors ( 1866): Or not...
D/Sensors ( 1866): Or not...
D/Sensors ( 1866): Or not...
D/Sensors ( 1866): Or not...
D/Sensors ( 1866): Or not...
D/Sensors ( 1866): Or not...
D/Sensors ( 1866): Or not...
D/Sensors ( 1866): Or not...
D/Sensors ( 1866): Or not...
D/Sensors ( 1866): Or not...
D/Sensors ( 1866): Or not...
D/Sensors ( 1866): Or not...
D/Sensors ( 1866): Or not...
D/Sensors ( 1866): Or not...
D/Sensors ( 1866): Or not...
D/Sensors ( 1866): Or not...
I/ActivityManager( 1866): Starting activity: Intent { act=android.intent.action.MAIN cat=[android.intent.category.LAUNCHER] flg=0x10200000 cmp=com.android.settings/.Settings }
D/Sensors ( 1866): Or not...
D/Sensors ( 1866): Or not...
I/ActivityManager( 1866): Start proc com.android.settings for activity com.android.settings/.Settings: pid=2410 uid=1000 gids={3003, 3002, 3001, 1015}
D/Sensors ( 1866): Or not...
D/Sensors ( 1866): Or not...
D/Sensors ( 1866): Or not...
D/Sensors ( 1866): Or not...
D/Sensors ( 1866): Or not...
D/Sensors ( 1866): Or not...
D/Sensors ( 1866): Or not...
D/Sensors ( 1866): Or not...
D/Sensors ( 1866): Or not...
D/Sensors ( 1866): Or not...
D/Sensors ( 1866): Or not...
D/Sensors ( 1866): Or not...
D/Sensors ( 1866): Or not...
D/Sensors ( 1866): Or not...
D/Sensors ( 1866): Or not...
D/Sensors ( 1866): Or not...
I/ActivityManager( 1866): Displayed activity com.android.settings/.Settings: 1687 ms (total 1687 ms)
D/Sensors ( 1866): Or not...
D/Sensors ( 1866): Or not...
D/Sensors ( 1866): Or not...
D/Sensors ( 1866): Or not...
D/Sensors ( 1866): Or not...
D/Sensors ( 1866): Or not...
D/Sensors ( 1866): Or not...
D/Sensors ( 1866): Or not...
D/Sensors ( 1866): Or not...
D/Sensors ( 1866): Or not...
D/Sensors ( 1866): Or not...
D/Sensors ( 1866): Or not...
D/Sensors ( 1866): Or not...
D/Sensors ( 1866): Or not...
D/Sensors ( 1866): Or not...
D/Sensors ( 1866): Or not...
D/Sensors ( 1866): Or not...
D/Sensors ( 1866): Or not...
D/Sensors ( 1866): Or not...
D/Sensors ( 1866): Or not...
D/Sensors ( 1866): Or not...
D/Sensors ( 1866): Or not...
D/Sensors ( 1866): Or not...
D/Sensors ( 1866): Or not...
D/Sensors ( 1866): Or not...
D/Sensors ( 1866): Or not...
D/Sensors ( 1866): Or not...
D/Sensors ( 1866): Or not...
D/Sensors ( 1866): Or not...
D/Sensors ( 1866): Or not...
D/Sensors ( 1866): Or not...
D/Sensors ( 1866): Or not...
D/Sensors ( 1866): Or not...
D/Sensors ( 1866): Or not...
D/Sensors ( 1866): Or not...
D/Sensors ( 1866): Or not...
I/ActivityManager( 1866): Starting activity: Intent { act=android.intent.action.MAIN cmp=com.android.settings/.WirelessSettings }
D/Sensors ( 1866): Or not...
D/Sensors ( 1866): Or not...
D/Sensors ( 1866): Or not...
D/Sensors ( 1866): Or not...
D/Sensors ( 1866): Or not...
D/Sensors ( 1866): Or not...
D/Sensors ( 1866): Or not...
D/Sensors ( 1866): Or not...
I/ActivityManager( 1866): Displayed activity com.android.settings/.WirelessSettings: 736 ms (total 736 ms)
D/Sensors ( 1866): Or not...
D/Sensors ( 1866): Or not...
D/Sensors ( 1866): Or not...
D/Sensors ( 1866): Or not...
D/Sensors ( 1866): Or not...
D/Sensors ( 1866): Or not...
D/Sensors ( 1866): Or not...
D/Sensors ( 1866): Or not...
D/Sensors ( 1866): Or not...
D/Sensors ( 1866): Or not...
D/Sensors ( 1866): Or not...
D/Sensors ( 1866): Or not...
D/Sensors ( 1866): Or not...
D/Sensors ( 1866): Or not...
D/Sensors ( 1866): Or not...
D/Sensors ( 1866): Or not...
D/Sensors ( 1866): Or not...
D/Sensors ( 1866): Or not...
I/ActivityManager( 1866): Starting activity: Intent { act=android.intent.action.MAIN cmp=com.android.settings/.wifi.WifiSettings }
D/Sensors ( 1866): Or not...
D/Sensors ( 1866): Or not...
D/dalvikvm( 2410): GC_FOR_MALLOC freed 2936 objects / 191640 bytes in 71ms
D/Sensors ( 1866): Or not...
D/Sensors ( 1866): Or not...
D/Sensors ( 1866): Or not...
D/Sensors ( 1866): Or not...
I/ActivityManager( 1866): Displayed activity com.android.settings/.wifi.WifiSettings: 563 ms (total 563 ms)
D/Sensors ( 1866): Or not...
D/Sensors ( 1866): Or not...
D/Sensors ( 1866): Or not...
D/Sensors ( 1866): Or not...
D/Sensors ( 1866): Or not...
D/Sensors ( 1866): Or not...
D/Sensors ( 1866): Or not...
D/Sensors ( 1866): Or not...
D/Sensors ( 1866): Or not...
D/Sensors ( 1866): Or not...
D/Sensors ( 1866): Or not...
D/Sensors ( 1866): Or not...
D/Sensors ( 1866): Or not...
D/Sensors ( 1866): Or not...
D/Sensors ( 1866): Or not...
D/Sensors ( 1866): Or not...
D/Sensors ( 1866): Or not...
D/Sensors ( 1866): Or not...
D/Sensors ( 1866): Or not...
D/Sensors ( 1866): Or not...
D/Sensors ( 1866): Or not...
D/Sensors ( 1866): Or not...
D/Sensors ( 1866): Or not...
D/Sensors ( 1866): Or not...
D/Sensors ( 1866): Or not...
D/Sensors ( 1866): Or not...
D/ConnectivityService( 1866): getMobileDataEnabled returning true
I/GPSButton( 1866): Update State
D/Sensors ( 1866): Or not...
D/Sensors ( 1866): Or not...
D/SettingsAppWidgetProvider( 2410): Widget is from a previous version... Let's update
D/SettingsAppWidgetProvider( 2410): No instances yet... Wait for at least one instance to exist before adding global settings
D/Sensors ( 1866): Or not...
D/Sensors ( 1866): Or not...
D/ConnectivityService( 1866): getMobileDataEnabled returning true
D/Sensors ( 1866): Or not...
D/Sensors ( 1866): Or not...
D/Sensors ( 1866): Or not...
D/Sensors ( 1866): Or not...
D/Sensors ( 1866): Or not...
D/Sensors ( 1866): Or not...
D/Sensors ( 1866): Or not...
D/Sensors ( 1866): Or not...
D/ConnectivityService( 1866): getMobileDataEnabled returning true
I/GPSButton( 1866): Update State
D/Sensors ( 1866): Or not...
D/Sensors ( 1866): Or not...
D/Tethering( 1866): eth0 is not a tetherable iface, ignoring
D/Sensors ( 1866): Or not...
D/Sensors ( 1866): Or not...
D/Sensors ( 1866): Or not...
D/Sensors ( 1866): Or not...
V/WifiStateTracker( 1866): Connection to supplicant established, state=DISCONNECTED
D/NetworkStateTracker( 1866): setDetailed state, old =IDLE and new state=DISCONNECTED
I/wpa_supplicant( 2432): CTRL-EVENT-STATE-CHANGE id=-1 state=2
V/WifiMonitor( 1866): Event [CTRL-EVENT-STATE-CHANGE id=-1 state=2]
I/wpa_supplicant( 2432): CTRL-EVENT-SCAN-RESULTS  Ready
D/SettingsAppWidgetProvider( 2410): Widget is from a previous version... Let's update
D/SettingsAppWidgetProvider( 2410): No instances yet... Wait for at least one instance to exist before adding global settings
D/ConnectivityService( 1866): ConnectivityChange for WIFI: DISCONNECTED/DISCONNECTED
D/ConnectivityService( 1866): getMobileDataEnabled returning true
D/ConnectivityService( 1866): getMobileDataEnabled returning true
D/DataConnectionTracker( 1946): enableApnType(default), isApnTypeActive = false and state = IDLE
D/DataConnectionTracker( 1946): type not available
V/NetworkMonitor( 2229): Intent { act=android.net.conn.CONNECTIVITY_CHANGE flg=0x30000000 (has extras) }
D/Tethering( 1866): Tethering got CONNECTIVITY_ACTION
D/Sensors ( 1866): Or not...
D/Sensors ( 1866): Or not...
V/WifiStateTracker( 1866): Changing supplicant state: DISCONNECTED ==> SCANNING
D/NetworkStateTracker( 1866): setDetailed state, old =DISCONNECTED and new state=SCANNING
D/Tethering( 1866): MasterInitialState.processMessage what=3
E/HierarchicalStateMachine( 1866): TetherMaster - unhandledMessage: msg.what=3
D/ConnectivityService( 1866): Dropping ConnectivityChange for WIFI: DISCONNECTED/SCANNING
I/ActivityManager( 1866): Start proc com.google.android.gm for broadcast com.google.android.gm/.downloadprovider.DownloadReceiver: pid=2439 uid=10040 gids={3003, 1015}
V/NetworkMonitor( 2229): Network is DOWN, Checkin has NOT succeeded, GLS IS connected
D/Sensors ( 1866): Or not...
D/Sensors ( 1866): Or not...
I/wpa_supplicant( 2432): CTRL-EVENT-SCAN-RESULTS  Ready
I/wpa_supplicant( 2432): Trying to associate with 00:15:6d:fe:4a:84 (SSID='SON SEA POOL' freq=2412 MHz)
I/wpa_supplicant( 2432): CTRL-EVENT-STATE-CHANGE id=-1 state=3
V/WifiMonitor( 1866): Event [Trying to associate with 00:15:6d:fe:4a:84 (SSID='SON SEA POOL' freq=2412 MHz)]
V/WifiMonitor( 1866): Event [CTRL-EVENT-STATE-CHANGE id=-1 state=3]
V/WifiStateTracker( 1866): Changing supplicant state: SCANNING ==> ASSOCIATING
D/NetworkStateTracker( 1866): setDetailed state, old =SCANNING and new state=CONNECTING
D/ConnectivityService( 1866): ConnectivityChange for WIFI: CONNECTING/CONNECTING
D/Sensors ( 1866): Or not...
D/Sensors ( 1866): Or not...
I/ActivityThread( 2439): Publishing provider gmail-ls: com.google.android.gm.provider.MailProvider
D/Sensors ( 1866): Or not...
D/Sensors ( 1866): Or not...
I/ActivityThread( 2439): Publishing provider com.google.android.gm.attachmentspreviews: com.google.android.gm.AttachmentPreviewProvider
I/ActivityThread( 2439): Publishing provider com.google.android.gmail.SuggestionProvider: com.google.android.gm.SuggestionsProvider
I/ActivityThread( 2439): Publishing provider gmail-downloads: com.google.android.gm.downloadprovider.DownloadProvider
D/Sensors ( 1866): Or not...
D/Sensors ( 1866): Or not...
I/GTalkService( 1966): [ServiceAutoStarter] --- connectivity changed
I/GTalkService( 1966): [ServiceAutoStarter] --- start GTalk service ---
I/MediaUploader( 2278): No need to wake up
D/GTalkService( 1966): [GTalkService.1] ### onCreate ###
D/Sensors ( 1866): Or not...
D/Sensors ( 1866): Or not...
D/Sensors ( 1866): Or not...
D/Sensors ( 1866): Or not...
D/Sensors ( 1866): Or not...
D/Sensors ( 1866): Or not...
D/GTalkService( 1966): [GTalkService.1] setBackgroundDataWithLock: mBackgroundDataEnabled=true
D/GTalkService( 1966): [GTalkService.1] onStartCommand: found 0 connections, force audit connections...
D/GoogleLoginService( 1966): onBind: Intent { act=android.accounts.AccountAuthenticator cmp=com.google.android.gsf/.loginservice.GoogleLoginService }
D/Sensors ( 1866): Or not...
D/Sensors ( 1866): Or not...
W/GoogleLoginService( 1966): Device has no accounts: sending Intent { act=com.google.android.gsf.LOGIN_ACCOUNTS_MISSING }
D/GTalkService( 1966): [GTalkService.16] account missing
D/GTalkService( 1966): [GTalkService.15] account missing
D/Sensors ( 1866): Or not...
D/Sensors ( 1866): Or not...
D/Sensors ( 1866): Or not...
D/Sensors ( 1866): Or not...
D/Sensors ( 1866): Or not...
D/Sensors ( 1866): Or not...
D/Sensors ( 1866): Or not...
D/Sensors ( 1866): Or not...
D/Sensors ( 1866): Or not...
D/Sensors ( 1866): Or not...
D/Sensors ( 1866): Or not...
D/Sensors ( 1866): Or not...
D/Sensors ( 1866): Or not...
D/Sensors ( 1866): Or not...
D/Sensors ( 1866): Or not...
D/Sensors ( 1866): Or not...
D/Sensors ( 1866): Or not...
D/Sensors ( 1866): Or not...
D/Sensors ( 1866): Or not...
D/Sensors ( 1866): Or not...
D/Sensors ( 1866): Or not...
D/Sensors ( 1866): Or not...
D/Sensors ( 1866): Or not...
D/Sensors ( 1866): Or not...
D/Sensors ( 1866): Or not...
D/Sensors ( 1866): Or not...
D/Sensors ( 1866): Or not...
D/Sensors ( 1866): Or not...
D/Sensors ( 1866): Or not...
D/Sensors ( 1866): Or not...
D/Sensors ( 1866): Or not...
D/Sensors ( 1866): Or not...
D/Sensors ( 1866): Or not...
D/Sensors ( 1866): Or not...
D/Sensors ( 1866): Or not...
D/Sensors ( 1866): Or not...
D/Sensors ( 1866): Or not...
D/Sensors ( 1866): Or not...
D/Sensors ( 1866): Or not...
D/Sensors ( 1866): Or not...
D/Sensors ( 1866): Or not...
D/Sensors ( 1866): Or not...
D/Sensors ( 1866): Or not...
D/Sensors ( 1866): Or not...
D/Sensors ( 1866): Or not...
D/Sensors ( 1866): Or not...
D/Sensors ( 1866): Or not...
D/Sensors ( 1866): Or not...
D/dalvikvm( 2278): GC_EXPLICIT freed 1025 objects / 74072 bytes in 83ms
I/wpa_supplicant( 2432): CTRL-EVENT-SCAN-RESULTS  Ready
D/Sensors ( 1866): Or not...
D/Sensors ( 1866): Or not...
D/Sensors ( 1866): Or not...
D/Sensors ( 1866): Or not...
D/Sensors ( 1866): Or not...
D/Sensors ( 1866): Or not...
D/Sensors ( 1866): Or not...
D/Sensors ( 1866): Or not...
D/Sensors ( 1866): Or not...
D/Sensors ( 1866): Or not...
D/Sensors ( 1866): Or not...
D/Sensors ( 1866): Or not...
D/Sensors ( 1866): Or not...
D/Sensors ( 1866): Or not...
D/Sensors ( 1866): Or not...
D/Sensors ( 1866): Or not...
D/Sensors ( 1866): Or not...
D/Sensors ( 1866): Or not...
D/Sensors ( 1866): Or not...
D/Sensors ( 1866): Or not...
D/Sensors ( 1866): Or not...
D/Sensors ( 1866): Or not...
D/Sensors ( 1866): Or not...
D/Sensors ( 1866): Or not...
D/Sensors ( 1866): Or not...
D/Sensors ( 1866): Or not...
D/Sensors ( 1866): Or not...
D/Sensors ( 1866): Or not...
W/KeyCharacterMap( 2410): No keyboard for id 0
W/KeyCharacterMap( 2410): Using default keymap: /system/usr/keychars/qwerty.kcm.bin
D/Sensors ( 1866): Or not...
D/Sensors ( 1866): Or not...
I/dalvikvm( 2410): Jit: resizing JitTable from 512 to 1024
D/Sensors ( 1866): Or not...
D/Sensors ( 1866): Or not...
D/Sensors ( 1866): Or not...
D/Sensors ( 1866): Or not...
I/wpa_supplicant( 2432): Authentication with 00:15:6d:fe:4a:84 timed out.
I/wpa_supplicant( 2432): CTRL-EVENT-STATE-CHANGE id=0 state=0
I/wpa_supplicant( 2432): CTRL-EVENT-STATE-CHANGE id=-1 state=2
V/WifiMonitor( 1866): Event [Authentication with 00:15:6d:fe:4a:84 timed out.]
V/WifiMonitor( 1866): Event [CTRL-EVENT-STATE-CHANGE id=0 state=0]
V/WifiStateTracker( 1866): Changing supplicant state: ASSOCIATING ==> DISCONNECTED
V/WifiMonitor( 1866): Event [CTRL-EVENT-STATE-CHANGE id=-1 state=2]
V/WifiStateTracker( 1866): Changing supplicant state: DISCONNECTED ==> SCANNING
D/Sensors ( 1866): Or not...
D/Sensors ( 1866): Or not...
D/Sensors ( 1866): Or not...
D/Sensors ( 1866): Or not...
D/Sensors ( 1866): Or not...
D/Sensors ( 1866): Or not...
I/wpa_supplicant( 2432): CTRL-EVENT-SCAN-RESULTS  Ready
D/Sensors ( 1866): Or not...
D/Sensors ( 1866): Or not...
D/Sensors ( 1866): Or not...
D/Sensors ( 1866): Or not...
D/Sensors ( 1866): Or not...
D/Sensors ( 1866): Or not...
D/Sensors ( 1866): Or not...
D/Sensors ( 1866): Or not...
D/Sensors ( 1866): Or not...
D/Sensors ( 1866): Or not...
D/Sensors ( 1866): Or not...
D/Sensors ( 1866): Or not...
D/Sensors ( 1866): Or not...
D/Sensors ( 1866): Or not...
D/Sensors ( 1866): Or not...
D/Sensors ( 1866): Or not...
D/BluetoothService( 1866): Bluetooth state 10 -> 11
D/ConnectivityService( 1866): getMobileDataEnabled returning true
I/GPSButton( 1866): Update State
E/bluedroid( 1866): open(/sys/class/rfkill/rfkill0/state) for write failed: Permission denied (13)
V/BluetoothEventRedirector( 2410): Received android.bluetooth.adapter.action.STATE_CHANGED
D/BluetoothService( 1866): Bluetooth state 11 -> 10
D/ConnectivityService( 1866): getMobileDataEnabled returning true
I/GPSButton( 1866): Update State
D/Sensors ( 1866): Or not...
D/Sensors ( 1866): Or not...
I/ActivityManager( 1866): Start proc com.android.bluetooth for broadcast com.android.bluetooth/.opp.BluetoothOppReceiver: pid=2455 uid=10034 gids={3003, 3002, 3001, 1015}
V/BluetoothEventRedirector( 2410): Received android.bluetooth.adapter.action.STATE_CHANGED
D/Sensors ( 1866): Or not...
D/Sensors ( 1866): Or not...
I/ActivityThread( 2455): Publishing provider com.android.bluetooth.opp: com.android.bluetooth.opp.BluetoothOppProvider
I/ActivityManager( 1866): No longer want com.android.setupwizard (pid 2229): hidden #16
I/WindowManager( 1866): WIN DEATH: Window{4615e548 com.android.setupwizard/com.android.setupwizard.SetupWizardActivity paused=false}
D/Sensors ( 1866): Or not...
D/Sensors ( 1866): Or not...
D/SettingsAppWidgetProvider( 2410): Widget is from a previous version... Let's update
D/SettingsAppWidgetProvider( 2410): No instances yet... Wait for at least one instance to exist before adding global settings
D/ConnectivityService( 1866): getMobileDataEnabled returning true
D/Sensors ( 1866): Or not...
D/Sensors ( 1866): Or not...
D/SettingsAppWidgetProvider( 2410): Widget is from a previous version... Let's update
D/SettingsAppWidgetProvider( 2410): No instances yet... Wait for at least one instance to exist before adding global settings
D/ConnectivityService( 1866): getMobileDataEnabled returning true
I/BluetoothFtpService( 2455): Ftp Service onCreate
D/Sensors ( 1866): Or not...
D/Sensors ( 1866): Or not...
D/Sensors ( 1866): Or not...
D/Sensors ( 1866): Or not...
D/Sensors ( 1866): Or not...
D/Sensors ( 1866): Or not...
D/Sensors ( 1866): Or not...
D/Sensors ( 1866): Or not...
D/Sensors ( 1866): Or not...
D/Sensors ( 1866): Or not...
D/Sensors ( 1866): Or not...
D/Sensors ( 1866): Or not...
D/Sensors ( 1866): Or not...
D/Sensors ( 1866): Or not...
D/Sensors ( 1866): Or not...
D/Sensors ( 1866): Or not...
D/Sensors ( 1866): Or not...
D/Sensors ( 1866): Or not...
D/WifiStateTracker( 1866): Reset connections and stopping DHCP
D/Sensors ( 1866): Or not...
D/Sensors ( 1866): Or not...
D/Sensors ( 1866): Or not...
D/Sensors ( 1866): Or not...
D/Sensors ( 1866): Or not...
D/Sensors ( 1866): Or not...
D/Sensors ( 1866): Or not...
D/Sensors ( 1866): Or not...
D/Sensors ( 1866): Or not...
D/Sensors ( 1866): Or not...
D/WifiStateTracker( 1866): Disabling interface
D/NetworkStateTracker( 1866): setDetailed state, old =CONNECTING and new state=DISCONNECTED
D/ConnectivityService( 1866): ConnectivityChange for WIFI: DISCONNECTED/DISCONNECTED
D/ConnectivityService( 1866): getMobileDataEnabled returning true
D/DataConnectionTracker( 1946): enableApnType(default), isApnTypeActive = false and state = IDLE
D/DataConnectionTracker( 1946): type not available
D/Sensors ( 1866): Or not...
D/Sensors ( 1866): Or not...
D/Tethering( 1866): Tethering got CONNECTIVITY_ACTION
D/Tethering( 1866): MasterInitialState.processMessage what=3
E/HierarchicalStateMachine( 1866): TetherMaster - unhandledMessage: msg.what=3
I/wpa_supplicant( 2432): CTRL-EVENT-SCAN-RESULTS  Ready
I/wpa_supplicant( 2432): Trying to associate with 00:15:6d:fe:4a:84 (SSID='SON SEA POOL' freq=2412 MHz)
I/wpa_supplicant( 2432): CTRL-EVENT-STATE-CHANGE id=-1 state=3
V/WifiMonitor( 1866): Event [Trying to associate with 00:15:6d:fe:4a:84 (SSID='SON SEA POOL' freq=2412 MHz)]
V/WifiMonitor( 1866): Event [CTRL-EVENT-STATE-CHANGE id=-1 state=3]
V/WifiStateTracker( 1866): Changing supplicant state: SCANNING ==> ASSOCIATING
D/NetworkStateTracker( 1866): setDetailed state, old =DISCONNECTED and new state=CONNECTING
D/ConnectivityService( 1866): ConnectivityChange for WIFI: CONNECTING/CONNECTING
D/Sensors ( 1866): Or not...
D/Sensors ( 1866): Or not...
I/GTalkService( 1966): [ServiceAutoStarter] --- connectivity changed
I/GTalkService( 1966): [ServiceAutoStarter] --- start GTalk service ---
I/MediaUploader( 2278): No need to wake up
D/GTalkService( 1966): [GTalkService.1] onStartCommand: found 0 connections, force audit connections...
D/GoogleLoginService( 1966): onBind: Intent { act=android.accounts.AccountAuthenticator cmp=com.google.android.gsf/.loginservice.GoogleLoginService }
W/GoogleLoginService( 1966): Device has no accounts: sending Intent { act=com.google.android.gsf.LOGIN_ACCOUNTS_MISSING }
D/GTalkService( 1966): [GTalkService.18] account missing
D/Sensors ( 1866): Or not...
D/Sensors ( 1866): Or not...
D/Sensors ( 1866): Or not...
D/Sensors ( 1866): Or not...
D/Sensors ( 1866): Or not...
D/Sensors ( 1866): Or not...
D/Sensors ( 1866): Or not...
D/Sensors ( 1866): Or not...
D/Sensors ( 1866): Or not...
D/Sensors ( 1866): Or not...
D/Sensors ( 1866): Or not...
D/Sensors ( 1866): Or not...
D/Sensors ( 1866): Or not...
D/Sensors ( 1866): Or not...
D/Sensors ( 1866): Or not...
D/Sensors ( 1866): Or not...
D/Sensors ( 1866): Or not...
D/Sensors ( 1866): Or not...
D/Sensors ( 1866): Or not...
D/Sensors ( 1866): Or not...
D/Sensors ( 1866): Or not...
D/Sensors ( 1866): Or not...
D/Sensors ( 1866): Or not...
D/Sensors ( 1866): Or not...
D/Sensors ( 1866): Or not...
D/Sensors ( 1866): Or not...
D/Sensors ( 1866): Or not...
D/Sensors ( 1866): Or not...
D/Sensors ( 1866): Or not...
D/Sensors ( 1866): Or not...
D/Sensors ( 1866): Or not...
D/Sensors ( 1866): Or not...
D/Sensors ( 1866): Or not...
D/Sensors ( 1866): Or not...
D/Sensors ( 1866): Or not...
D/Sensors ( 1866): Or not...
D/dalvikvm( 2410): GC_EXTERNAL_ALLOC freed 9756 objects / 562088 bytes in 228ms
D/Sensors ( 1866): Or not...
D/Sensors ( 1866): Or not...
D/Sensors ( 1866): Or not...
D/Sensors ( 1866): Or not...
D/Sensors ( 1866): Or not...
D/Sensors ( 1866): Or not...
D/Sensors ( 1866): Or not...
D/Sensors ( 1866): Or not...
D/Sensors ( 1866): Or not...
D/Sensors ( 1866): Or not...
D/Sensors ( 1866): Or not...
D/Sensors ( 1866): Or not...
D/Sensors ( 1866): Or not...
D/Sensors ( 1866): Or not...
D/Sensors ( 1866): Or not...
D/Sensors ( 1866): Or not...
D/Sensors ( 1866): Or not...
D/Sensors ( 1866): Or not...
D/Sensors ( 1866): Or not...
D/Sensors ( 1866): Or not...
D/dalvikvm( 1966): GC_EXPLICIT freed 3883 objects / 245392 bytes in 121ms
D/Sensors ( 1866): Or not...
D/Sensors ( 1866): Or not...
D/Sensors ( 1866): Or not...
D/Sensors ( 1866): Or not...
D/Sensors ( 1866): Or not...
D/Sensors ( 1866): Or not...
D/Sensors ( 1866): Or not...
D/Sensors ( 1866): Or not...
I/ActivityManager( 1866): Starting activity: Intent { act=android.intent.action.MAIN cmp=com.android.settings/.deviceinfo.Memory }
D/Sensors ( 1866): Or not...
D/Sensors ( 1866): Or not...
D/Sensors ( 1866): Or not...
D/Sensors ( 1866): Or not...
D/Sensors ( 1866): Or not...
D/Sensors ( 1866): Or not...
I/ActivityManager( 1866): Displayed activity com.android.settings/.deviceinfo.Memory: 529 ms (total 529 ms)
D/Sensors ( 1866): Or not...
D/Sensors ( 1866): Or not...
D/Sensors ( 1866): Or not...
D/Sensors ( 1866): Or not...
D/Sensors ( 1866): Or not...
D/Sensors ( 1866): Or not...
D/Sensors ( 1866): Or not...
D/Sensors ( 1866): Or not...
D/Sensors ( 1866): Or not...
D/Sensors ( 1866): Or not...
D/Sensors ( 1866): Or not...
D/Sensors ( 1866): Or not...
D/Sensors ( 1866): Or not...
D/Sensors ( 1866): Or not...
D/Sensors ( 1866): Or not...
D/Sensors ( 1866): Or not...
D/Sensors ( 1866): Or not...
D/Sensors ( 1866): Or not...
D/Sensors ( 1866): Or not...
D/Sensors ( 1866): Or not...
D/Sensors ( 1866): Or not...
D/Sensors ( 1866): Or not...
I/wpa_supplicant( 2432): Authentication with 00:15:6d:fe:4a:84 timed out.
I/wpa_supplicant( 2432): CTRL-EVENT-STATE-CHANGE id=0 state=0
I/wpa_supplicant( 2432): CTRL-EVENT-STATE-CHANGE id=-1 state=2
V/WifiMonitor( 1866): Event [Authentication with 00:15:6d:fe:4a:84 timed out.]
V/WifiMonitor( 1866): Event [CTRL-EVENT-STATE-CHANGE id=0 state=0]
D/Sensors ( 1866): Or not...
D/Sensors ( 1866): Or not...
V/WifiStateTracker( 1866): Changing supplicant state: ASSOCIATING ==> DISCONNECTED
V/WifiMonitor( 1866): Event [CTRL-EVENT-STATE-CHANGE id=-1 state=2]
V/WifiStateTracker( 1866): Changing supplicant state: DISCONNECTED ==> SCANNING
D/Sensors ( 1866): Or not...
D/Sensors ( 1866): Or not...
D/Sensors ( 1866): Or not...
D/Sensors ( 1866): Or not...
D/Sensors ( 1866): Or not...
D/Sensors ( 1866): Or not...
I/wpa_supplicant( 2432): CTRL-EVENT-SCAN-RESULTS  Ready
D/Sensors ( 1866): Or not...
D/Sensors ( 1866): Or not...
D/Sensors ( 1866): Or not...
D/Sensors ( 1866): Or not...
D/Sensors ( 1866): Or not...
D/Sensors ( 1866): Or not...
D/Sensors ( 1866): Or not...
D/Sensors ( 1866): Or not...
D/Sensors ( 1866): Or not...
D/Sensors ( 1866): Or not...
D/Sensors ( 1866): Or not...
D/Sensors ( 1866): Or not...
D/Sensors ( 1866): Or not...
D/Sensors ( 1866): Or not...
D/Sensors ( 1866): Or not...
D/Sensors ( 1866): Or not...
D/Sensors ( 1866): Or not...
D/Sensors ( 1866): Or not...
D/Sensors ( 1866): Or not...
D/Sensors ( 1866): Or not...
D/Sensors ( 1866): Or not...
D/Sensors ( 1866): Or not...
D/Sensors ( 1866): Or not...
D/Sensors ( 1866): Or not...
D/Sensors ( 1866): Or not...
D/Sensors ( 1866): Or not...
D/Sensors ( 1866): Or not...
D/Sensors ( 1866): Or not...
D/Sensors ( 1866): Or not...
D/Sensors ( 1866): Or not...
D/Sensors ( 1866): Or not...
D/Sensors ( 1866): Or not...
D/Sensors ( 1866): Or not...
D/Sensors ( 1866): Or not...
D/Sensors ( 1866): Or not...
D/Sensors ( 1866): Or not...
D/Sensors ( 1866): Or not...
D/Sensors ( 1866): Or not...
D/Sensors ( 1866): Or not...
D/Sensors ( 1866): Or not...
D/WifiStateTracker( 1866): Reset connections and stopping DHCP
D/Sensors ( 1866): Or not...
D/Sensors ( 1866): Or not...
D/Sensors ( 1866): Or not...
D/Sensors ( 1866): Or not...
D/Sensors ( 1866): Or not...
D/Sensors ( 1866): Or not...
D/Sensors ( 1866): Or not...
D/Sensors ( 1866): Or not...
D/Sensors ( 1866): Or not...
D/Sensors ( 1866): Or not...
D/dalvikvm( 2034): GC_EXPLICIT freed 1327 objects / 61608 bytes in 273ms
D/WifiStateTracker( 1866): Disabling interface
D/NetworkStateTracker( 1866): setDetailed state, old =CONNECTING and new state=DISCONNECTED
D/ConnectivityService( 1866): ConnectivityChange for WIFI: DISCONNECTED/DISCONNECTED
D/ConnectivityService( 1866): getMobileDataEnabled returning true
D/DataConnectionTracker( 1946): enableApnType(default), isApnTypeActive = false and state = IDLE
D/DataConnectionTracker( 1946): type not available
D/Sensors ( 1866): Or not...
D/Sensors ( 1866): Or not...
D/Tethering( 1866): Tethering got CONNECTIVITY_ACTION
D/Tethering( 1866): MasterInitialState.processMessage what=3
E/HierarchicalStateMachine( 1866): TetherMaster - unhandledMessage: msg.what=3
I/GTalkService( 1966): [ServiceAutoStarter] --- connectivity changed
I/GTalkService( 1966): [ServiceAutoStarter] --- start GTalk service ---
D/GTalkService( 1966): [GTalkService.1] onStartCommand: found 0 connections, force audit connections...
I/MediaUploader( 2278): No need to wake up
I/wpa_supplicant( 2432): CTRL-EVENT-SCAN-RESULTS  Ready
D/Sensors ( 1866): Or not...
D/Sensors ( 1866): Or not...
D/GoogleLoginService( 1966): onBind: Intent { act=android.accounts.AccountAuthenticator cmp=com.google.android.gsf/.loginservice.GoogleLoginService }
W/GoogleLoginService( 1966): Device has no accounts: sending Intent { act=com.google.android.gsf.LOGIN_ACCOUNTS_MISSING }
D/GTalkService( 1966): [GTalkService.20] account missing
D/Sensors ( 1866): Or not...
D/Sensors ( 1866): Or not...
D/Sensors ( 1866): Or not...
D/Sensors ( 1866): Or not...
D/Sensors ( 1866): Or not...
D/Sensors ( 1866): Or not...
D/Sensors ( 1866): Or not...
D/Sensors ( 1866): Or not...
D/Sensors ( 1866): Or not...
D/Sensors ( 1866): Or not...
W/KeyCharacterMap( 2410): No keyboard for id 0
W/KeyCharacterMap( 2410): Using default keymap: /system/usr/keychars/qwerty.kcm.bin
D/Sensors ( 1866): Or not...
D/Sensors ( 1866): Or not...
D/Sensors ( 1866): Or not...
D/Sensors ( 1866): Or not...
D/Sensors ( 1866): Or not...
D/Sensors ( 1866): Or not...
D/Sensors ( 1866): Or not...
D/Sensors ( 1866): Or not...
D/Sensors ( 1866): Or not...
D/Sensors ( 1866): Or not...
D/Sensors ( 1866): Or not...
D/Sensors ( 1866): Or not...
D/Sensors ( 1866): Or not...
D/Sensors ( 1866): Or not...
D/Sensors ( 1866): Or not...
D/Sensors ( 1866): Or not...
D/Sensors ( 1866): Or not...
D/Sensors ( 1866): Or not...
D/Sensors ( 1866): Or not...
D/Sensors ( 1866): Or not...
D/Sensors ( 1866): Or not...
D/Sensors ( 1866): Or not...
D/Sensors ( 1866): Or not...
D/Sensors ( 1866): Or not...
I/ActivityManager( 1866): Starting activity: Intent { act=android.intent.action.MAIN cmp=com.android.settings/.DeviceInfoSettings }
I/dalvikvm( 2410): Jit: resizing JitTable from 1024 to 2048
D/Sensors ( 1866): Or not...
D/Sensors ( 1866): Or not...
D/Sensors ( 1866): Or not...
D/Sensors ( 1866): Or not...
D/Sensors ( 1866): Or not...
D/Sensors ( 1866): Or not...
I/ActivityManager( 1866): Displayed activity com.android.settings/.DeviceInfoSettings: 657 ms (total 657 ms)
D/Sensors ( 1866): Or not...
D/Sensors ( 1866): Or not...
D/Sensors ( 1866): Or not...
D/Sensors ( 1866): Or not...
D/Sensors ( 1866): Or not...
D/Sensors ( 1866): Or not...
D/Sensors ( 1866): Or not...
D/Sensors ( 1866): Or not...
D/Sensors ( 1866): Or not...
D/Sensors ( 1866): Or not...
D/Sensors ( 1866): Or not...
D/Sensors ( 1866): Or not...
I/wpa_supplicant( 2432): CTRL-EVENT-SCAN-RESULTS  Ready
D/Sensors ( 1866): Or not...
D/Sensors ( 1866): Or not...
D/dalvikvm( 2410): GC_EXTERNAL_ALLOC freed 4964 objects / 308160 bytes in 90ms
D/Sensors ( 1866): Or not...
D/Sensors ( 1866): Or not...
D/Sensors ( 1866): Or not...
D/Sensors ( 1866): Or not...
D/Sensors ( 1866): Or not...
D/Sensors ( 1866): Or not...
D/Sensors ( 1866): Or not...
D/Sensors ( 1866): Or not...
D/Sensors ( 1866): Or not...
D/Sensors ( 1866): Or not...
D/Sensors ( 1866): Or not...
D/Sensors ( 1866): Or not...
D/Sensors ( 1866): Or not...
D/Sensors ( 1866): Or not...
D/Sensors ( 1866): Or not...
D/Sensors ( 1866): Or not...
D/Sensors ( 1866): Or not...
D/Sensors ( 1866): Or not...
D/Sensors ( 1866): Or not...
D/Sensors ( 1866): Or not...
D/Sensors ( 1866): Or not...
D/Sensors ( 1866): Or not...
D/Sensors ( 1866): Or not...
D/Sensors ( 1866): Or not...
D/Sensors ( 1866): Or not...
D/Sensors ( 1866): Or not...
D/Sensors ( 1866): Or not...
D/Sensors ( 1866): Or not...
D/Sensors ( 1866): Or not...
D/Sensors ( 1866): Or not...
D/Sensors ( 1866): Or not...
D/Sensors ( 1866): Or not...
D/Sensors ( 1866): Or not...
D/Sensors ( 1866): Or not...
D/Sensors ( 1866): Or not...
D/Sensors ( 1866): Or not...
D/Sensors ( 1866): Or not...
D/Sensors ( 1866): Or not...
D/Sensors ( 1866): Or not...
D/Sensors ( 1866): Or not...
D/Sensors ( 1866): Or not...
D/Sensors ( 1866): Or not...
D/Sensors ( 1866): Or not...
D/Sensors ( 1866): Or not...
D/Sensors ( 1866): Or not...
D/Sensors ( 1866): Or not...
D/Sensors ( 1866): Or not...
D/Sensors ( 1866): Or not...
