I/DEBUG   ( 1815): debuggerd: Apr 17 2011 09:11:17
I/Vold    ( 1813): Vold 2.1 (the revenge) firing up
I/Netd    ( 1814): Netd 1.0 starting
D/Vold    ( 1813): Volume sdcard state changing -1 (Initializing) -> 0 (No-Media)
D/Vold    ( 1813): Volume sdcard state changing 0 (No-Media) -> 2 (Pending)
D/Vold    ( 1813): Volume sdcard state changing 2 (Pending) -> 1 (Idle-Unmounted)
D/AndroidRuntime( 1818): 
D/AndroidRuntime( 1818): >>>>>>>>>>>>>> AndroidRuntime START <<<<<<<<<<<<<<
I/AndroidRuntime( 1818): Heap size: -Xmx32m
D/AndroidRuntime( 1818): CheckJNI is OFF
D/AndroidRuntime( 1818): --- registering native functions ---
I/        ( 1819): ServiceManager: 0xaf10
D/AudioHardwareInterface( 1819): setMode(NORMAL)
I/CameraService( 1819): CameraService started: pid=1819
V/AudioPolicyManagerBase( 1819): setOutputDevice() output 1 device 2 delayMs 0
D/AudioFlinger( 1819): setParameters(): io 1, keyvalue routing=2, tid 1859, calling tid 1819
I/AudioFlinger( 1819): AudioFlinger's thread 0xb8f0 ready to run
D/AudioHardware( 1819): AudioStreamOutALSA::setParameters() routing=2
V/AudioPolicyManagerBase( 1819): applyStreamVolumes() for output 1 and device 2
V/AudioPolicyManagerBase( 1819): setStreamVolume() for output 1 stream 0, volume 1.000000, delay 0
V/AudioPolicyManagerBase( 1819): setStreamVolume() for voice call voiceVolume: 2130706432, index: 0, mIndexMax: 1072693248.
V/AudioPolicyManagerBase( 1819): mpClientInterface.setStreamVolume() voiceVolume: 2130706432.
D/AudioHardware( 1819): ### setVoiceVolume: 1.000000
V/AudioPolicyManagerBase( 1819): setStreamVolume() for output 1 stream 1, volume 1.000000, delay 0
V/AudioPolicyManagerBase( 1819): setStreamVolume() for output 1 stream 2, volume 1.000000, delay 0
V/AudioPolicyManagerBase( 1819): setStreamVolume() for output 1 stream 3, volume 1.000000, delay 0
V/AudioPolicyManagerBase( 1819): setStreamVolume() for output 1 stream 4, volume 1.000000, delay 0
V/AudioPolicyManagerBase( 1819): setStreamVolume() for output 1 stream 5, volume 1.000000, delay 0
V/AudioPolicyManagerBase( 1819): checkAndSetVolume() cannot set stream 6 volume with force use = 0 for comm
V/AudioPolicyManagerBase( 1819): setStreamVolume() for output 1 stream 7, volume 1.000000, delay 0
V/AudioPolicyManagerBase( 1819): setStreamVolume() for output 1 stream 8, volume 1.000000, delay 0
V/AudioPolicyManagerBase( 1819): setStreamVolume() for output 1 stream 9, volume 1.000000, delay 0
V/AudioPolicyManagerBase( 1819): getDeviceForStrategy() strategy 0, device 2
V/AudioPolicyManagerBase( 1819): getDeviceForStrategy() strategy 1, device 1
V/AudioPolicyManagerBase( 1819): getDeviceForStrategy() strategy 2, device 2
V/AudioPolicyManagerBase( 1819): getDeviceForStrategy() strategy 0, device 2
V/AudioPolicyManagerBase( 1819): getDeviceForStrategy() strategy 3, device 2
V/AudioPolicyManagerBase( 1819): getDeviceForStrategy() strategy 4, device 2
V/AudioPolicyManagerBase( 1819): setSystemProperty() property ro.camera.sound.forced, value 0
V/AudioPolicyManagerBase( 1819): ENFORCED_AUDIBLE can be muted
I/SamplingProfilerIntegration( 1818): Profiler is disabled.
I/Zygote  ( 1818): Preloading classes...
E/Zygote  ( 1818): setreuid() failed. errno: 2
D/dalvikvm( 1818): GC_EXPLICIT freed 821 objects / 47496 bytes in 4ms
D/dalvikvm( 1818): GC_EXPLICIT freed 368 objects / 19080 bytes in 5ms
I/bluetooth_ScoSocket.cpp( 1818): Entry name = MY-CAR ScoTypes = 0x7f
I/bluetooth_ScoSocket.cpp( 1818): Entry name = Motorola HF850 ScoTypes = 0x7
D/dalvikvm( 1818): GC_EXPLICIT freed 313 objects / 17928 bytes in 6ms
D/dalvikvm( 1818): GC_EXPLICIT freed 464 objects / 28832 bytes in 7ms
D/dalvikvm( 1818): GC_EXPLICIT freed 2096 objects / 108536 bytes in 8ms
D/dalvikvm( 1818): GC_EXPLICIT freed 276 objects / 15856 bytes in 9ms
D/dalvikvm( 1818): GC_FOR_MALLOC freed 5051 objects / 224464 bytes in 17ms
D/dalvikvm( 1818): GC_FOR_MALLOC freed 11190 objects / 377864 bytes in 21ms
D/dalvikvm( 1818): GC_FOR_MALLOC freed 9764 objects / 458592 bytes in 24ms
D/dalvikvm( 1818): GC_FOR_MALLOC freed 8641 objects / 419848 bytes in 27ms
D/dalvikvm( 1818): GC_FOR_MALLOC freed 7406 objects / 456472 bytes in 28ms
D/dalvikvm( 1818): GC_FOR_MALLOC freed 8337 objects / 513352 bytes in 28ms
D/dalvikvm( 1818): GC_FOR_MALLOC freed 8017 objects / 505824 bytes in 30ms
D/dalvikvm( 1818): GC_EXPLICIT freed 7807 objects / 457552 bytes in 31ms
D/dalvikvm( 1818): GC_EXPLICIT freed 514 objects / 27568 bytes in 29ms
D/dalvikvm( 1818): GC_EXPLICIT freed 339 objects / 18400 bytes in 31ms
D/dalvikvm( 1818): GC_EXPLICIT freed 296 objects / 34488 bytes in 39ms
D/dalvikvm( 1818): GC_EXPLICIT freed 279 objects / 19096 bytes in 39ms
D/dalvikvm( 1818): GC_EXPLICIT freed 341 objects / 18488 bytes in 42ms
D/dalvikvm( 1818): GC_EXPLICIT freed 449 objects / 28248 bytes in 41ms
D/dalvikvm( 1818): GC_EXPLICIT freed 531 objects / 53024 bytes in 46ms
D/dalvikvm( 1818): GC_EXPLICIT freed 626 objects / 34096 bytes in 45ms
D/dalvikvm( 1818): GC_EXPLICIT freed 862 objects / 47000 bytes in 45ms
D/dalvikvm( 1818): GC_EXPLICIT freed 1745 objects / 85568 bytes in 46ms
D/dalvikvm( 1818): GC_EXPLICIT freed 454 objects / 29576 bytes in 46ms
D/dalvikvm( 1818): GC_EXPLICIT freed 317 objects / 20368 bytes in 46ms
I/Zygote  ( 1818): ...preloaded 1264 classes in 8838ms.
E/Zygote  ( 1818): setreuid() failed. errno: 2
D/dalvikvm( 1818): GC_EXPLICIT freed 102 objects / 14032 bytes in 49ms
I/Zygote  ( 1818): Preloading resources...
D/dalvikvm( 1818): GC_EXTERNAL_ALLOC freed 10 objects / 400 bytes in 47ms
D/dalvikvm( 1818): GC_EXTERNAL_ALLOC freed 253 objects / 10880 bytes in 50ms
D/dalvikvm( 1818): GC_EXPLICIT freed 203 objects / 9136 bytes in 48ms
D/dalvikvm( 1818): GC_EXTERNAL_ALLOC freed 341 objects / 14696 bytes in 48ms
W/Zygote  ( 1818): Preloaded drawable resource #0x10801ee (res/drawable-mdpi/jog_tab_bar_left_end_confirm_gray.9.png) that varies with configuration!!
D/dalvikvm( 1818): GC_EXTERNAL_ALLOC freed 262 objects / 12168 bytes in 48ms
W/Zygote  ( 1818): Preloaded drawable resource #0x10801f2 (res/drawable-mdpi/jog_tab_bar_left_end_normal.9.png) that varies with configuration!!
D/dalvikvm( 1818): GC_EXPLICIT freed 16 objects / 1232 bytes in 48ms
W/Zygote  ( 1818): Preloaded drawable resource #0x10801f3 (res/drawable-mdpi/jog_tab_bar_left_end_pressed.9.png) that varies with configuration!!
W/Zygote  ( 1818): Preloaded drawable resource #0x10801f7 (res/drawable-mdpi/jog_tab_bar_right_end_confirm_gray.9.png) that varies with configuration!!
W/Zygote  ( 1818): Preloaded drawable resource #0x10801fb (res/drawable-mdpi/jog_tab_bar_right_end_normal.9.png) that varies with configuration!!
W/Zygote  ( 1818): Preloaded drawable resource #0x10801fc (res/drawable-mdpi/jog_tab_bar_right_end_pressed.9.png) that varies with configuration!!
W/Zygote  ( 1818): Preloaded drawable resource #0x1080201 (res/drawable-mdpi/jog_tab_left_confirm_gray.png) that varies with configuration!!
W/Zygote  ( 1818): Preloaded drawable resource #0x1080206 (res/drawable-mdpi/jog_tab_left_normal.png) that varies with configuration!!
W/Zygote  ( 1818): Preloaded drawable resource #0x1080207 (res/drawable-mdpi/jog_tab_left_pressed.png) that varies with configuration!!
D/dalvikvm( 1818): GC_EXTERNAL_ALLOC freed 426 objects / 24152 bytes in 49ms
W/Zygote  ( 1818): Preloaded drawable resource #0x1080209 (res/drawable-mdpi/jog_tab_right_confirm_gray.png) that varies with configuration!!
W/Zygote  ( 1818): Preloaded drawable resource #0x108020f (res/drawable-mdpi/jog_tab_right_normal.png) that varies with configuration!!
W/Zygote  ( 1818): Preloaded drawable resource #0x1080210 (res/drawable-mdpi/jog_tab_right_pressed.png) that varies with configuration!!
I/Zygote  ( 1818): ...preloaded 61 resources in 1018ms.
I/Zygote  ( 1818): ...preloaded 15 resources in 18ms.
D/dalvikvm( 1818): GC_EXPLICIT freed 151 objects / 11168 bytes in 49ms
D/dalvikvm( 1818): GC_EXPLICIT freed 162 objects / 6672 bytes in 50ms
D/dalvikvm( 1818): GC_EXPLICIT freed 2 objects / 48 bytes in 50ms
I/dalvikvm( 1818): System server process 1866 has been created
I/Zygote  ( 1818): Accepting command socket connections
I/sysproc ( 1866): Entered system_init()
I/sysproc ( 1866): ServiceManager: 0x1300d0
I/SurfaceFlinger( 1866): SurfaceFlinger is starting
I/SurfaceFlinger( 1866): SurfaceFlinger's main thread ready to run. Initializing graphics H/W...
I/gralloc ( 1866): using (fd=20)
I/gralloc ( 1866): id           = s3cfb
I/gralloc ( 1866): xres         = 480 px
I/gralloc ( 1866): yres         = 800 px
I/gralloc ( 1866): xres_virtual = 480 px
I/gralloc ( 1866): yres_virtual = 1600 px
I/gralloc ( 1866): bpp          = 16
I/gralloc ( 1866): r            = 11:5
I/gralloc ( 1866): g            =  5:6
I/gralloc ( 1866): b            =  0:5
I/gralloc ( 1866): width        = 40 mm (304.799988 dpi)
I/gralloc ( 1866): height       = 67 mm (303.283569 dpi)
I/gralloc ( 1866): refresh rate = 0.07 Hz
D/libEGL  ( 1866): loaded /system/lib/egl/libGLES_android.so
E/libEGL  ( 1866): load_driver(/system/lib/egl/libEGL_fimg.so): Cannot load library: link_image[2033]: failed to link libEGL_fimg.so
I/SurfaceFlinger( 1866): EGL informations:
I/SurfaceFlinger( 1866): # of configs : 8
I/SurfaceFlinger( 1866): vendor    : Android
I/SurfaceFlinger( 1866): version   : 1.4 Android META-EGL
I/SurfaceFlinger( 1866): extensions: EGL_KHR_image EGL_KHR_image_base EGL_KHR_image_pixmap EGL_KHR_gl_texture_2D_image EGL_KHR_gl_texture_cubemap_image EGL_KHR_gl_renderbuffer_image EGL_ANDROID_image_native_buffer EGL_ANDROID_swap_rectangle EGL_ANDROID_get_render_buffer 
I/SurfaceFlinger( 1866): Client API: OpenGL ES
I/SurfaceFlinger( 1866): EGLSurface: 5-6-5-0, config=0x1000000
I/SurfaceFlinger( 1866): flags     : 001c0000
I/SurfaceFlinger( 1866): OpenGL informations:
I/SurfaceFlinger( 1866): vendor    : Android
I/SurfaceFlinger( 1866): renderer  : Android PixelFlinger 1.3
I/SurfaceFlinger( 1866): version   : OpenGL ES-CM 1.0
I/SurfaceFlinger( 1866): extensions: GL_OES_byte_coordinates GL_OES_fixed_point GL_OES_single_precision GL_OES_read_format GL_OES_compressed_paletted_texture GL_OES_draw_texture GL_OES_matrix_get GL_OES_query_matrix GL_OES_EGL_image GL_OES_compressed_ETC1_RGB8_texture GL_ARB_texture_compression GL_ARB_texture_non_power_of_two GL_ANDROID_user_clip_plane GL_ANDROID_vertex_buffer_object GL_ANDROID_generate_mipmap 
I/SurfaceFlinger( 1866): GL_MAX_TEXTURE_SIZE = 4096
I/SurfaceFlinger( 1866): GL_MAX_VIEWPORT_DIMS = 4096
I/sysproc ( 1866): System server: starting Android runtime.
I/sysproc ( 1866): System server: starting Android services.
I/SystemServer( 1866): Entered the Android system server!
I/sysproc ( 1866): System server: entering thread pool.
I/SystemServer( 1866): Entropy Service
D/libEGL  ( 1878): loaded /system/lib/egl/libGLES_android.so
E/libEGL  ( 1878): load_driver(/system/lib/egl/libEGL_fimg.so): Cannot load library: link_image[2033]: failed to link libEGL_fimg.so
W/zipro   ( 1878): Unable to open zip '/data/local/bootanimation.zip': No such file or directory
W/zipro   ( 1878): Unable to open zip '/system/media/bootanimation.zip': No such file or directory
I/ARMAssembler( 1866): generated scanline__00000077:03010104_00000004_00000000 [ 22 ipp] (41 ins) at [0x11eb68:0x11ec0c] in 336604 ns
I/SystemServer( 1866): Power Manager
I/ARMAssembler( 1878): generated scanline__00000077:03545404_00000A01_00000000 [ 30 ipp] (51 ins) at [0x18128:0x181f4] in 386914 ns
I/SystemServer( 1866): Activity Manager
I/ActivityManager( 1866): Memory class: 32
W/UsageStats( 1866): Usage stats version changed; dropping
I/SystemServer( 1866): Telephony Registry
I/SystemServer( 1866): Package Manager
I/Installer( 1866): connecting...
I/installd( 1821): new connection
D/dalvikvm( 1866): GC_FOR_MALLOC freed 3743 objects / 186576 bytes in 82ms
I/PackageManager( 1866): Libs: android.test.runner:/system/framework/android.test.runner.jar javax.obex:/system/framework/javax.obex.jar com.google.android.maps:/system/framework/com.google.android.maps.jar
I/PackageManager( 1866): Features: android.hardware.wifi android.hardware.location.network com.google.android.feature.GOOGLE_BUILD android.hardware.telephony android.hardware.location android.hardware.touchscreen.multitouch android.hardware.sensor.compass android.hardware.camera android.hardware.bluetooth android.hardware.touchscreen.multitouch.distinct android.hardware.microphone android.hardware.location.gps android.hardware.telephony.gsm android.hardware.camera.autofocus android.hardware.sensor.accelerometer android.hardware.touchscreen
D/PackageManager( 1866): Scanning app dir /system/framework
D/dalvikvm( 1866): GC_FOR_MALLOC freed 10822 objects / 571824 bytes in 89ms
D/PackageManager( 1866): Scanning app dir /system/app
W/PackageParser( 1866): No actions in intent filter at /system/app/Bluetooth.apk Binary XML file line #124
W/PackageParser( 1866): No actions in intent filter at /system/app/Bluetooth.apk Binary XML file line #143
D/dalvikvm( 1866): GC_FOR_MALLOC freed 6756 objects / 386688 bytes in 98ms
I/PackageParser( 1866): de.schaeuffelhut.android.openvpn: compat added android.permission.WRITE_EXTERNAL_STORAGE android.permission.READ_PHONE_STATE
D/dalvikvm( 1866): GC_FOR_MALLOC freed 7621 objects / 418992 bytes in 109ms
D/dalvikvm( 1866): GC_FOR_MALLOC freed 8605 objects / 478800 bytes in 115ms
I/PackageManager( 1866): /system/app/AlarmClock.apk changed; collecting certs
W/PackageManager( 1866): *************************************************
W/PackageManager( 1866): Application package com.android.alarmclock already installed.  Skipping duplicate.
W/PackageManager( 1866): *************************************************
D/PackageManager( 1866): Scanning app dir /data/app
D/PackageManager( 1866): Scanning app dir /data/app-private
I/PackageManager( 1866): Time to scan packages: 8.302 seconds
W/PackageManager( 1866): Not granting permission android.permission.DEVICE_POWER to package com.android.alarmclock (protectionLevel=2 flags=0xbe45)
W/PackageManager( 1866): Unknown permission com.android.vending.permission.UPDATE_MARKET_FAILURE in package com.android.vending.updater
W/PackageManager( 1866): Unknown permission android.permission.ADD_SYSTEM_SERVICE in package com.android.phone
W/PackageManager( 1866): Not granting permission android.permission.SEND_DOWNLOAD_COMPLETED_INTENTS to package com.android.browser (protectionLevel=2 flags=0x1be45)
W/PackageManager( 1866): Unknown permission com.google.android.googleapps.permission.GOOGLE_AUTH.panoramio in package com.google.android.apps.uploader
W/PackageManager( 1866): Unknown permission android.permission.READ_EXTERNAL_STORAGE in package com.android.vending
W/PackageManager( 1866): Not granting permission android.permission.SEND_DOWNLOAD_COMPLETED_INTENTS to package com.android.vending (protectionLevel=2 flags=0x2be45)
W/PackageManager( 1866): Unknown permission com.android.providers.im.permission.READ_ONLY in package com.google.android.apps.maps
W/PackageManager( 1866): Unknown permission android.permission.READ_EXTERNAL_STORAGE in package com.spicagenmod.smparts
W/PackageManager( 1866): Unknown permission com.google.android.apps.googlevoice.REMOTE_INTENT in package com.google.android.apps.googlevoice
W/PackageManager( 1866): Unknown permission com.google.android.permission.RECEIVE_DATA_MESSAGE in package com.google.android.apps.googlevoice
W/PackageManager( 1866): Unknown permission com.google.android.permission.SEND_DATA_MESSAGE in package com.google.android.apps.googlevoice
D/dalvikvm( 1866): GC_EXPLICIT freed 10703 objects / 710024 bytes in 132ms
I/SystemServer( 1866): Account Manager
I/SystemServer( 1866): Content Manager
I/SystemServer( 1866): System Content Providers
I/ActivityThread( 1866): Publishing provider settings: com.android.providers.settings.SettingsProvider
I/SystemServer( 1866): Battery Service
I/SystemServer( 1866): Lights Service
I/SystemServer( 1866): Vibrator Service
I/SystemServer( 1866): Alarm Manager
D/AlarmManagerService( 1866): Kernel timezone updated to 420 minutes west of GMT
I/SystemServer( 1866): Init Watchdog
I/SystemServer( 1866): Sensor Service
D/Sensors ( 1866): using /dev/input/event3 (name=kionix-kxsd9,phys=i2c/0-0018)
I/SystemServer( 1866): Window Manager
D/Sensors ( 1866): Called get_sensors_list
D/SensorManager( 1866): found sensor: evdev accelerometer, handle=1
D/Sensors ( 1866): Called get_sensors_list
D/SensorManager( 1866): found sensor: evdev gyroscope, handle=4
D/Sensors ( 1866): Called get_sensors_list
D/SensorManager( 1866): found sensor: batt temp, handle=7
D/Sensors ( 1866): Called get_sensors_list
D/SensorManager( 1866): found sensor: orientation, handle=3
D/Sensors ( 1866): Called get_sensors_list
D/SensorManager( 1866): found sensor: light, handle=5
D/Sensors ( 1866): Called get_sensors_list
D/SensorManager( 1866): found sensor: pressure, handle=6
D/Sensors ( 1866): Called get_sensors_list
D/SensorManager( 1866): found sensor: proximity, handle=8
I/WindowManager( 1866): names for haptic settings for haptic long array: haptic_long_array default: haptic_long_array_default
I/WindowManager( 1866): pulled string: 0,1,20,21 default: 0,1,20,21
I/WindowManager( 1866): haptic done for long array!
I/WindowManager( 1866): names for haptic settings for haptic down array: haptic_down_array default: haptic_down_array_default
I/WindowManager( 1866): pulled string: 0,10,20,30 default: 0,10,20,30
I/WindowManager( 1866): haptic done for down array!
I/WindowManager( 1866): names for haptic settings for haptic tap array: haptic_tap_array default: haptic_tap_array_default
I/WindowManager( 1866): pulled string: 40 default: 40
I/WindowManager( 1866): haptic done for tap array!
I/WindowManager( 1866): names for haptic settings for haptic up array: haptic_up_array default: haptic_up_array_default
I/WindowManager( 1866): pulled string: 5,18 default: 5,18
I/WindowManager( 1866): haptic done for up array!
I/SystemServer( 1866): Bluetooth Service
I/EventHub( 1866): New device: path=/dev/input/event1 name=S3C TouchScreen id=0x40000 (of 0x1) index=1 fd=55 classes=0x4
E/EventHub( 1866): could not get driver version for /dev/input/mouse0, Not a typewriter
I/EventHub( 1866): New keyboard: device->id=0x10001 devname='s3c-keypad-rev0000' propName='hw.keyboards.65537.devname' keylayout='/system/usr/keylayout/qwerty.kl'
I/EventHub( 1866): New device: path=/dev/input/event0 name=s3c-keypad-rev0000 id=0x10001 (of 0x2) index=2 fd=57 classes=0x1
E/EventHub( 1866): could not get driver version for /dev/input/mice, Not a typewriter
I/KeyInputQueue( 1866): Device added: id=0x0, name=s3c-keypad-rev0000, classes=1
I/KeyInputQueue( 1866): Device added: id=0x40000, name=S3C TouchScreen, classes=4
I/KeyInputQueue( 1866):   X: min=1090 max=2854 flat=0 fuzz=0
I/KeyInputQueue( 1866):   Y: min=1100 max=3040 flat=0 fuzz=0
I/KeyInputQueue( 1866):   Pressure: min=0 max=1 flat=0 fuzz=0
I/KeyInputQueue( 1866):   Size: unknown values
I/KeyInputQueue( 1866): No virtual keys found
I/SystemServer( 1866): Device Policy
I/SystemServer( 1866): Status Bar
I/SystemServer( 1866): Clipboard Service
I/SystemServer( 1866): Input Method Service
I/InputManagerService( 1866): Enabled input methods: com.android.inputmethod.latin/.LatinIME:com.android.inputmethod.pinyin/.PinyinIME:jp.co.omronsoft.openwnn/.OpenWnnJAJP
I/SystemServer( 1866): NetStat Service
I/SystemServer( 1866): NetworkManagement Service
I/SystemServer( 1866): Connectivity Service
V/ConnectivityService( 1866): ConnectivityService starting up
D/ConnectivityService( 1866): getMobileDataEnabled returning true
V/ConnectivityService( 1866): Starting Wifi Service.
I/WifiService( 1866): WifiService starting up with Wi-Fi disabled
D/Tethering( 1866): Tethering starting
D/NetworkManagmentService( 1866): Registering observer
I/SystemServer( 1866): Throttle Service
I/SystemServer( 1866): Accessibility Manager
I/SystemServer( 1866): Mount Service
I/SystemServer( 1866): Notification Manager
D/VoldCmdListener( 1813): volume list
I/PackageManager( 1866): Updating external media status from unmounted to unmounted
D/VoldCmdListener( 1813): share status ums
I/SystemServer( 1866): Device Storage Monitor
I/SystemServer( 1866): Location Manager
I/SystemServer( 1866): Search Service
I/SystemServer( 1866): DropBox Service
I/SystemServer( 1866): Wallpaper Service
I/SystemServer( 1866): Audio Service
V/AudioPolicyManagerBase( 1819): initStreamVolume() stream 0, min 0, max 5
V/AudioPolicyManagerBase( 1819): setStreamVolumeIndex() stream 0, index 4
V/AudioPolicyManagerBase( 1819): setStreamVolume() for output 1 stream 0, volume 0.316228, delay 0
V/AudioPolicyManagerBase( 1819): setStreamVolume() for voice call voiceVolume: 2113929216, index: -1610612736, mIndexMax: 1072273817.
V/AudioPolicyManagerBase( 1819): mpClientInterface.setStreamVolume() voiceVolume: 2113929216.
D/AudioHardware( 1819): ### setVoiceVolume: 0.800000
V/AudioPolicyManagerBase( 1819): initStreamVolume() stream 1, min 0, max 7
V/AudioPolicyManagerBase( 1819): setStreamVolumeIndex() stream 1, index 7
V/AudioPolicyManagerBase( 1819): initStreamVolume() stream 2, min 0, max 7
V/AudioPolicyManagerBase( 1819): setStreamVolumeIndex() stream 2, index 5
V/AudioPolicyManagerBase( 1819): setStreamVolume() for output 1 stream 2, volume 0.188365, delay 0
V/AudioPolicyManagerBase( 1819): initStreamVolume() stream 3, min 0, max 15
V/AudioPolicyManagerBase( 1819): setStreamVolumeIndex() stream 3, index 11
V/AudioPolicyManagerBase( 1819): setStreamVolume() for output 1 stream 3, volume 0.211349, delay 0
V/AudioPolicyManagerBase( 1819): initStreamVolume() stream 4, min 0, max 7
V/AudioPolicyManagerBase( 1819): setStreamVolumeIndex() stream 4, index 6
V/AudioPolicyManagerBase( 1819): setStreamVolume() for output 1 stream 4, volume 0.421696, delay 0
V/AudioPolicyManagerBase( 1819): initStreamVolume() stream 5, min 0, max 7
V/AudioPolicyManagerBase( 1819): setStreamVolumeIndex() stream 5, index 5
V/AudioPolicyManagerBase( 1819): setStreamVolume() for output 1 stream 5, volume 0.188365, delay 0
V/AudioPolicyManagerBase( 1819): initStreamVolume() stream 6, min 0, max 15
V/AudioPolicyManagerBase( 1819): setStreamVolumeIndex() stream 6, index 7
V/AudioPolicyManagerBase( 1819): checkAndSetVolume() cannot set stream 6 volume with force use = 0 for comm
V/AudioPolicyManagerBase( 1819): initStreamVolume() stream 7, min 0, max 7
V/AudioPolicyManagerBase( 1819): setStreamVolumeIndex() stream 7, index 7
V/AudioPolicyManagerBase( 1819): initStreamVolume() stream 8, min 0, max 15
V/AudioPolicyManagerBase( 1819): setStreamVolumeIndex() stream 8, index 4
V/AudioPolicyManagerBase( 1819): setStreamVolume() for output 1 stream 8, volume 0.014125, delay 0
V/AudioPolicyManagerBase( 1819): initStreamVolume() stream 9, min 0, max 15
V/AudioPolicyManagerBase( 1819): setStreamVolumeIndex() stream 9, index 11
V/AudioPolicyManagerBase( 1819): setStreamVolume() for output 1 stream 9, volume 0.211349, delay 0
V/AudioPolicyManagerBase( 1819): setStreamVolumeIndex() stream 5, index 5
V/AudioPolicyManagerBase( 1819): setStreamVolumeIndex() stream 7, index 7
V/AudioPolicyManagerBase( 1819): setStreamVolumeIndex() stream 8, index 12
V/AudioPolicyManagerBase( 1819): setStreamVolume() for output 1 stream 8, volume 0.316228, delay 0
V/AudioPolicyManagerBase( 1819): setStreamVolumeIndex() stream 9, index 11
D/AudioHardwareInterface( 1819): setMode(NORMAL)
V/AudioPolicyManagerBase( 1819): setPhoneState() state 0
W/AudioPolicyManagerBase( 1819): setPhoneState() setting same state 0
V/AudioPolicyManagerBase( 1819): setStreamVolumeIndex() stream 2, index 5
V/AudioPolicyManagerBase( 1819): setStreamVolumeIndex() stream 5, index 5
I/SystemServer( 1866): Headset Observer
W/HeadsetObserver( 1866): This kernel does not have wired headset support
I/SystemServer( 1866): Dock Observer
W/DockObserver( 1866): This kernel does not have dock station support
I/SystemServer( 1866): UI Mode Manager Service
I/SystemServer( 1866): Backup Service
V/BackupManagerService( 1866): No ancestral data
I/BackupManagerService( 1866): Found stale backup journal, scheduling:
I/BackupManagerService( 1866):     + com.android.inputmethod.latin
I/BackupManagerService( 1866):     + com.android.browser
I/BackupManagerService( 1866):     + com.android.providers.userdictionary
I/BackupManagerService( 1866):     + android
I/BackupManagerService( 1866):     + com.android.vending
I/BackupManagerService( 1866):     + com.android.camera
I/BackupManagerService( 1866):     + com.android.providers.settings
I/BackupManagerService( 1866): Backup enabled => true
I/SystemServer( 1866): AppWidget Service
I/SystemServer( 1866): Recognition Service
D/VoldCmdListener( 1813): share status ums
D/StorageNotification( 1866): Startup with UMS connection false (media state unmounted)
I/SystemServer( 1866): DiskStats Service
I/WindowManager( 1866): SAFE MODE not enabled
D/dalvikvm( 1866): JIT started for system_server
W/DevicePolicyManagerService( 1866): failed parsing /data/system/device_policies.xml java.io.FileNotFoundException: /data/system/device_policies.xml (No such file or directory)
I/setupPowerWidget( 1866): List: null
D/ConnectivityService( 1866): getMobileDataEnabled returning true
I/GPSButton( 1866): Update State
I/ActivityManager( 1866): Config changed: { scale=1.0 imsi=0/0 loc=hd_US touch=3 keys=1/1/2 nav=1/1 orien=1 layout=34 uiMode=0 seq=1}
I/power   ( 1866): *** set_screen_state 1
D/PowerManagerService( 1866): system ready!
I/ActivityManager( 1866): Sending system update to: ComponentInfo{com.android.providers.calendar/com.android.providers.calendar.CalendarUpgradeReceiver}
I/ActivityManager( 1866): Sending system update to: ComponentInfo{com.android.providers.contacts/com.android.providers.contacts.ContactsUpgradeReceiver}
D/SensorManager( 1866): entering main sensor thread
W/StatusBar( 1866): No icon ID for slot ime
D/Sensors ( 1866): sensors activate returing 1
D/Sensors ( 1866): using /dev/input/event3 (name=kionix-kxsd9,phys=i2c/0-0018)
D/Sensors ( 1866): Or not...
D/Sensors ( 1866): Or not...
I/ActivityManager( 1866): Starting activity: Intent { act=android.intent.action.MAIN cat=[android.intent.category.HOME] flg=0x10000000 cmp=com.android.setupwizard/.SetupWizardActivity }
D/dalvikvm( 1866): GC_FOR_MALLOC freed 10676 objects / 584552 bytes in 149ms
D/Sensors ( 1866): Or not...
D/Sensors ( 1866): Or not...
D/ConnectivityService( 1866): getMobileDataEnabled returning true
I/GPSButton( 1866): Update State
D/Sensors ( 1866): Or not...
D/Sensors ( 1866): Or not...
D/ConnectivityService( 1866): getMobileDataEnabled returning true
I/GPSButton( 1866): Update State
I/Zygote  ( 1866): Process: zygote socket opened
I/ActivityManager( 1866): Start proc com.android.providers.calendar for broadcast com.android.providers.calendar/.CalendarUpgradeReceiver: pid=1923 uid=10036 gids={3003}
D/Sensors ( 1866): Or not...
D/Sensors ( 1866): Or not...
I/ActivityManager( 1866): Launching preboot mode app: ProcessRecord{46004d48 1923:com.android.providers.calendar/10036}
D/dalvikvm( 1866): GC_EXTERNAL_ALLOC freed 4880 objects / 313352 bytes in 140ms
I/ActivityManager( 1866): Start proc android.process.acore for broadcast com.android.providers.contacts/.ContactsUpgradeReceiver: pid=1929 uid=10009 gids={3003, 1015}
D/Sensors ( 1866): Or not...
D/Sensors ( 1866): Or not...
D/Sensors ( 1866): Or not...
D/Sensors ( 1866): Or not...
I/ActivityManager( 1866): Launching preboot mode app: ProcessRecord{4604d3e0 1929:android.process.acore/10009}
D/Sensors ( 1866): Or not...
D/Sensors ( 1866): Or not...
I/ActivityManager( 1866): Removing system update proc: ProcessRecord{46004d48 1923:com.android.providers.calendar/10036}
I/Process ( 1866): Sending signal. PID: 1923 SIG: 9
I/ActivityManager( 1866): Removing system update proc: ProcessRecord{4604d3e0 1929:android.process.acore/10009}
I/Process ( 1866): Sending signal. PID: 1929 SIG: 9
I/ActivityManager( 1866): System now ready
I/SystemServer( 1866): Making services ready
I/ActivityManager( 1866): Config changed: { scale=1.0 imsi=0/0 loc=hd_US touch=3 keys=1/1/2 nav=1/1 orien=1 layout=34 uiMode=17 seq=2}
D/Sensors ( 1866): Or not...
D/Sensors ( 1866): Or not...
D/Sensors ( 1866): Or not...
D/Sensors ( 1866): Or not...
I/ActivityManager( 1866): Start proc jp.co.omronsoft.openwnn for service jp.co.omronsoft.openwnn/.OpenWnnJAJP: pid=1938 uid=10029 gids={}
D/NetworkManagmentService( 1866): Registering observer
D/libhardware_legacy( 1866): no GPS hardware on this device
I/ActivityManager( 1866): Start proc com.android.phone for added application com.android.phone: pid=1946 uid=1001 gids={3002, 3001, 3003, 1015}
D/Sensors ( 1866): Or not...
D/Sensors ( 1866): Or not...
I/ActivityManager( 1866): Start proc com.android.setupwizard for activity com.android.setupwizard/.SetupWizardActivity: pid=1947 uid=10056 gids={3003}
D/ConnectivityService( 1866): getMobileDataEnabled returning true
I/GPSButton( 1866): Update State
D/SntpClient( 1866): request time failed: java.net.UnknownHostException: 3.europe.pool.ntp.org
D/SntpClient( 1866): request time failed: java.net.UnknownHostException: 3.europe.pool.ntp.org
D/Sensors ( 1866): Or not...
D/Sensors ( 1866): Or not...
D/Sensors ( 1866): Or not...
D/Sensors ( 1866): Or not...
D/Sensors ( 1866): Or not...
D/Sensors ( 1866): Or not...
D/NetworkLocationService( 1866): onCreate
D/Sensors ( 1866): Or not...
D/Sensors ( 1866): Or not...
I/ActivityManager( 1866): Start proc com.google.process.gapps for content provider com.google.android.gsf/.gservices.GservicesProvider: pid=1966 uid=10041 gids={3003, 2001, 1007}
I/ActivityThread( 1946): Publishing provider telephony: com.android.providers.telephony.TelephonyProvider
V/NetworkMonitor( 1947): Starting NetworkMonitor
I//system/bin/tc( 1814): Cannot find device "pdp0"
I/logwrapper( 1814): /system/bin/tc terminated by exit(1)
I//system/bin/tc( 1814): Cannot find device "pdp0"
I/logwrapper( 1814): /system/bin/tc terminated by exit(1)
I//system/bin/tc( 1814): Cannot find device "ifb0"
I/logwrapper( 1814): /system/bin/tc terminated by exit(1)
D/dalvikvm( 1866): GC_EXTERNAL_ALLOC freed 3476 objects / 235768 bytes in 291ms
D/Sensors ( 1866): Or not...
D/Sensors ( 1866): Or not...
D/Sensors ( 1866): Or not...
D/Sensors ( 1866): Or not...
D/dalvikvm( 1938): No JNI_OnLoad found in /system/lib/libwnndict.so 0x45fa4548, skipping init
I/ActivityThread( 1946): Publishing provider icc: com.android.phone.IccProvider
I/ActivityThread( 1946): Publishing provider mms: com.android.providers.telephony.MmsProvider
D/SntpClient( 1866): request time failed: java.net.UnknownHostException: 3.europe.pool.ntp.org
D/Sensors ( 1866): Or not...
D/Sensors ( 1866): Or not...
D/SntpClient( 1866): request time failed: java.net.UnknownHostException: 3.europe.pool.ntp.org
I/ActivityThread( 1966): Publishing provider com.google.settings: com.google.android.gsf.settings.GoogleSettingsProvider
I/ActivityThread( 1946): Publishing provider sms: com.android.providers.telephony.SmsProvider
I/ActivityThread( 1946): Publishing provider mms-sms: com.android.providers.telephony.MmsSmsProvider
D/Sensors ( 1866): Or not...
D/Sensors ( 1866): Or not...
D/dalvikvm( 1938): GC_FOR_MALLOC freed 1424 objects / 242776 bytes in 403ms
D/Sensors ( 1866): Or not...
D/Sensors ( 1866): Or not...
I/ActivityThread( 1966): Publishing provider subscribedfeeds: com.google.android.gsf.subscribedfeeds.SubscribedFeedsProvider
D/Sensors ( 1866): Or not...
D/Sensors ( 1866): Or not...
D/Sensors ( 1866): Or not...
D/Sensors ( 1866): Or not...
D/dalvikvm( 1947): GC_EXTERNAL_ALLOC freed 1074 objects / 75936 bytes in 424ms
I/ActivityThread( 1966): Publishing provider com.google.android.gsf.gservices: com.google.android.gsf.gservices.GservicesProvider
I/GservicesProvider( 1966): Gservices pushing to system: true; secure: true
I/ActivityThread( 1966): Publishing provider com.google.android.providers.talk: com.google.android.gsf.talk.TalkProvider
D/Sensors ( 1866): Or not...
D/Sensors ( 1866): Or not...
D/ConnectivityService( 1866): getMobileDataEnabled returning true
W/SetupWizard( 1947): No such policy while creating link, id='google_privacy'
W/SetupWizard( 1947): No such policy while creating link, id='android_privacy'
D/ResourceType( 1947): calling getConfigurations
D/Sensors ( 1866): Or not...
D/Sensors ( 1866): Or not...
D/ResourceType( 1947): called getConfigurations size=205
D/Sensors ( 1866): Or not...
D/Sensors ( 1866): Or not...
D/GoogleLoginService( 1966): onBind: Intent { act=com.google.android.gsf.action.GET_GLS }
D/Sensors ( 1946): Called get_sensors_list
D/SensorManager( 1946): found sensor: evdev accelerometer, handle=1
W/GoogleLoginService( 1966): Device has no accounts: sending Intent { act=com.google.android.gsf.LOGIN_ACCOUNTS_MISSING }
D/Sensors ( 1866): Or not...
D/Sensors ( 1866): Or not...
D/Sensors ( 1946): Called get_sensors_list
D/SensorManager( 1946): found sensor: evdev gyroscope, handle=4
D/Sensors ( 1946): Called get_sensors_list
D/SensorManager( 1946): found sensor: batt temp, handle=7
D/Sensors ( 1946): Called get_sensors_list
D/SensorManager( 1946): found sensor: orientation, handle=3
D/Sensors ( 1946): Called get_sensors_list
D/SensorManager( 1946): found sensor: light, handle=5
D/Sensors ( 1946): Called get_sensors_list
D/SensorManager( 1946): found sensor: pressure, handle=6
D/Sensors ( 1946): Called get_sensors_list
D/SensorManager( 1946): found sensor: proximity, handle=8
D/Sensors ( 1946): using /dev/input/event3 (name=kionix-kxsd9,phys=i2c/0-0018)
D/Sensors ( 1866): Or not...
D/Sensors ( 1866): Or not...
V/NetworkMonitor( 1947): Network is DOWN, Checkin has NOT succeeded, GLS is NOT connected
V/NetworkMonitor( 1947): GLS onServiceConnected
D/NetworkLocationService( 1866): onBind com.google.android.location.NetworkLocationProvider
D/NetworkLocationService( 1866): onBind com.google.android.location.GeocodeProvider
D/StatusBar( 1866): DISABLE_EXPAND: yes
D/StatusBar( 1866): DISABLE_NOTIFICATION_ICONS: yes
D/LocationProviderProxy( 1866): LocationProviderProxy.onServiceConnected ComponentInfo{com.google.android.location/com.google.android.location.NetworkLocationService}
D/GeocoderProxy( 1866): onServiceConnected ComponentInfo{com.google.android.location/com.google.android.location.NetworkLocationService}
V/NetworkMonitor( 1947): Network is DOWN, Checkin has NOT succeeded, GLS IS connected
I/ActivityManager( 1866): Start proc android.process.acore for content provider com.android.providers.contacts/.CallLogProvider: pid=2003 uid=10009 gids={3003, 1015}
D/Sensors ( 1866): Or not...
D/Sensors ( 1866): Or not...
D/Sensors ( 1866): Or not...
D/Sensors ( 1866): Or not...
W/ActivityManager( 1866): Unable to start service Intent { act=com.android.ussd.IExtendedNetworkService }: not found
V/AudioPolicyManagerBase( 1819): setStreamVolumeIndex() stream 2, index 5
V/AudioPolicyManagerBase( 1819): setStreamVolumeIndex() stream 5, index 5
D/ConnectivityService( 1866): getMobileDataEnabled returning true
I/GPSButton( 1866): Update State
D/Sensors ( 1866): Or not...
D/Sensors ( 1866): Or not...
I/ActivityThread( 2003): Publishing provider user_dictionary: com.android.providers.userdictionary.UserDictionaryProvider
I/dalvikvm( 1866): Jit: resizing JitTable from 512 to 1024
D/NetworkLocationProvider( 1866): onDataConnectionStateChanged -1
D/MobileDataStateTracker( 1866): default Received state= DISCONNECTED, old= DISCONNECTED, reason= radioTurnedOff, apnTypeList= default
I/ActivityManager( 1866): Start proc com.google.android.partnersetup for broadcast com.google.android.partnersetup/.PhoneStateReceiver: pid=2009 uid=10043 gids={}
I/ActivityManager( 1866): Displayed activity com.android.setupwizard/.SetupWizardActivity: 5973 ms (total 5973 ms)
I/SurfaceFlinger( 1866): Boot is finished (18812 ms)
D/Sensors ( 1866): Or not...
D/Sensors ( 1866): Or not...
I/ARMAssembler( 1866): generated scanline__00000077:03545404_00000004_00000000 [ 47 ipp] (67 ins) at [0x3ac658:0x3ac764] in 280443 ns
I/ActivityThread( 2003): Publishing provider com.android.social: com.android.providers.contacts.SocialProvider
D/Sensors ( 1866): Or not...
D/Sensors ( 1866): Or not...
I/ARMAssembler( 1866): generated scanline__00000177:03515104_00000001_00000000 [ 73 ipp] (95 ins) at [0x3ac790:0x3ac90c] in 308643 ns
I/ActivityThread( 2003): Publishing provider applications: com.android.providers.applications.ApplicationsProvider
D/Sensors ( 1866): Or not...
D/Sensors ( 1866): Or not...
D/NetworkLocationProvider( 1866): onDataConnectionStateChanged -1
D/MobileDataStateTracker( 1866): default Received state= DISCONNECTED, old= DISCONNECTED, reason= gprsDetached, apnTypeList= default
D/dalvikvm( 1946): GC_FOR_MALLOC freed 3538 objects / 226280 bytes in 581ms
D/PowerManagerService( 1866): bootCompleted
D/Sensors ( 1866): Or not...
D/Sensors ( 1866): Or not...
D/BT HSHFP( 1946): Starting BluetoothHeadsetService
D/GooglePartnerSetup( 2009): PhoneStateReceiver.onReceive
D/VoldCmdListener( 1813): volume mount /mnt/sdcard
I/Vold    ( 1813): /dev/block/vold/179:1 being considered for volume sdcard
D/Vold    ( 1813): Volume sdcard state changing 1 (Idle-Unmounted) -> 3 (Checking)
I/SearchManagerService( 1866): Building list of searchable activities
I/ActivityThread( 2003): Publishing provider contacts;com.android.contacts: com.android.providers.contacts.ContactsProvider2
D/Sensors ( 1866): Or not...
D/Sensors ( 1866): Or not...
W/logwrapper( 2019): Unable to background process (No such file or directory)
I//system/bin/fsck_msdos( 1813): ** /dev/block/vold/179:1
I/StorageNotification( 1866): Media {/mnt/sdcard} state changed from {unmounted} -> {checking}
D/GooglePartnerSetup( 2009): client_id set to: android-google
I//system/bin/fsck_msdos( 1813): ** Phase 1 - Read and Compare FATs
I//system/bin/fsck_msdos( 1813): Attempting to allocate 2468 KB for FAT
D/GooglePartnerSetup( 2009): maps client id: gmm-android-google
D/GooglePartnerSetup( 2009): youtube client id: mvapp-android-google
D/Sensors ( 1866): Or not...
D/Sensors ( 1866): Or not...
D/Sensors ( 1866): Or not...
D/Sensors ( 1866): Or not...
D/GooglePartnerSetup( 2009): market client id: am-android-google
D/GooglePartnerSetup( 2009): voicesearch client id: ms-android-google
D/GooglePartnerSetup( 2009): PhoneStateReceiver: Client id data is current.No need to run - printing clientids FYI
D/GooglePartnerSetup( 2009): client_id set to: android-google
D/GooglePartnerSetup( 2009): maps client id: gmm-android-google
D/GooglePartnerSetup( 2009): youtube client id: mvapp-android-google
D/Sensors ( 1866): Or not...
D/Sensors ( 1866): Or not...
D/GooglePartnerSetup( 2009): market client id: am-android-google
D/GooglePartnerSetup( 2009): voicesearch client id: ms-android-google
I/ActivityManager( 1866): Start proc com.bel.android.dspmanager for broadcast com.bel.android.dspmanager/.ServiceLaunchReceiver: pid=2020 uid=10037 gids={3002}
D/Sensors ( 1866): Or not...
D/Sensors ( 1866): Or not...
D/Sensors ( 1866): Or not...
D/Sensors ( 1866): Or not...
D/dalvikvm( 1818): GC_EXPLICIT freed 267 objects / 10120 bytes in 382ms
D/Sensors ( 1866): Or not...
D/Sensors ( 1866): Or not...
D/Sensors ( 1866): Or not...
D/Sensors ( 1866): Or not...
D/dalvikvm( 1818): GC_EXPLICIT freed 45 objects / 1968 bytes in 412ms
D/Sensors ( 1866): Or not...
D/Sensors ( 1866): Or not...
I/RecoverySystem( 1866): No recovery log file
D/Sensors ( 1866): Or not...
D/Sensors ( 1866): Or not...
D/dalvikvm( 1818): GC_EXPLICIT freed 2 objects / 48 bytes in 386ms
I/ActivityManager( 1866): Start proc com.android.bluetooth for broadcast com.android.bluetooth/.opp.BluetoothOppReceiver: pid=2029 uid=10034 gids={3003, 3002, 3001, 1015}
D/Sensors ( 1866): Or not...
D/Sensors ( 1866): Or not...
I/ActivityManager( 1866): Start proc android.process.media for content provider com.android.providers.downloads/.DownloadProvider: pid=2034 uid=10003 gids={1015, 2001, 3003}
D/Sensors ( 1866): Or not...
D/Sensors ( 1866): Or not...
I/ActivityThread( 2029): Publishing provider com.android.bluetooth.opp: com.android.bluetooth.opp.BluetoothOppProvider
D/Sensors ( 1866): Or not...
D/Sensors ( 1866): Or not...
I/ActivityThread( 2034): Publishing provider media: com.android.providers.media.MediaProvider
I//system/bin/fsck_msdos( 1813): Attempting to allocate 2468 KB for FAT
I/ActivityManager( 1866): Start proc com.android.providers.calendar for broadcast com.android.providers.calendar/.CalendarReceiver: pid=2042 uid=10036 gids={3003}
D/Sensors ( 1866): Or not...
D/Sensors ( 1866): Or not...
D/Sensors ( 1866): Or not...
D/Sensors ( 1866): Or not...
V/MediaProvider( 2034): Attached volume: internal
I/ActivityThread( 2034): Publishing provider downloads: com.android.providers.downloads.DownloadProvider
I/ActivityThread( 2003): Publishing provider call_log: com.android.providers.contacts.CallLogProvider
D/Sensors ( 1866): Or not...
D/Sensors ( 1866): Or not...
I/ActivityThread( 2042): Publishing provider com.android.calendar: com.android.providers.calendar.CalendarProvider2
I/ActivityThread( 2034): Publishing provider drm: com.android.providers.drm.DrmProvider
I/ActivityManager( 1866): Starting activity: Intent { act=android.intent.action.SYSTEM_TUTORIAL cmp=com.android.setupwizard/.TutorialActivity (has extras) }
D/Sensors ( 1866): Or not...
D/Sensors ( 1866): Or not...
D/Sensors ( 1866): Or not...
D/Sensors ( 1866): Or not...
V/NetworkMonitor( 1947): Starting NetworkMonitor
V/NetworkMonitor( 1947): GLS onServiceConnected
V/NetworkMonitor( 1947): Network is DOWN, Checkin has NOT succeeded, GLS IS connected
V/NetworkMonitor( 1947): Network is DOWN, Checkin has NOT succeeded, GLS IS connected
D/Sensors ( 1866): Or not...
D/Sensors ( 1866): Or not...
D/Sensors ( 1866): Or not...
D/Sensors ( 1866): Or not...
D/Sensors ( 1866): Or not...
D/Sensors ( 1866): Or not...
D/Sensors ( 1866): Or not...
D/Sensors ( 1866): Or not...
D/Sensors ( 1866): Or not...
D/Sensors ( 1866): Or not...
D/Sensors ( 1866): Or not...
D/Sensors ( 1866): Or not...
I/ActivityManager( 1866): Displayed activity com.android.setupwizard/.TutorialActivity: 1366 ms (total 1366 ms)
I/ActivityManager( 1866): Start proc com.android.alarmclock for broadcast com.android.alarmclock/com.android.deskclock.AlarmInitReceiver: pid=2057 uid=10019 gids={}
D/Sensors ( 1866): Or not...
D/Sensors ( 1866): Or not...
D/Sensors ( 1866): Or not...
D/Sensors ( 1866): Or not...
I/ActivityThread( 2057): Publishing provider com.android.deskclock: com.android.deskclock.AlarmProvider
D/Sensors ( 1866): Or not...
D/Sensors ( 1866): Or not...
I//system/bin/fsck_msdos( 1813): ** Phase 2 - Check Cluster Chains
D/Sensors ( 1866): Or not...
D/Sensors ( 1866): Or not...
D/Sensors ( 1866): Or not...
D/Sensors ( 1866): Or not...
D/dalvikvm( 2003): GC_FOR_MALLOC freed 3661 objects / 228856 bytes in 217ms
I//system/bin/fsck_msdos( 1813): ** Phase 3 - Checking Directories
D/Sensors ( 1866): Or not...
D/Sensors ( 1866): Or not...
I//system/bin/fsck_msdos( 1813): ** Phase 4 - Checking for Lost Files
W/BackupManagerService( 1866): dataChanged but no participant pkg='com.android.providers.settings' uid=10019
I/ActivityManager( 1866): Start proc com.android.email for broadcast com.android.email/com.android.exchange.BootReceiver: pid=2064 uid=10030 gids={3003, 1015}
D/Sensors ( 1866): Or not...
D/Sensors ( 1866): Or not...
I//system/bin/fsck_msdos( 1813): 195 files, 904408 free (226102 clusters)
I/logwrapper( 1813): /system/bin/fsck_msdos terminated by exit(0)
I/Vold    ( 1813): Filesystem check completed OK
E/Vold    ( 1813): /dev/block/vold/179:1 failed to mount via VFAT (No such file or directory)
I/Vold    ( 1813): /dev/block/vold/179:2 being considered for volume sdcard
W/Vold    ( 1813): Duplicate state (3)
W/logwrapper( 2071): Unable to background process (No such file or directory)
D/Sensors ( 1866): Or not...
D/Sensors ( 1866): Or not...
D/Calendar( 2042): missed alarms found: 0
I//system/bin/fsck_msdos( 1813): ** /dev/block/vold/179:2
I//system/bin/fsck_msdos( 1813): Invalid signature in boot block: 0000
I/logwrapper( 1813): /system/bin/fsck_msdos terminated by exit(2)
E/Vold    ( 1813): Filesystem check failed (not a FAT filesystem)
W/Vold    ( 1813): /dev/block/vold/179:2 does not contain a FAT filesystem
E/Vold    ( 1813): Volume sdcard found no suitable devices for mounting :(
D/Vold    ( 1813): Volume sdcard state changing 3 (Checking) -> 1 (Idle-Unmounted)
I/PackageManager( 1866): Updating external media status from unmounted to unmounted
I/StorageNotification( 1866): Media {/mnt/sdcard} state changed from {checking} -> {unmounted}
E/MountService( 1866): Boot-time mount failed (-3)
D/VoldCmdListener( 1813): volume shared /mnt/sdcard ums
D/Sensors ( 1866): Or not...
D/Sensors ( 1866): Or not...
I/StorageNotification( 1866): Media {/mnt/sdcard} state changed from {unmounted} -> {nofs}
I/ActivityThread( 2064): Publishing provider com.android.email.provider: com.android.email.provider.EmailProvider
I/ActivityThread( 2064): Publishing provider com.android.email.attachmentprovider: com.android.email.provider.AttachmentProvider
I/ActivityThread( 2064): Publishing provider com.android.exchange.provider: com.android.exchange.provider.ExchangeProvider
D/Sensors ( 1866): Or not...
D/Sensors ( 1866): Or not...
D/Sensors ( 1866): Or not...
D/Sensors ( 1866): Or not...
I/ActivityManager( 1866): Starting activity: Intent { act=com.google.android.accounts.ChooseAccount cmp=com.google.android.gsf/.login.ChooseAccountActivity (has extras) }
D/Sensors ( 1866): Or not...
D/Sensors ( 1866): Or not...
D/Exchange( 2064): BootReceiver onReceive
I/ActivityManager( 1866): Start proc com.google.android.gm for broadcast com.google.android.gm/.MailIntentReceiver: pid=2076 uid=10040 gids={3003, 1015}
W/InputManagerService( 1866): Starting input on non-focused client com.android.internal.view.IInputMethodClient$Stub$Proxy@460921e0 (uid=10056 pid=1947)
D/EAS SyncManager( 2064): !!! EAS SyncManager, onCreate
D/Sensors ( 1866): Or not...
D/Sensors ( 1866): Or not...
D/Sensors ( 1866): Or not...
D/Sensors ( 1866): Or not...
W/SetupWizard( 1966): No such policy while creating link, id='google_privacy'
W/SetupWizard( 1966): No such policy while creating link, id='android_privacy'
D/Sensors ( 1866): Or not...
D/Sensors ( 1866): Or not...
D/dalvikvm( 1866): GC_EXPLICIT freed 14886 objects / 724200 bytes in 257ms
W/WindowManager( 1866): No window to dispatch pointer action 0
D/EAS SyncManager( 2064): !!! EAS SyncManager, onStartCommand
I/ActivityThread( 2076): Publishing provider gmail-ls: com.google.android.gm.provider.MailProvider
D/EAS SyncManager( 2064): !!! EAS SyncManager, stopping self
D/Sensors ( 1866): Or not...
D/Sensors ( 1866): Or not...
I/ActivityThread( 2076): Publishing provider com.google.android.gm.attachmentspreviews: com.google.android.gm.AttachmentPreviewProvider
D/Eas Debug( 2064): Logging: 
D/EAS SyncManager( 2064): !!! EAS SyncManager, onDestroy
I/ActivityThread( 2076): Publishing provider com.google.android.gmail.SuggestionProvider: com.google.android.gm.SuggestionsProvider
I/ActivityThread( 2076): Publishing provider gmail-downloads: com.google.android.gm.downloadprovider.DownloadProvider
I/dalvikvm( 1866): Jit: resizing JitTable from 1024 to 2048
D/Sensors ( 1866): Or not...
D/Sensors ( 1866): Or not...
D/GooglePartnerSetup( 2009): GooglePartnerSetup.onReceive
D/Sensors ( 1866): Or not...
D/Sensors ( 1866): Or not...
D/GooglePartnerSetup( 2009): client_id set to: android-google
D/GooglePartnerSetup( 2009): maps client id: gmm-android-google
D/GooglePartnerSetup( 2009): youtube client id: mvapp-android-google
D/GooglePartnerSetup( 2009): market client id: am-android-google
D/GooglePartnerSetup( 2009): voicesearch client id: ms-android-google
D/GooglePartnerSetup( 2009): GooglePartnerSetup: Partner data is current.No need to run - printing clientids FYI
D/GooglePartnerSetup( 2009): client_id set to: android-google
D/GooglePartnerSetup( 2009): maps client id: gmm-android-google
D/GooglePartnerSetup( 2009): youtube client id: mvapp-android-google
D/Sensors ( 1866): Or not...
D/Sensors ( 1866): Or not...
D/GooglePartnerSetup( 2009): market client id: am-android-google
D/GooglePartnerSetup( 2009): voicesearch client id: ms-android-google
V/NetworkMonitor( 1947): Stopped NetworkMonitor
W/WindowManager( 1866): No window to dispatch pointer action 1
D/GoogleLoginService( 1966): onBind: Intent { act=android.accounts.AccountAuthenticator cmp=com.google.android.gsf/.loginservice.GoogleLoginService }
W/GoogleLoginService( 1966): Device has no accounts: sending Intent { act=com.google.android.gsf.LOGIN_ACCOUNTS_MISSING }
D/Sensors ( 1866): Or not...
D/Sensors ( 1866): Or not...
W/MessageQueue( 2076): Handler{4630d568} sending message to a Handler on a dead thread
W/MessageQueue( 2076): java.lang.RuntimeException: Handler{4630d568} sending message to a Handler on a dead thread
W/MessageQueue( 2076): 	at android.os.MessageQueue.enqueueMessage(MessageQueue.java:179)
W/MessageQueue( 2076): 	at android.os.Handler.sendMessageAtTime(Handler.java:457)
W/MessageQueue( 2076): 	at android.os.Handler.sendMessageDelayed(Handler.java:430)
W/MessageQueue( 2076): 	at android.os.Handler.post(Handler.java:248)
W/MessageQueue( 2076): 	at android.accounts.AccountManager$BaseFutureTask.postRunnableToHandler(AccountManager.java:1305)
W/MessageQueue( 2076): 	at android.accounts.AccountManager$Future2Task.done(AccountManager.java:1353)
W/MessageQueue( 2076): 	at java.util.concurrent.FutureTask$Sync.innerSet(FutureTask.java:252)
W/MessageQueue( 2076): 	at java.util.concurrent.FutureTask.set(FutureTask.java:112)
W/MessageQueue( 2076): 	at android.accounts.AccountManager$BaseFutureTask.access$700(AccountManager.java:1285)
W/MessageQueue( 2076): 	at android.accounts.AccountManager$BaseFutureTask$Response.onResult(AccountManager.java:1323)
W/MessageQueue( 2076): 	at android.accounts.IAccountManagerResponse$Stub.onTransact(IAccountManagerResponse.java:59)
W/MessageQueue( 2076): 	at android.os.Binder.execTransact(Binder.java:288)
W/MessageQueue( 2076): 	at dalvik.system.NativeStart.run(Native Method)
