D/Sensors ( 1866): Or not...
D/Sensors ( 1866): Or not...
I/wpa_supplicant( 2432): CTRL-EVENT-SCAN-RESULTS  Ready
D/Sensors ( 1866): Or not...
D/Sensors ( 1866): Or not...
D/Sensors ( 1866): Or not...
D/Sensors ( 1866): Or not...
D/Sensors ( 1866): Or not...
D/Sensors ( 1866): Or not...
D/Sensors ( 1866): Or not...
D/Sensors ( 1866): Or not...
D/Sensors ( 1866): Or not...
D/Sensors ( 1866): Or not...
D/Sensors ( 1866): Or not...
D/Sensors ( 1866): Or not...
D/Sensors ( 1866): Or not...
D/Sensors ( 1866): Or not...
I/ActivityManager( 1866): Starting activity: Intent { act=android.intent.action.MAIN cmp=com.android.settings/.deviceinfo.Status }
D/Sensors ( 1866): Or not...
D/Sensors ( 1866): Or not...
I/ActivityManager( 1866): No longer want com.android.voicedialer (pid 2146): hidden #16
D/Sensors ( 1866): Or not...
D/Sensors ( 1866): Or not...
D/Sensors ( 1866): Or not...
D/Sensors ( 1866): Or not...
D/Sensors ( 1866): Or not...
D/Sensors ( 1866): Or not...
D/Sensors ( 1866): Or not...
D/Sensors ( 1866): Or not...
I/ActivityManager( 1866): Displayed activity com.android.settings/.deviceinfo.Status: 913 ms (total 913 ms)
D/Sensors ( 1866): Or not...
D/Sensors ( 1866): Or not...
D/Sensors ( 1866): Or not...
D/Sensors ( 1866): Or not...
D/Sensors ( 1866): Or not...
D/Sensors ( 1866): Or not...
D/Sensors ( 1866): Or not...
D/Sensors ( 1866): Or not...
D/Sensors ( 1866): Or not...
D/Sensors ( 1866): Or not...
D/Sensors ( 1866): Or not...
D/Sensors ( 1866): Or not...
D/Sensors ( 1866): Or not...
D/Sensors ( 1866): Or not...
D/Sensors ( 1866): Or not...
D/Sensors ( 1866): Or not...
D/Sensors ( 1866): Or not...
D/Sensors ( 1866): Or not...
D/Sensors ( 1866): Or not...
D/Sensors ( 1866): Or not...
D/Sensors ( 1866): Or not...
D/Sensors ( 1866): Or not...
D/Sensors ( 1866): Or not...
D/Sensors ( 1866): Or not...
D/Sensors ( 1866): Or not...
D/Sensors ( 1866): Or not...
D/Sensors ( 1866): Or not...
D/Sensors ( 1866): Or not...
D/Sensors ( 1866): Or not...
D/Sensors ( 1866): Or not...
I/wpa_supplicant( 2432): CTRL-EVENT-SCAN-RESULTS  Ready
W/Process ( 1866): Unable to open /proc/2146/status
D/Sensors ( 1866): Or not...
D/Sensors ( 1866): Or not...
D/Sensors ( 1866): Or not...
D/Sensors ( 1866): Or not...
D/Sensors ( 1866): Or not...
D/Sensors ( 1866): Or not...
D/Sensors ( 1866): Or not...
D/Sensors ( 1866): Or not...
D/Sensors ( 1866): Or not...
D/Sensors ( 1866): Or not...
D/Sensors ( 1866): Or not...
D/Sensors ( 1866): Or not...
D/Sensors ( 1866): Or not...
D/Sensors ( 1866): Or not...
D/Sensors ( 1866): Or not...
D/Sensors ( 1866): Or not...
D/Sensors ( 1866): Or not...
D/Sensors ( 1866): Or not...
D/Sensors ( 1866): Or not...
D/Sensors ( 1866): Or not...
D/dalvikvm( 1946): GC_EXTERNAL_ALLOC freed 4360 objects / 231216 bytes in 154ms
D/Sensors ( 1866): Or not...
D/Sensors ( 1866): Or not...
D/Sensors ( 1866): Or not...
D/Sensors ( 1866): Or not...
D/Sensors ( 1866): Or not...
D/Sensors ( 1866): Or not...
D/Sensors ( 1866): Or not...
D/Sensors ( 1866): Or not...
D/Sensors ( 1866): Or not...
D/Sensors ( 1866): Or not...
I/dalvikvm( 1946): Jit: resizing JitTable from 512 to 1024
D/Sensors ( 1866): Or not...
D/Sensors ( 1866): Or not...
D/Sensors ( 1866): Or not...
D/Sensors ( 1866): Or not...
D/Sensors ( 1866): Or not...
D/Sensors ( 1866): Or not...
D/Sensors ( 1866): Or not...
D/Sensors ( 1866): Or not...
D/Sensors ( 1866): Or not...
D/Sensors ( 1866): Or not...
D/Sensors ( 1866): Or not...
D/Sensors ( 1866): Or not...
D/Sensors ( 1866): Or not...
D/Sensors ( 1866): Or not...
D/Sensors ( 1866): Or not...
D/Sensors ( 1866): Or not...
D/Sensors ( 1866): Or not...
D/Sensors ( 1866): Or not...
D/Sensors ( 1866): Or not...
D/Sensors ( 1866): Or not...
D/Sensors ( 1866): Or not...
D/Sensors ( 1866): Or not...
I/wpa_supplicant( 2432): CTRL-EVENT-SCAN-RESULTS  Ready
D/Sensors ( 1866): Or not...
D/Sensors ( 1866): Or not...
D/Sensors ( 1866): Or not...
D/Sensors ( 1866): Or not...
D/Sensors ( 1866): Or not...
D/Sensors ( 1866): Or not...
D/Sensors ( 1866): Or not...
D/Sensors ( 1866): Or not...
D/Sensors ( 1866): Or not...
D/Sensors ( 1866): Or not...
D/Sensors ( 1866): Or not...
D/Sensors ( 1866): Or not...
W/KeyCharacterMap( 1946): No keyboard for id 0
W/KeyCharacterMap( 1946): Using default keymap: /system/usr/keychars/qwerty.kcm.bin
D/Sensors ( 1866): Or not...
D/Sensors ( 1866): Or not...
D/Sensors ( 1866): Or not...
D/Sensors ( 1866): Or not...
W/InputManagerService( 1866): Starting input on non-focused client com.android.internal.view.IInputMethodClient$Stub$Proxy@4633f360 (uid=1001 pid=1946)
D/Sensors ( 1866): Or not...
D/Sensors ( 1866): Or not...
D/Sensors ( 1866): Or not...
D/Sensors ( 1866): Or not...
W/KeyCharacterMap( 2410): No keyboard for id 0
W/KeyCharacterMap( 2410): Using default keymap: /system/usr/keychars/qwerty.kcm.bin
D/Sensors ( 1866): Or not...
D/Sensors ( 1866): Or not...
D/Sensors ( 1866): Or not...
D/Sensors ( 1866): Or not...
D/Sensors ( 1866): Or not...
D/Sensors ( 1866): Or not...
D/Sensors ( 1866): Or not...
D/Sensors ( 1866): Or not...
D/Sensors ( 1866): Or not...
D/Sensors ( 1866): Or not...
D/Sensors ( 1866): Or not...
D/Sensors ( 1866): Or not...
D/Sensors ( 1866): Or not...
D/Sensors ( 1866): Or not...
D/Sensors ( 1866): Or not...
D/Sensors ( 1866): Or not...
D/Sensors ( 1866): Or not...
D/Sensors ( 1866): Or not...
D/Sensors ( 1866): Or not...
D/Sensors ( 1866): Or not...
D/Sensors ( 1866): Or not...
D/Sensors ( 1866): Or not...
D/Sensors ( 1866): Or not...
D/Sensors ( 1866): Or not...
D/Sensors ( 1866): Or not...
D/Sensors ( 1866): Or not...
D/Sensors ( 1866): Or not...
D/Sensors ( 1866): Or not...
D/Sensors ( 1866): Or not...
D/Sensors ( 1866): Or not...
W/KeyCharacterMap( 2237): No keyboard for id 0
W/KeyCharacterMap( 2237): Using default keymap: /system/usr/keychars/qwerty.kcm.bin
D/Sensors ( 1866): Or not...
D/Sensors ( 1866): Or not...
D/Sensors ( 1866): Or not...
D/Sensors ( 1866): Or not...
I/wpa_supplicant( 2432): CTRL-EVENT-SCAN-RESULTS  Ready
D/Sensors ( 1866): Or not...
D/Sensors ( 1866): Or not...
D/Sensors ( 1866): Or not...
D/Sensors ( 1866): Or not...
D/Sensors ( 1866): Or not...
D/Sensors ( 1866): Or not...
D/Sensors ( 1866): Or not...
D/Sensors ( 1866): Or not...
D/Sensors ( 1866): Or not...
D/Sensors ( 1866): Or not...
D/Sensors ( 1866): Or not...
D/Sensors ( 1866): Or not...
D/Sensors ( 1866): Or not...
D/Sensors ( 1866): Or not...
D/Sensors ( 1866): Or not...
D/Sensors ( 1866): Or not...
D/Sensors ( 1866): Or not...
D/Sensors ( 1866): Or not...
D/Sensors ( 1866): Or not...
D/Sensors ( 1866): Or not...
D/Sensors ( 1866): Or not...
D/Sensors ( 1866): Or not...
D/Sensors ( 1866): Or not...
D/Sensors ( 1866): Or not...
D/Sensors ( 1866): Or not...
D/Sensors ( 1866): Or not...
D/Sensors ( 1866): Or not...
D/Sensors ( 1866): Or not...
D/ConnectivityService( 1866): getMobileDataEnabled returning true
I/GPSButton( 1866): Update State
D/Sensors ( 1866): Or not...
D/Sensors ( 1866): Or not...
D/StatusBar( 1866): DISABLE_EXPAND: yes
D/Sensors ( 1866): Or not...
D/Sensors ( 1866): Or not...
D/Sensors ( 1866): Or not...
D/Sensors ( 1866): Or not...
D/Sensors ( 1866): Or not...
D/Sensors ( 1866): Or not...
D/Sensors ( 1866): Or not...
D/Sensors ( 1866): Or not...
D/Sensors ( 1866): Or not...
D/Sensors ( 1866): Or not...
D/Sensors ( 1866): Or not...
D/Sensors ( 1866): Or not...
D/Sensors ( 1866): Or not...
D/Sensors ( 1866): Or not...
D/Sensors ( 1866): Or not...
D/Sensors ( 1866): Or not...
D/Sensors ( 1866): Or not...
D/Sensors ( 1866): Or not...
D/Sensors ( 1866): Or not...
D/Sensors ( 1866): Or not...
D/Sensors ( 1866): Or not...
D/Sensors ( 1866): Or not...
D/Sensors ( 1866): Or not...
D/Sensors ( 1866): Or not...
I/wpa_supplicant( 2432): CTRL-EVENT-SCAN-RESULTS  Ready
D/Sensors ( 1866): Or not...
D/Sensors ( 1866): Or not...
D/Sensors ( 1866): Or not...
D/Sensors ( 1866): Or not...
D/Sensors ( 1866): Or not...
D/Sensors ( 1866): Or not...
D/Sensors ( 1866): Or not...
D/Sensors ( 1866): Or not...
D/Sensors ( 1866): Or not...
D/Sensors ( 1866): Or not...
D/Sensors ( 1866): Or not...
D/Sensors ( 1866): Or not...
D/Sensors ( 1866): Or not...
D/Sensors ( 1866): Or not...
D/Sensors ( 1866): Or not...
D/Sensors ( 1866): Or not...
D/ShutdownThread( 1866): Notifying thread to start radio shutdown
D/Sensors ( 1866): Or not...
D/Sensors ( 1866): Or not...
D/Sensors ( 1866): Or not...
D/Sensors ( 1866): Or not...
D/Sensors ( 1866): Or not...
D/Sensors ( 1866): Or not...
D/Sensors ( 1866): Or not...
D/Sensors ( 1866): Or not...
D/Sensors ( 1866): Or not...
D/Sensors ( 1866): Or not...
D/Sensors ( 1866): Or not...
D/Sensors ( 1866): Or not...
D/Sensors ( 1866): Or not...
D/Sensors ( 1866): Or not...
D/Sensors ( 1866): Or not...
D/Sensors ( 1866): Or not...
D/Sensors ( 1866): Or not...
D/Sensors ( 1866): Or not...
D/Sensors ( 1866): Or not...
D/Sensors ( 1866): Or not...
D/Sensors ( 1866): Or not...
D/Sensors ( 1866): Or not...
D/Sensors ( 1866): Or not...
D/Sensors ( 1866): Or not...
D/Sensors ( 1866): Or not...
D/Sensors ( 1866): Or not...
D/Sensors ( 1866): Or not...
D/Sensors ( 1866): Or not...
D/Sensors ( 1866): Or not...
D/Sensors ( 1866): Or not...
D/Sensors ( 1866): Or not...
D/Sensors ( 1866): Or not...
I/ShutdownThread( 1866): Sending shutdown broadcast...
W/SyncManager( 1866): Writing sync state before shutdown...
D/Sensors ( 1866): Or not...
D/Sensors ( 1866): Or not...
D/dalvikvm( 2410): GC_EXPLICIT freed 2038 objects / 109640 bytes in 382ms
D/Sensors ( 1866): Or not...
D/Sensors ( 1866): Or not...
I/ShutdownThread( 1866): Shutting down activity manager...
W/UsageStats( 1866): Writing usage stats before shutdown...
I/wpa_supplicant( 2432): CTRL-EVENT-SCAN-RESULTS  Ready
D/Sensors ( 1866): Or not...
D/Sensors ( 1866): Or not...
W/BatteryStats( 1866): Writing battery stats before shutdown...
D/Sensors ( 1866): Or not...
D/Sensors ( 1866): Or not...
W/ShutdownThread( 1866): Turning off radio...
I/ShutdownThread( 1866): Waiting for Bluetooth and Radio...
D/Sensors ( 1866): Or not...
D/Sensors ( 1866): Or not...
D/Sensors ( 1866): Or not...
D/Sensors ( 1866): Or not...
D/Sensors ( 1866): Or not...
D/Sensors ( 1866): Or not...
D/Sensors ( 1866): Or not...
D/Sensors ( 1866): Or not...
D/Sensors ( 1866): Or not...
D/Sensors ( 1866): Or not...
D/Sensors ( 1866): Or not...
D/Sensors ( 1866): Or not...
D/Sensors ( 1866): Or not...
D/Sensors ( 1866): Or not...
D/Sensors ( 1866): Or not...
D/Sensors ( 1866): Or not...
D/Sensors ( 1866): Or not...
D/Sensors ( 1866): Or not...
D/Sensors ( 1866): Or not...
D/Sensors ( 1866): Or not...
D/Sensors ( 1866): Or not...
D/Sensors ( 1866): Or not...
D/Sensors ( 1866): Or not...
D/Sensors ( 1866): Or not...
D/Sensors ( 1866): Or not...
D/Sensors ( 1866): Or not...
D/Sensors ( 1866): Or not...
D/Sensors ( 1866): Or not...
D/Sensors ( 1866): Or not...
D/Sensors ( 1866): Or not...
D/Sensors ( 1866): Or not...
D/Sensors ( 1866): Or not...
D/Sensors ( 1866): Or not...
D/Sensors ( 1866): Or not...
D/Sensors ( 1866): Or not...
D/Sensors ( 1866): Or not...
D/Sensors ( 1866): Or not...
D/Sensors ( 1866): Or not...
D/Sensors ( 1866): Or not...
D/Sensors ( 1866): Or not...
D/Sensors ( 1866): Or not...
D/Sensors ( 1866): Or not...
D/Sensors ( 1866): Or not...
D/Sensors ( 1866): Or not...
D/Sensors ( 1866): Or not...
D/Sensors ( 1866): Or not...
D/Sensors ( 1866): Or not...
D/Sensors ( 1866): Or not...
D/Sensors ( 1866): Or not...
D/Sensors ( 1866): Or not...
I/wpa_supplicant( 2432): CTRL-EVENT-SCAN-RESULTS  Ready
I/wpa_supplicant( 2432): Trying to associate with 00:15:6d:fe:4a:84 (SSID='SON SEA POOL' freq=2412 MHz)
I/wpa_supplicant( 2432): CTRL-EVENT-STATE-CHANGE id=-1 state=3
D/Sensors ( 1866): Or not...
D/Sensors ( 1866): Or not...
V/WifiMonitor( 1866): Event [Trying to associate with 00:15:6d:fe:4a:84 (SSID='SON SEA POOL' freq=2412 MHz)]
V/WifiMonitor( 1866): Event [CTRL-EVENT-STATE-CHANGE id=-1 state=3]
V/WifiStateTracker( 1866): Changing supplicant state: SCANNING ==> ASSOCIATING
D/NetworkStateTracker( 1866): setDetailed state, old =DISCONNECTED and new state=CONNECTING
D/ConnectivityService( 1866): ConnectivityChange for WIFI: CONNECTING/CONNECTING
D/Sensors ( 1866): Or not...
D/Sensors ( 1866): Or not...
D/Sensors ( 1866): Or not...
D/Sensors ( 1866): Or not...
D/Sensors ( 1866): Or not...
D/Sensors ( 1866): Or not...
D/Sensors ( 1866): Or not...
D/Sensors ( 1866): Or not...
D/Sensors ( 1866): Or not...
D/Sensors ( 1866): Or not...
D/Sensors ( 1866): Or not...
D/Sensors ( 1866): Or not...
D/Sensors ( 1866): Or not...
D/Sensors ( 1866): Or not...
D/Sensors ( 1866): Or not...
D/Sensors ( 1866): Or not...
D/Sensors ( 1866): Or not...
D/Sensors ( 1866): Or not...
D/Sensors ( 1866): Or not...
D/Sensors ( 1866): Or not...
D/Sensors ( 1866): Or not...
D/Sensors ( 1866): Or not...
D/Sensors ( 1866): Or not...
D/Sensors ( 1866): Or not...
I/ShutdownThread( 1866): Shutting down MountService
I/MountService( 1866): Shutting down
W/ShutdownThread( 1866): Result code 0 from MountService.shutdown
D/Sensors ( 1866): Or not...
D/Sensors ( 1866): Or not...
D/Sensors ( 1866): Or not...
D/Sensors ( 1866): Or not...
D/Sensors ( 1866): Or not...
D/Sensors ( 1866): Or not...
I/ShutdownThread( 1866): Performing low-level shutdown...
D/Sensors ( 1866): Or not...
D/Sensors ( 1866): Or not...
D/Sensors ( 1866): Or not...
D/Sensors ( 1866): Or not...
D/Sensors ( 1866): Or not...
D/Sensors ( 1866): Or not...
